Component: ARM Compiler 5.06 update 7 (build 960) Tool: armlink [4d3601]

==============================================================================

Section Cross References

    main.o(.text) refers to strlen.o(.text) for strlen
    main.o(.text) refers to drv_bsp.o(.text) for All_Init
    main.o(.text) refers to drv_sys.o(.text) for MyDelayMs
    main.o(.text) refers to stm32f4xx_gpio.o(.text) for GPIO_SetBits
    main.o(.text) refers to ano_scheduler.o(.text) for Scheduler_Setup
    main.o(.text) refers to main.o(.data) for Send_Count
    main.o(.text) refers to main.o(.bss) for DataScope_OutPut_Buffer_xm
    ano_scheduler.o(.text) refers to dflti.o(.text) for __aeabi_i2d
    ano_scheduler.o(.text) refers to dmul.o(.text) for __aeabi_dmul
    ano_scheduler.o(.text) refers to ddiv.o(.text) for __aeabi_ddiv
    ano_scheduler.o(.text) refers to dfixi.o(.text) for __aeabi_d2iz
    ano_scheduler.o(.text) refers to user_task.o(.text) for UserTask_task_one
    ano_scheduler.o(.text) refers to drv_sys.o(.text) for GetSysRunTimeMs
    ano_scheduler.o(.text) refers to drv_timer.o(.data) for end_dis_front_flag
    ano_scheduler.o(.text) refers to ano_scheduler.o(.data) for dis_front_cm
    ano_scheduler.o(.text) refers to user_task.o(.data) for transition
    ano_scheduler.o(.data) refers to ano_scheduler.o(.text) for Loop_1000Hz
    user_task.o(.text) refers to _scanf_str.o(.text) for _scanf_string
    user_task.o(.text) refers to scanf_fp.o(.text) for _scanf_real
    user_task.o(.text) refers to stm32f4xx_rcc.o(.text) for RCC_APB1PeriphClockCmd
    user_task.o(.text) refers to stm32f4xx_gpio.o(.text) for GPIO_PinAFConfig
    user_task.o(.text) refers to stm32f4xx_tim.o(.text) for TIM_TimeBaseInit
    user_task.o(.text) refers to misc.o(.text) for NVIC_Init
    user_task.o(.text) refers to dflti.o(.text) for __aeabi_i2d
    user_task.o(.text) refers to cdcmple.o(.text) for __aeabi_cdcmple
    user_task.o(.text) refers to f2d.o(.text) for __aeabi_f2d
    user_task.o(.text) refers to dadd.o(.text) for __aeabi_dsub
    user_task.o(.text) refers to dmul.o(.text) for __aeabi_dmul
    user_task.o(.text) refers to d2f.o(.text) for __aeabi_d2f
    user_task.o(.text) refers to ano_lx.o(.bss) for rt_tar
    user_task.o(.text) refers to user_task.o(.data) for fly_mode
    user_task.o(.text) refers to ano_dt_lx.o(.bss) for dt
    user_task.o(.text) refers to ano_dt_lx.o(.data) for three_yaw_xm
    user_task.o(.text) refers to ks103.o(.data) for sum_x_aa
    user_task.o(.text) refers to ano_scheduler.o(.data) for dis_front_cm
    user_task.o(.text) refers to ano_dt_lx.o(.text) for LxStringSend
    user_task.o(.text) refers to printf1.o(i.__0sprintf$1) for __2sprintf
    user_task.o(.text) refers to strlen.o(.text) for strlen
    user_task.o(.text) refers to main.o(.text) for speak_context
    user_task.o(.text) refers to main.o(.data) for buf1
    user_task.o(.text) refers to memseta.o(.text) for __aeabi_memclr4
    user_task.o(.text) refers to cdrcmple.o(.text) for __aeabi_cdrcmple
    user_task.o(.text) refers to __0sscanf.o(.text) for __0sscanf
    user_task.o(.text) refers to drv_uart.o(.text) for DrvUart2SendBuf
    user_task.o(.text) refers to drv_sys.o(.text) for MyDelayUs
    user_task.o(.text) refers to lx_fc_fun.o(.text) for OneKey_Land
    user_task.o(.text) refers to drv_uart.o(.data) for rx_end_flag
    user_task.o(.text) refers to drv_uart.o(.bss) for rx_buff
    user_task.o(.text) refers to user_task.o(.bss) for qr_add_arr
    user_task.o(.text) refers to drv_bsp.o(.bss) for rc_in
    ano_dt_lx.o(.text) refers to drv_uart.o(.text) for DrvUart5SendBuf
    ano_dt_lx.o(.text) refers to ano_dt_lx.o(.bss) for dt
    ano_dt_lx.o(.text) refers to ano_lx.o(.bss) for pwm_to_esc
    ano_dt_lx.o(.text) refers to drv_led.o(.data) for led
    ano_dt_lx.o(.text) refers to lx_fc_state.o(.bss) for fc_sta
    ano_dt_lx.o(.text) refers to ano_dt_lx.o(.data) for alt_fu_xm
    ano_dt_lx.o(.text) refers to strlen.o(.text) for strlen
    ano_dt_lx.o(.text) refers to main.o(.data) for station_buf1
    ano_dt_lx.o(.text) refers to ano_lx.o(.data) for fc_bat
    ano_dt_lx.o(.text) refers to lx_fc_ext_sensor.o(.bss) for ext_sens
    ano_dt_lx.o(.text) refers to drv_bsp.o(.bss) for rc_in
    ano_lx.o(.text) refers to lx_fc_fun.o(.text) for LX_Change_Mode
    ano_lx.o(.text) refers to ano_math.o(.text) for my_deadzone
    ano_lx.o(.text) refers to drv_pwmout.o(.text) for DrvMotorPWMSet
    ano_lx.o(.text) refers to drv_adc.o(.text) for Drv_AdcGetBatVot
    ano_lx.o(.text) refers to drv_bsp.o(.bss) for rc_in
    ano_lx.o(.text) refers to ano_lx.o(.data) for mod_f
    ano_lx.o(.text) refers to lx_fc_state.o(.data) for sti_fun
    ano_lx.o(.text) refers to ano_lx.o(.bss) for rt_tar
    ano_lx.o(.text) refers to ano_dt_lx.o(.bss) for dt
    ano_lx.o(.text) refers to lx_fc_state.o(.bss) for fc_sta
    ano_lx.o(.text) refers to drv_bsp.o(.text) for DrvRcInputTask
    ano_lx.o(.text) refers to lx_fc_state.o(.text) for LX_FC_State_Task
[...]
    LxStringSend                             0x080034db   Thumb Code    48  ano_dt_lx.o(.text)
    ANO_LX_Data_Exchange_Task                0x080035bb   Thumb Code    82  ano_dt_lx.o(.text)
    ANO_LX_Task                              0x08003ad5   Thumb Code   144  ano_lx.o(.text)
    LX_FC_EXT_Sensor_Task                    0x08003b71   Thumb Code    78  lx_fc_ext_sensor.o(.text)
    FC_Unlock                                0x08003c55   Thumb Code    56  lx_fc_fun.o(.text)
    FC_Lock                                  0x08003c8d   Thumb Code    56  lx_fc_fun.o(.text)
    LX_Change_Mode                           0x08003cc5   Thumb Code    80  lx_fc_fun.o(.text)
    OneKey_Return_Home                       0x08003d15   Thumb Code    50  lx_fc_fun.o(.text)
    OneKey_Takeoff                           0x08003d47   Thumb Code    66  lx_fc_fun.o(.text)
    OneKey_hover                             0x08003d89   Thumb Code    50  lx_fc_fun.o(.text)
    OneKey_Land                              0x08003dbb   Thumb Code    50  lx_fc_fun.o(.text)
    target_altituded                         0x08003ded   Thumb Code    82  lx_fc_fun.o(.text)
    target_location                          0x08003e3f   Thumb Code   114  lx_fc_fun.o(.text)
    Horizontal_Move                          0x08003eb1   Thumb Code    98  lx_fc_fun.o(.text)
    Lifting_Height                           0x08003f13   Thumb Code    82  lx_fc_fun.o(.text)
    Falling_Head                             0x08003f65   Thumb Code    80  lx_fc_fun.o(.text)
    Rotate                                   0x08003fb5   Thumb Code    82  lx_fc_fun.o(.text)
    Horizontal_Calibrate                     0x08004007   Thumb Code    62  lx_fc_fun.o(.text)
    Mag_Calibrate                            0x08004045   Thumb Code    50  lx_fc_fun.o(.text)
    ACC_Calibrate                            0x08004077   Thumb Code    50  lx_fc_fun.o(.text)
    GYR_Calibrate                            0x080040a9   Thumb Code    50  lx_fc_fun.o(.text)
    LX_Cali_Trig_Check                       0x08004297   Thumb Code   150  lx_fc_state.o(.text)
    LX_FC_State_Task                         0x0800432d   Thumb Code    26  lx_fc_state.o(.text)
    DrvRcInputInit                           0x08004365   Thumb Code    16  drv_bsp.o(.text)
    All_Init                                 0x08004375   Thumb Code   142  drv_bsp.o(.text)
    DrvPpmGetOneCh                           0x08004403   Thumb Code    92  drv_bsp.o(.text)
    DrvSbusGetOneByte                        0x0800445f   Thumb Code   560  drv_bsp.o(.text)
    DrvRcInputTask                           0x08004737   Thumb Code   296  drv_bsp.o(.text)
    my_abs                                   0x0800486d   Thumb Code    26  ano_math.o(.text)
    fast_atan2                               0x08004887   Thumb Code   350  ano_math.o(.text)
    my_atan                                  0x080049e5   Thumb Code    24  ano_math.o(.text)
    my_sqrt_reciprocal                       0x080049fd   Thumb Code    76  ano_math.o(.text)
    my_sqrt                                  0x08004a49   Thumb Code    20  ano_math.o(.text)
    mx_sin                                   0x08004a5d   Thumb Code   292  ano_math.o(.text)
    my_sin                                   0x08004b81   Thumb Code   108  ano_math.o(.text)
    my_cos                                   0x08004bed   Thumb Code   136  ano_math.o(.text)
    my_deadzone                              0x08004c75   Thumb Code   152  ano_math.o(.text)
    my_deadzone_2                            0x08004d0d   Thumb Code    48  ano_math.o(.text)
    my_HPF                                   0x08004d3d   Thumb Code   346  ano_math.o(.text)
    To_180_degrees_db                        0x08004e97   Thumb Code   108  ano_math.o(.text)
    length_limit                             0x08004f03   Thumb Code   140  ano_math.o(.text)
    fifo                                     0x08004f8f   Thumb Code    42  ano_math.o(.text)
    rot_vec_2                                0x08004fb9   Thumb Code    84  ano_math.o(.text)
    vec_2_cross_product                      0x0800500d   Thumb Code    26  ano_math.o(.text)
    vec_2_dot_product                        0x08005027   Thumb Code    26  ano_math.o(.text)
    vec_3_cross_product_err_sinx             0x08005041   Thumb Code    86  ano_math.o(.text)
    vec_3_dot_product                        0x08005097   Thumb Code    38  ano_math.o(.text)
    AnoOF_Check_State                        0x080050e9   Thumb Code   180  drv_anoof.o(.text)
    AnoOF_GetOneByte                         0x08005309   Thumb Code   252  drv_anoof.o(.text)
    GPS_Data_Prepare_Task                    0x08005429   Thumb Code   306  drv_ubloxgps.o(.text)
    GPS_Rate_H                               0x0800555b   Thumb Code    12  drv_ubloxgps.o(.text)
    GPS_Rate_L                               0x08005567   Thumb Code    12  drv_ubloxgps.o(.text)
    Init_GPS                                 0x08005573   Thumb Code   196  drv_ubloxgps.o(.text)
    UBLOX_M8_GPS_Data_Receive                0x08005637   Thumb Code   328  drv_ubloxgps.o(.text)
    Float2Byte                               0x080057d1   Thumb Code    28  datascope_dp.o(.text)
    DataScope_Get_Channel_Data               0x080057ed   Thumb Code   162  datascope_dp.o(.text)
    DataScope_Get_Channel_Data2              0x0800588f   Thumb Code   162  datascope_dp.o(.text)
    DataScope_Get_Channel_Data3              0x08005931   Thumb Code   162  datascope_dp.o(.text)
    DataScope_Data_Generate                  0x080059d3   Thumb Code   148  datascope_dp.o(.text)
    DataScope_Data_Generate2                 0x08005a67   Thumb Code   116  datascope_dp.o(.text)
    DataScope_Data_Generate3                 0x08005adb   Thumb Code   116  datascope_dp.o(.text)
    NMI_Handler                              0x08005b59   Thumb Code     2  stm32f4xx_it.o(.text)
    MemManage_Handler                        0x08005b5b   Thumb Code     4  stm32f4xx_it.o(.text)
    BusFault_Handler                         0x08005b5f   Thumb Code     4  stm32f4xx_it.o(.text)
    UsageFault_Handler                       0x08005b63   Thumb Code     4  stm32f4xx_it.o(.text)
    SVC_Handler                              0x08005b67   Thumb Code     2  stm32f4xx_it.o(.text)
    DebugMon_Handler                         0x08005b69   Thumb Code     2  stm32f4xx_it.o(.text)
    EXTI9_5_IRQHandler                       0x08005b6b   Thumb Code    18  stm32f4xx_it.o(.text)
    TIM3_IRQHandler                          0x08005b7d   Thumb Code     8  stm32f4xx_it.o(.text)
    TIM4_IRQHandler                          0x08005b85   Thumb Code    48  stm32f4xx_it.o(.text)
    TIM7_IRQHandler                          0x08005bb5   Thumb Code    26  stm32f4xx_it.o(.text)
    USART1_IRQHandler                        0x08005bcf   Thumb Code     8  stm32f4xx_it.o(.text)
    USART2_IRQHandler                        0x08005bd7   Thumb Code     8  stm32f4xx_it.o(.text)
    USART3_IRQHandler                        0x08005bdf   Thumb Code     8  stm32f4xx_it.o(.text)
    UART4_IRQHandler                         0x08005be7   Thumb Code     8  stm32f4xx_it.o(.text)
    UART5_IRQHandler                         0x08005bef   Thumb Code     8  stm32f4xx_it.o(.text)
    USART6_IRQHandler                        0x08005bf7   Thumb Code     8  stm32f4xx_it.o(.text)
    SysTick_Init                             0x08005c09   Thumb Code   100  drv_sys.o(.text)
    SysTick_Handler                          0x08005c6d   Thumb Code    20  drv_sys.o(.text)
    GetSysRunTimeMs                          0x08005c81   Thumb Code     6  drv_sys.o(.text)
    GetSysRunTimeUs                          0x08005c87   Thumb Code    62  drv_sys.o(.text)
    MyDelayUs                                0x08005cc5   Thumb Code    24  drv_sys.o(.text)
    MyDelayMs                                0x08005cdd   Thumb Code    24  drv_sys.o(.text)
    DrvSysInit                               0x08005cf5   Thumb Code    16  drv_sys.o(.text)
    DrvAdcInit                               0x08005d7d   Thumb Code   168  drv_adc.o(.text)
    Drv_AdcGetBatVot                         0x08005e25   Thumb Code    92  drv_adc.o(.text)
    DvrLedInit                               0x08005ea5   Thumb Code   178  drv_led.o(.text)
    LED_On_Off                               0x08005f57   Thumb Code    82  drv_led.o(.text)
    LED_1ms_DRV                              0x08005fa9   Thumb Code    78  drv_led.o(.text)
    DrvPwmOutInit                            0x08006009   Thumb Code   742  drv_pwmout.o(.text)
    DrvMotorPWMSet                           0x080062ef   Thumb Code   112  drv_pwmout.o(.text)
    DrvRcPpmInit                             0x08006385   Thumb Code   176  drv_rcin.o(.text)
    PPM_IRQH                                 0x08006435   Thumb Code    82  drv_rcin.o(.text)
    DrvRcSbusInit                            0x08006487   Thumb Code   166  drv_rcin.o(.text)
    Sbus_IRQH                                0x0800652d   Thumb Code    40  drv_rcin.o(.text)
    TIM_CONF                                 0x08006569   Thumb Code    80  drv_timer.o(.text)
    TIM_NVIC                                 0x080065b9   Thumb Code    32  drv_timer.o(.text)
    DrvTimerFcInit                           0x080065d9   Thumb Code    24  drv_timer.o(.text)
    TIM2_Int_Init                            0x080065f1   Thumb Code    90  drv_timer.o(.text)
    handle_front_sonix                       0x0800664b   Thumb Code    72  drv_timer.o(.text)
    handle_tail_sonix                        0x08006693   Thumb Code    72  drv_timer.o(.text)
    TIM2_IRQHandler                          0x080066db   Thumb Code    20  drv_timer.o(.text)
    NoUse                                    0x08006715   Thumb Code     2  drv_uart.o(.text)
    DrvUart1Init                             0x08006717   Thumb Code   214  drv_uart.o(.text)
    clc_first_frame_com1                     0x080067ed   Thumb Code    48  drv_uart.o(.text)
    DrvUart1SendBuf                          0x0800681d   Thumb Code    60  drv_uart.o(.text)
    drvU1GetByte                             0x08006859   Thumb Code    32  drv_uart.o(.text)
    drvU1DataCheck                           0x08006879   Thumb Code    52  drv_uart.o(.text)
    Usart1_IRQ                               0x080068ad   Thumb Code   324  drv_uart.o(.text)
    DrvUart2Init                             0x080069f1   Thumb Code   202  drv_uart.o(.text)
    DrvUart2SendBuf                          0x08006abb   Thumb Code    62  drv_uart.o(.text)
    drvU2GetByte                             0x08006af9   Thumb Code    32  drv_uart.o(.text)
    drvU2DataCheck                           0x08006b19   Thumb Code   132  drv_uart.o(.text)
    clc_first_frame_xm                       0x08006b9d   Thumb Code    48  drv_uart.o(.text)
    clc_second_frame_xm                      0x08006bcd   Thumb Code    40  drv_uart.o(.text)
    Usart2_IRQ                               0x08006bf5   Thumb Code   334  drv_uart.o(.text)
    DrvUart3Init                             0x08006d43   Thumb Code   208  drv_uart.o(.text)
    DrvUart3SendBuf                          0x08006e13   Thumb Code    62  drv_uart.o(.text)
    drvU3GetByte                             0x08006e51   Thumb Code    32  drv_uart.o(.text)
    drvU3DataCheck                           0x08006e71   Thumb Code    52  drv_uart.o(.text)
    clc_first_frame                          0x08006ea5   Thumb Code    90  drv_uart.o(.text)
    clc_second_frame                         0x08006eff   Thumb Code    40  drv_uart.o(.text)
    Usart3_IRQ                               0x08006f27   Thumb Code  1266  drv_uart.o(.text)
    DrvUart4Init                             0x08007419   Thumb Code   200  drv_uart.o(.text)
    DrvUart4SendBuf                          0x080074e1   Thumb Code    62  drv_uart.o(.text)
    drvU4GetByte                             0x0800751f   Thumb Code    32  drv_uart.o(.text)
    drvU4DataCheck                           0x0800753f   Thumb Code    52  drv_uart.o(.text)
    Uart4_IRQ                                0x08007573   Thumb Code   120  drv_uart.o(.text)
    DrvUart5Init                             0x080075eb   Thumb Code   214  drv_uart.o(.text)
    DrvUart5SendBuf                          0x080076c1   Thumb Code    60  drv_uart.o(.text)
    drvU5GetByte                             0x080076fd   Thumb Code    32  drv_uart.o(.text)
    drvU5DataCheck                           0x0800771d   Thumb Code    52  drv_uart.o(.text)
    Uart5_IRQ                                0x08007751   Thumb Code   110  drv_uart.o(.text)
    DrvUartDataCheck                         0x080077bf   Thumb Code    24  drv_uart.o(.text)
    SDA_IN                                   0x0800781d   Thumb Code    28  i2c_init.o(.text)
    SDA_OUT                                  0x08007839   Thumb Code    40  i2c_init.o(.text)
    SW_I2C_Init                              0x08007861   Thumb Code   282  i2c_init.o(.text)
    IIC_Start                                0x0800797b   Thumb Code    46  i2c_init.o(.text)
    IIC_Stop                                 0x080079a9   Thumb Code    48  i2c_init.o(.text)
    IIC_Wait_Ack                             0x080079d9   Thumb Code    72  i2c_init.o(.text)
    IIC_Ack                                  0x08007a21   Thumb Code    52  i2c_init.o(.text)
    IIC_NAck                                 0x08007a55   Thumb Code    52  i2c_init.o(.text)
    IIC_Send_Byte                            0x08007a89   Thumb Code    86  i2c_init.o(.text)
    IIC_Read_Byte                            0x08007adf   Thumb Code    82  i2c_init.o(.text)
    Single_WriteI2C                          0x08007b45   Thumb Code    48  ks103.o(.text)
    Single_ReadI2C                           0x08007b75   Thumb Code    70  ks103.o(.text)
    Read_KS10X_Data                          0x08007bbb   Thumb Code   160  ks103.o(.text)
    Read_KS10X_Data_delay                    0x08007c5b   Thumb Code   222  ks103.o(.text)
    Change_Addr                              0x08007d39   Thumb Code    88  ks103.o(.text)
    KS10X_Change_Addr_Init                   0x08007d91   Thumb Code    22  ks103.o(.text)
    Reset_Handler                            0x08007dc9   Thumb Code     8  startup_stm32f4xx.o(.text)
    HardFault_Handler                        0x08007dd3   Thumb Code     2  startup_stm32f4xx.o(.text)
    PendSV_Handler                           0x08007ddf   Thumb Code     2  startup_stm32f4xx.o(.text)
    ADC_IRQHandler                           0x08007de3   Thumb Code     0  startup_stm32f4xx.o(.text)
    CAN1_RX0_IRQHandler                      0x08007de3   Thumb Code     0  startup_stm32f4xx.o(.text)
    CAN1_RX1_IRQHandler                      0x08007de3   Thumb Code     0  startup_stm32f4xx.o(.text)
    CAN1_SCE_IRQHandler                      0x08007de3   Thumb Code     0  startup_stm32f4xx.o(.text)
    CAN1_TX_IRQHandler                       0x08007de3   Thumb Code     0  startup_stm32f4xx.o(.text)
    CAN2_RX0_IRQHandler                      0x08007de3   Thumb Code     0  startup_stm32f4xx.o(.text)
    CAN2_RX1_IRQHandler                      0x08007de3   Thumb Code     0  startup_stm32f4xx.o(.text)
    CAN2_SCE_IRQHandler                      0x08007de3   Thumb Code     0  startup_stm32f4xx.o(.text)
    CAN2_TX_IRQHandler                       0x08007de3   Thumb Code     0  startup_stm32f4xx.o(.text)
    CRYP_IRQHandler                          0x08007de3   Thumb Code     0  startup_stm32f4xx.o(.text)
    DCMI_IRQHandler                          0x08007de3   Thumb Code     0  startup_stm32f4xx.o(.text)
    DMA1_Stream0_IRQHandler                  0x08007de3   Thumb Code     0  startup_stm32f4xx.o(.text)
    DMA1_Stream1_IRQHandler                  0x08007de3   Thumb Code     0  startup_stm32f4xx.o(.text)
    DMA1_Stream2_IRQHandler                  0x08007de3   Thumb Code     0  startup_stm32f4xx.o(.text)
    DMA1_Stream3_IRQHandler                  0x08007de3   Thumb Code     0  startup_stm32f4xx.o(.text)
    DMA1_Stream4_IRQHandler                  0x08007de3   Thumb Code     0  startup_stm32f4xx.o(.text)
    DMA1_Stream5_IRQHandler                  0x08007de3   Thumb Code     0  startup_stm32f4xx.o(.text)
    DMA1_Stream6_IRQHandler                  0x08007de3   Thumb Code     0  startup_stm32f4xx.o(.text)
    DMA1_Stream7_IRQHandler                  0x08007de3   Thumb Code     0  startup_stm32f4xx.o(.text)
    DMA2_Stream0_IRQHandler                  0x08007de3   Thumb Code     0  startup_stm32f4xx.o(.text)
    DMA2_Stream1_IRQHandler                  0x08007de3   Thumb Code     0  startup_stm32f4xx.o(.text)
    DMA2_Stream2_IRQHandler                  0x08007de3   Thumb Code     0  startup_stm32f4xx.o(.text)
    DMA2_Stream3_IRQHandler                  0x08007de3   Thumb Code     0  startup_stm32f4xx.o(.text)
    DMA2_Stream4_IRQHandler                  0x08007de3   Thumb Code     0  startup_stm32f4xx.o(.text)
    DMA2_Stream5_IRQHandler                  0x08007de3   Thumb Code     0  startup_stm32f4xx.o(.text)
    DMA2_Stream6_IRQHandler                  0x08007de3   Thumb Code     0  startup_stm32f4xx.o(.text)
    DMA2_Stream7_IRQHandler                  0x08007de3   Thumb Code     0  startup_stm32f4xx.o(.text)
    ETH_IRQHandler                           0x08007de3   Thumb Code     0  startup_stm32f4xx.o(.text)
    ETH_WKUP_IRQHandler                      0x08007de3   Thumb Code     0  startup_stm32f4xx.o(.text)
    EXTI0_IRQHandler                         0x08007de3   Thumb Code     0  startup_stm32f4xx.o(.text)
    EXTI15_10_IRQHandler                     0x08007de3   Thumb Code     0  startup_stm32f4xx.o(.text)
    EXTI1_IRQHandler                         0x08007de3   Thumb Code     0  startup_stm32f4xx.o(.text)
    EXTI2_IRQHandler                         0x08007de3   Thumb Code     0  startup_stm32f4xx.o(.text)
    EXTI3_IRQHandler                         0x08007de3   Thumb Code     0  startup_stm32f4xx.o(.text)
    EXTI4_IRQHandler                         0x08007de3   Thumb Code     0  startup_stm32f4xx.o(.text)
    FLASH_IRQHandler                         0x08007de3   Thumb Code     0  startup_stm32f4xx.o(.text)
    FPU_IRQHandler                           0x08007de3   Thumb Code     0  startup_stm32f4xx.o(.text)
    FSMC_IRQHandler                          0x08007de3   Thumb Code     0  startup_stm32f4xx.o(.text)
    HASH_RNG_IRQHandler                      0x08007de3   Thumb Code     0  startup_stm32f4xx.o(.text)
    I2C1_ER_IRQHandler                       0x08007de3   Thumb Code     0  startup_stm32f4xx.o(.text)
    I2C1_EV_IRQHandler                       0x08007de3   Thumb Code     0  startup_stm32f4xx.o(.text)
    I2C2_ER_IRQHandler                       0x08007de3   Thumb Code     0  startup_stm32f4xx.o(.text)
    I2C2_EV_IRQHandler                       0x08007de3   Thumb Code     0  startup_stm32f4xx.o(.text)
    I2C3_ER_IRQHandler                       0x08007de3   Thumb Code     0  startup_stm32f4xx.o(.text)
    I2C3_EV_IRQHandler                       0x08007de3   Thumb Code     0  startup_stm32f4xx.o(.text)
    OTG_FS_IRQHandler                        0x08007de3   Thumb Code     0  startup_stm32f4xx.o(.text)
    OTG_FS_WKUP_IRQHandler                   0x08007de3   Thumb Code     0  startup_stm32f4xx.o(.text)
    OTG_HS_EP1_IN_IRQHandler                 0x08007de3   Thumb Code     0  startup_stm32f4xx.o(.text)
    OTG_HS_EP1_OUT_IRQHandler                0x08007de3   Thumb Code     0  startup_stm32f4xx.o(.text)
    OTG_HS_IRQHandler                        0x08007de3   Thumb Code     0  startup_stm32f4xx.o(.text)
    OTG_HS_WKUP_IRQHandler                   0x08007de3   Thumb Code     0  startup_stm32f4xx.o(.text)
    PVD_IRQHandler                           0x08007de3   Thumb Code     0  startup_stm32f4xx.o(.text)
    RCC_IRQHandler                           0x08007de3   Thumb Code     0  startup_stm32f4xx.o(.text)
    RTC_Alarm_IRQHandler                     0x08007de3   Thumb Code     0  startup_stm32f4xx.o(.text)
    RTC_WKUP_IRQHandler                      0x08007de3   Thumb Code     0  startup_stm32f4xx.o(.text)
    SDIO_IRQHandler                          0x08007de3   Thumb Code     0  startup_stm32f4xx.o(.text)
    SPI1_IRQHandler                          0x08007de3   Thumb Code     0  startup_stm32f4xx.o(.text)
    SPI2_IRQHandler                          0x08007de3   Thumb Code     0  startup_stm32f4xx.o(.text)
    SPI3_IRQHandler                          0x08007de3   Thumb Code     0  startup_stm32f4xx.o(.text)
    TAMP_STAMP_IRQHandler                    0x08007de3   Thumb Code     0  startup_stm32f4xx.o(.text)
    TIM1_BRK_TIM9_IRQHandler                 0x08007de3   Thumb Code     0  startup_stm32f4xx.o(.text)
    TIM1_CC_IRQHandler                       0x08007de3   Thumb Code     0  startup_stm32f4xx.o(.text)
    TIM1_TRG_COM_TIM11_IRQHandler            0x08007de3   Thumb Code     0  startup_stm32f4xx.o(.text)
    TIM1_UP_TIM10_IRQHandler                 0x08007de3   Thumb Code     0  startup_stm32f4xx.o(.text)
    TIM5_IRQHandler                          0x08007de3   Thumb Code     0  startup_stm32f4xx.o(.text)
    TIM6_DAC_IRQHandler                      0x08007de3   Thumb Code     0  startup_stm32f4xx.o(.text)
    TIM8_BRK_TIM12_IRQHandler                0x08007de3   Thumb Code     0  startup_stm32f4xx.o(.text)
    TIM8_CC_IRQHandler                       0x08007de3   Thumb Code     0  startup_stm32f4xx.o(.text)
    TIM8_TRG_COM_TIM14_IRQHandler            0x08007de3   Thumb Code     0  startup_stm32f4xx.o(.text)
    TIM8_UP_TIM13_IRQHandler                 0x08007de3   Thumb Code     0  startup_stm32f4xx.o(.text)
    WWDG_IRQHandler                          0x08007de3   Thumb Code     0  startup_stm32f4xx.o(.text)
    SystemInit                               0x08007ec9   Thumb Code    88  system_stm32f4xx.o(.text)
    SystemCoreClockUpdate                    0x08007f21   Thumb Code   174  system_stm32f4xx.o(.text)
    NVIC_PriorityGroupConfig                 0x08007ffd   Thumb Code    54  misc.o(.text)
    NVIC_Init                                0x08008033   Thumb Code   164  misc.o(.text)
    NVIC_SetVectorTable                      0x080080d7   Thumb Code    60  misc.o(.text)
    NVIC_SystemLPConfig                      0x08008113   Thumb Code    78  misc.o(.text)
    SysTick_CLKSourceConfig                  0x08008161   Thumb Code    62  misc.o(.text)
    ADC_DeInit                               0x080081bd   Thumb Code    22  stm32f4xx_adc.o(.text)
    ADC_Init                                 0x080081d3   Thumb Code   402  stm32f4xx_adc.o(.text)
    ADC_StructInit                           0x08008365   Thumb Code    20  stm32f4xx_adc.o(.text)
    ADC_CommonInit                           0x08008379   Thumb Code   342  stm32f4xx_adc.o(.text)
    ADC_CommonStructInit                     0x080084cf   Thumb Code    12  stm32f4xx_adc.o(.text)
    ADC_Cmd                                  0x080084db   Thumb Code    76  stm32f4xx_adc.o(.text)
    ADC_AnalogWatchdogCmd                    0x08008527   Thumb Code   102  stm32f4xx_adc.o(.text)
    ADC_AnalogWatchdogThresholdsConfig       0x0800858d   Thumb Code   126  stm32f4xx_adc.o(.text)
    ADC_AnalogWatchdogSingleChannelConfig    0x0800860b   Thumb Code   136  stm32f4xx_adc.o(.text)
    ADC_TempSensorVrefintCmd                 0x08008693   Thumb Code    56  stm32f4xx_adc.o(.text)
    ADC_VBATCmd                              0x080086cb   Thumb Code    56  stm32f4xx_adc.o(.text)
    ADC_RegularChannelConfig                 0x08008703   Thumb Code   408  stm32f4xx_adc.o(.text)
    ADC_SoftwareStartConv                    0x0800889b   Thumb Code    44  stm32f4xx_adc.o(.text)
    ADC_GetSoftwareStartConvStatus           0x080088c7   Thumb Code    54  stm32f4xx_adc.o(.text)
    ADC_EOCOnEachRegularChannelCmd           0x080088fd   Thumb Code    76  stm32f4xx_adc.o(.text)
    ADC_ContinuousModeCmd                    0x08008949   Thumb Code    76  stm32f4xx_adc.o(.text)
    ADC_DiscModeChannelCountConfig           0x08008995   Thumb Code   100  stm32f4xx_adc.o(.text)
    ADC_DiscModeCmd                          0x080089f9   Thumb Code    76  stm32f4xx_adc.o(.text)
    ADC_GetConversionValue                   0x08008a45   Thumb Code    40  stm32f4xx_adc.o(.text)
    ADC_GetMultiModeConversionValue          0x08008a6d   Thumb Code     6  stm32f4xx_adc.o(.text)
    ADC_DMACmd                               0x08008a73   Thumb Code    76  stm32f4xx_adc.o(.text)
    ADC_DMARequestAfterLastTransferCmd       0x08008abf   Thumb Code    76  stm32f4xx_adc.o(.text)
    ADC_MultiModeDMARequestAfterLastTransferCmd 0x08008b0b   Thumb Code    60  stm32f4xx_adc.o(.text)
    ADC_InjectedChannelConfig                0x08008b47   Thumb Code   332  stm32f4xx_adc.o(.text)
    ADC_InjectedSequencerLengthConfig        0x08008c93   Thumb Code    80  stm32f4xx_adc.o(.text)
    ADC_SetInjectedOffset                    0x08008ce3   Thumb Code   102  stm32f4xx_adc.o(.text)
    ADC_ExternalTrigInjectedConvConfig       0x08008d49   Thumb Code   176  stm32f4xx_adc.o(.text)
    ADC_ExternalTrigInjectedConvEdgeConfig   0x08008df9   Thumb Code    82  stm32f4xx_adc.o(.text)
    ADC_SoftwareStartInjectedConv            0x08008e4b   Thumb Code    44  stm32f4xx_adc.o(.text)
    ADC_GetSoftwareStartInjectedConvCmdStatus 0x08008e77   Thumb Code    54  stm32f4xx_adc.o(.text)
    ADC_AutoInjectedConvCmd                  0x08008ead   Thumb Code    76  stm32f4xx_adc.o(.text)
    ADC_InjectedDiscModeCmd                  0x08008ef9   Thumb Code    76  stm32f4xx_adc.o(.text)
    ADC_GetInjectedConversionValue           0x08008f45   Thumb Code    88  stm32f4xx_adc.o(.text)
    ADC_ITConfig                             0x08008f9d   Thumb Code   130  stm32f4xx_adc.o(.text)
    ADC_GetFlagStatus                        0x0800901f   Thumb Code    90  stm32f4xx_adc.o(.text)
    ADC_ClearFlag                            0x08009079   Thumb Code    62  stm32f4xx_adc.o(.text)
    ADC_GetITStatus                          0x080090b7   Thumb Code   122  stm32f4xx_adc.o(.text)
    ADC_ClearITPendingBit                    0x08009131   Thumb Code    88  stm32f4xx_adc.o(.text)
    DMA_DeInit                               0x08009199   Thumb Code   462  stm32f4xx_dma.o(.text)
    DMA_Init                                 0x08009367   Thumb Code   684  stm32f4xx_dma.o(.text)
    DMA_StructInit                           0x08009613   Thumb Code    34  stm32f4xx_dma.o(.text)
    DMA_Cmd                                  0x08009635   Thumb Code   182  stm32f4xx_dma.o(.text)
    DMA_PeriphIncOffsetSizeConfig            0x080096eb   Thumb Code   184  stm32f4xx_dma.o(.text)
    DMA_FlowControllerConfig                 0x080097a3   Thumb Code   182  stm32f4xx_dma.o(.text)
    DMA_SetCurrDataCounter                   0x08009859   Thumb Code   146  stm32f4xx_dma.o(.text)
    DMA_GetCurrDataCounter                   0x080098eb   Thumb Code   146  stm32f4xx_dma.o(.text)
    DMA_DoubleBufferModeConfig               0x0800997d   Thumb Code   204  stm32f4xx_dma.o(.text)
    DMA_DoubleBufferModeCmd                  0x08009a49   Thumb Code   182  stm32f4xx_dma.o(.text)
    DMA_MemoryTargetConfig                   0x08009aff   Thumb Code   174  stm32f4xx_dma.o(.text)
    DMA_GetCurrentMemoryTarget               0x08009bad   Thumb Code   160  stm32f4xx_dma.o(.text)
    DMA_GetCmdStatus                         0x08009c4d   Thumb Code   160  stm32f4xx_dma.o(.text)
    DMA_GetFIFOStatus                        0x08009ced   Thumb Code   152  stm32f4xx_dma.o(.text)
    DMA_GetFlagStatus                        0x08009d85   Thumb Code   486  stm32f4xx_dma.o(.text)
    DMA_ClearFlag                            0x08009f6b   Thumb Code   216  stm32f4xx_dma.o(.text)
    DMA_ITConfig                             0x0800a043   Thumb Code   238  stm32f4xx_dma.o(.text)
    DMA_GetITStatus                          0x0800a131   Thumb Code   590  stm32f4xx_dma.o(.text)
    DMA_ClearITPendingBit                    0x0800a37f   Thumb Code   216  stm32f4xx_dma.o(.text)
    EXTI_DeInit                              0x0800a501   Thumb Code    28  stm32f4xx_exti.o(.text)
    EXTI_Init                                0x0800a51d   Thumb Code   236  stm32f4xx_exti.o(.text)
    EXTI_StructInit                          0x0800a609   Thumb Code    16  stm32f4xx_exti.o(.text)
    EXTI_GenerateSWInterrupt                 0x0800a619   Thumb Code    38  stm32f4xx_exti.o(.text)
    EXTI_GetFlagStatus                       0x0800a63f   Thumb Code   158  stm32f4xx_exti.o(.text)
    EXTI_ClearFlag                           0x0800a6dd   Thumb Code    30  stm32f4xx_exti.o(.text)
    EXTI_GetITStatus                         0x0800a6fb   Thumb Code   172  stm32f4xx_exti.o(.text)
    EXTI_ClearITPendingBit                   0x0800a7a7   Thumb Code    32  stm32f4xx_exti.o(.text)
    GPIO_DeInit                              0x0800a7d5   Thumb Code   284  stm32f4xx_gpio.o(.text)
    GPIO_Init                                0x0800a8f1   Thumb Code   342  stm32f4xx_gpio.o(.text)
    GPIO_StructInit                          0x0800aa47   Thumb Code    18  stm32f4xx_gpio.o(.text)
    GPIO_PinLockConfig                       0x0800aa59   Thumb Code   122  stm32f4xx_gpio.o(.text)
    GPIO_ReadInputDataBit                    0x0800aad3   Thumb Code   182  stm32f4xx_gpio.o(.text)
    GPIO_ReadInputData                       0x0800ab89   Thumb Code   116  stm32f4xx_gpio.o(.text)
    GPIO_ReadOutputDataBit                   0x0800abfd   Thumb Code   182  stm32f4xx_gpio.o(.text)
    GPIO_ReadOutputData                      0x0800acb3   Thumb Code    76  stm32f4xx_gpio.o(.text)
    GPIO_SetBits                             0x0800acff   Thumb Code    94  stm32f4xx_gpio.o(.text)
    GPIO_ResetBits                           0x0800ad5d   Thumb Code    94  stm32f4xx_gpio.o(.text)
    GPIO_WriteBit                            0x0800adbb   Thumb Code   194  stm32f4xx_gpio.o(.text)
    GPIO_Write                               0x0800ae7d   Thumb Code    76  stm32f4xx_gpio.o(.text)
    GPIO_ToggleBits                          0x0800aec9   Thumb Code    80  stm32f4xx_gpio.o(.text)
    GPIO_PinAFConfig                         0x0800af19   Thumb Code   382  stm32f4xx_gpio.o(.text)
    RCC_DeInit                               0x0800b09d   Thumb Code    60  stm32f4xx_rcc.o(.text)
    RCC_HSEConfig                            0x0800b0d9   Thumb Code    38  stm32f4xx_rcc.o(.text)
    RCC_GetFlagStatus                        0x0800b0ff   Thumb Code   130  stm32f4xx_rcc.o(.text)
    RCC_WaitForHSEStartUp                    0x0800b181   Thumb Code    56  stm32f4xx_rcc.o(.text)
    RCC_AdjustHSICalibrationValue            0x0800b1b9   Thumb Code    38  stm32f4xx_rcc.o(.text)
    RCC_HSICmd                               0x0800b1df   Thumb Code    28  stm32f4xx_rcc.o(.text)
    RCC_LSEConfig                            0x0800b1fb   Thumb Code    72  stm32f4xx_rcc.o(.text)
    RCC_LSICmd                               0x0800b243   Thumb Code    28  stm32f4xx_rcc.o(.text)
    RCC_PLLConfig                            0x0800b25f   Thumb Code   156  stm32f4xx_rcc.o(.text)
    RCC_PLLCmd                               0x0800b2fb   Thumb Code    28  stm32f4xx_rcc.o(.text)
    RCC_PLLI2SConfig                         0x0800b317   Thumb Code    62  stm32f4xx_rcc.o(.text)
    RCC_PLLI2SCmd                            0x0800b355   Thumb Code    28  stm32f4xx_rcc.o(.text)
    RCC_ClockSecuritySystemCmd               0x0800b371   Thumb Code    28  stm32f4xx_rcc.o(.text)
    RCC_MCO1Config                           0x0800b38d   Thumb Code   102  stm32f4xx_rcc.o(.text)
    RCC_MCO2Config                           0x0800b3f3   Thumb Code   102  stm32f4xx_rcc.o(.text)
    RCC_SYSCLKConfig                         0x0800b459   Thumb Code    68  stm32f4xx_rcc.o(.text)
    RCC_GetSYSCLKSource                      0x0800b49d   Thumb Code    10  stm32f4xx_rcc.o(.text)
    RCC_HCLKConfig                           0x0800b4a7   Thumb Code    66  stm32f4xx_rcc.o(.text)
    RCC_PCLK1Config                          0x0800b4e9   Thumb Code    58  stm32f4xx_rcc.o(.text)
    RCC_PCLK2Config                          0x0800b523   Thumb Code    60  stm32f4xx_rcc.o(.text)
    RCC_GetClocksFreq                        0x0800b55f   Thumb Code   214  stm32f4xx_rcc.o(.text)
    RCC_RTCCLKConfig                         0x0800b635   Thumb Code   260  stm32f4xx_rcc.o(.text)
    RCC_RTCCLKCmd                            0x0800b739   Thumb Code    28  stm32f4xx_rcc.o(.text)
    RCC_BackupResetCmd                       0x0800b755   Thumb Code    30  stm32f4xx_rcc.o(.text)
    RCC_I2SCLKConfig                         0x0800b773   Thumb Code    28  stm32f4xx_rcc.o(.text)
    RCC_AHB1PeriphClockCmd                   0x0800b78f   Thumb Code    78  stm32f4xx_rcc.o(.text)
    RCC_AHB2PeriphClockCmd                   0x0800b7dd   Thumb Code    78  stm32f4xx_rcc.o(.text)
    RCC_AHB3PeriphClockCmd                   0x0800b82b   Thumb Code   234  stm32f4xx_rcc.o(.text)
    RCC_APB1PeriphClockCmd                   0x0800b915   Thumb Code    70  stm32f4xx_rcc.o(.text)
    RCC_APB2PeriphClockCmd                   0x0800b95b   Thumb Code    78  stm32f4xx_rcc.o(.text)
    RCC_AHB1PeriphResetCmd                   0x0800b9a9   Thumb Code    78  stm32f4xx_rcc.o(.text)
    RCC_AHB2PeriphResetCmd                   0x0800b9f7   Thumb Code    78  stm32f4xx_rcc.o(.text)
    RCC_AHB3PeriphResetCmd                   0x0800ba45   Thumb Code    78  stm32f4xx_rcc.o(.text)
    RCC_APB1PeriphResetCmd                   0x0800ba93   Thumb Code    78  stm32f4xx_rcc.o(.text)
    RCC_APB2PeriphResetCmd                   0x0800bae1   Thumb Code    78  stm32f4xx_rcc.o(.text)
    RCC_AHB1PeriphClockLPModeCmd             0x0800bb2f   Thumb Code    78  stm32f4xx_rcc.o(.text)
    RCC_AHB2PeriphClockLPModeCmd             0x0800bb7d   Thumb Code    78  stm32f4xx_rcc.o(.text)
    RCC_AHB3PeriphClockLPModeCmd             0x0800bbcb   Thumb Code    78  stm32f4xx_rcc.o(.text)
    RCC_APB1PeriphClockLPModeCmd             0x0800bc19   Thumb Code    78  stm32f4xx_rcc.o(.text)
    RCC_APB2PeriphClockLPModeCmd             0x0800bc67   Thumb Code    78  stm32f4xx_rcc.o(.text)
    RCC_ITConfig                             0x0800bcb5   Thumb Code   108  stm32f4xx_rcc.o(.text)
    RCC_ClearFlag                            0x0800bd21   Thumb Code    14  stm32f4xx_rcc.o(.text)
    RCC_GetITStatus                          0x0800bd2f   Thumb Code    66  stm32f4xx_rcc.o(.text)
    RCC_ClearITPendingBit                    0x0800bd71   Thumb Code    32  stm32f4xx_rcc.o(.text)
    TIM_DeInit                               0x0800bd99   Thumb Code   440  stm32f4xx_tim.o(.text)
    TIM_TimeBaseInit                         0x0800bf51   Thumb Code   278  stm32f4xx_tim.o(.text)
    TIM_TimeBaseStructInit                   0x0800c067   Thumb Code    18  stm32f4xx_tim.o(.text)
    TIM_PrescalerConfig                      0x0800c079   Thumb Code   128  stm32f4xx_tim.o(.text)
    TIM_CounterModeConfig                    0x0800c0f9   Thumb Code   100  stm32f4xx_tim.o(.text)
    TIM_SetCounter                           0x0800c15d   Thumb Code   164  stm32f4xx_tim.o(.text)
    TIM_SetAutoreload                        0x0800c201   Thumb Code   106  stm32f4xx_tim.o(.text)
    TIM_GetCounter                           0x0800c26b   Thumb Code   104  stm32f4xx_tim.o(.text)
    TIM_GetPrescaler                         0x0800c2d3   Thumb Code   104  stm32f4xx_tim.o(.text)
    TIM_UpdateDisableConfig                  0x0800c33b   Thumb Code   144  stm32f4xx_tim.o(.text)
    TIM_UpdateRequestConfig                  0x0800c3cb   Thumb Code   144  stm32f4xx_tim.o(.text)
    TIM_ARRPreloadConfig                     0x0800c45b   Thumb Code   144  stm32f4xx_tim.o(.text)
    TIM_SelectOnePulseMode                   0x0800c4eb   Thumb Code   138  stm32f4xx_tim.o(.text)
    TIM_SetClockDivision                     0x0800c575   Thumb Code   190  stm32f4xx_tim.o(.text)
    TIM_Cmd                                  0x0800c633   Thumb Code   144  stm32f4xx_tim.o(.text)
    TIM_OC1Init                              0x0800c6c3   Thumb Code   400  stm32f4xx_tim.o(.text)
    TIM_OC2Init                              0x0800c853   Thumb Code   474  stm32f4xx_tim.o(.text)
    TIM_OC3Init                              0x0800ca2d   Thumb Code   400  stm32f4xx_tim.o(.text)
    TIM_OC4Init                              0x0800cbbd   Thumb Code   290  stm32f4xx_tim.o(.text)
    TIM_OCStructInit                         0x0800ccdf   Thumb Code    20  stm32f4xx_tim.o(.text)
    TIM_SelectOCxM                           0x0800ccf3   Thumb Code   250  stm32f4xx_tim.o(.text)
    TIM_SetCompare1                          0x0800cded   Thumb Code   144  stm32f4xx_tim.o(.text)
    TIM_SetCompare2                          0x0800ce7d   Thumb Code    70  stm32f4xx_tim.o(.text)
    TIM_SetCompare3                          0x0800cec3   Thumb Code    58  stm32f4xx_tim.o(.text)
    TIM_SetCompare4                          0x0800cefd   Thumb Code    58  stm32f4xx_tim.o(.text)
    TIM_ForcedOC1Config                      0x0800cf37   Thumb Code   126  stm32f4xx_tim.o(.text)
    TIM_ForcedOC2Config                      0x0800cfb5   Thumb Code   110  stm32f4xx_tim.o(.text)
    TIM_ForcedOC3Config                      0x0800d023   Thumb Code    90  stm32f4xx_tim.o(.text)
    TIM_ForcedOC4Config                      0x0800d07d   Thumb Code    98  stm32f4xx_tim.o(.text)
    TIM_OC1PreloadConfig                     0x0800d0df   Thumb Code   124  stm32f4xx_tim.o(.text)
    TIM_OC2PreloadConfig                     0x0800d15b   Thumb Code   108  stm32f4xx_tim.o(.text)
    TIM_OC3PreloadConfig                     0x0800d1c7   Thumb Code    88  stm32f4xx_tim.o(.text)
    TIM_OC4PreloadConfig                     0x0800d21f   Thumb Code   146  stm32f4xx_tim.o(.text)
    TIM_OC1FastConfig                        0x0800d2b1   Thumb Code   124  stm32f4xx_tim.o(.text)
    TIM_OC2FastConfig                        0x0800d32d   Thumb Code   108  stm32f4xx_tim.o(.text)
    TIM_OC3FastConfig                        0x0800d399   Thumb Code    88  stm32f4xx_tim.o(.text)
    TIM_OC4FastConfig                        0x0800d3f1   Thumb Code    96  stm32f4xx_tim.o(.text)
    TIM_ClearOC1Ref                          0x0800d451   Thumb Code   124  stm32f4xx_tim.o(.text)
    TIM_ClearOC2Ref                          0x0800d4cd   Thumb Code   106  stm32f4xx_tim.o(.text)
    TIM_ClearOC3Ref                          0x0800d537   Thumb Code    88  stm32f4xx_tim.o(.text)
    TIM_ClearOC4Ref                          0x0800d58f   Thumb Code    94  stm32f4xx_tim.o(.text)
    TIM_OC1PolarityConfig                    0x0800d5ed   Thumb Code   124  stm32f4xx_tim.o(.text)
    TIM_OC1NPolarityConfig                   0x0800d669   Thumb Code   114  stm32f4xx_tim.o(.text)
    TIM_OC2PolarityConfig                    0x0800d6db   Thumb Code   108  stm32f4xx_tim.o(.text)
    TIM_OC2NPolarityConfig                   0x0800d747   Thumb Code    72  stm32f4xx_tim.o(.text)
    TIM_OC3PolarityConfig                    0x0800d78f   Thumb Code    96  stm32f4xx_tim.o(.text)
    TIM_OC3NPolarityConfig                   0x0800d7ef   Thumb Code    72  stm32f4xx_tim.o(.text)
    TIM_OC4PolarityConfig                    0x0800d837   Thumb Code    96  stm32f4xx_tim.o(.text)
    TIM_CCxCmd                               0x0800d897   Thumb Code   168  stm32f4xx_tim.o(.text)
    TIM_CCxNCmd                              0x0800d93f   Thumb Code   104  stm32f4xx_tim.o(.text)
    TIM_SetIC4Prescaler                      0x0800d9a7   Thumb Code   106  stm32f4xx_tim.o(.text)
    TIM_SetIC3Prescaler                      0x0800da61   Thumb Code   148  stm32f4xx_tim.o(.text)
    TIM_SetIC2Prescaler                      0x0800db3d   Thumb Code   118  stm32f4xx_tim.o(.text)
    TIM_SetIC1Prescaler                      0x0800dc03   Thumb Code   134  stm32f4xx_tim.o(.text)
    TIM_ICInit                               0x0800dcc3   Thumb Code   460  stm32f4xx_tim.o(.text)
    TIM_ICStructInit                         0x0800de8f   Thumb Code    18  stm32f4xx_tim.o(.text)
    TIM_PWMIConfig                           0x0800dea1   Thumb Code   234  stm32f4xx_tim.o(.text)
    TIM_GetCapture1                          0x0800df8b   Thumb Code    92  stm32f4xx_tim.o(.text)
    TIM_GetCapture2                          0x0800dfe7   Thumb Code    68  stm32f4xx_tim.o(.text)
    TIM_GetCapture3                          0x0800e02b   Thumb Code    56  stm32f4xx_tim.o(.text)
    TIM_GetCapture4                          0x0800e063   Thumb Code    56  stm32f4xx_tim.o(.text)
    TIM_BDTRConfig                           0x0800e09b   Thumb Code   222  stm32f4xx_tim.o(.text)
    TIM_BDTRStructInit                       0x0800e179   Thumb Code    18  stm32f4xx_tim.o(.text)
    TIM_CtrlPWMOutputs                       0x0800e18b   Thumb Code    78  stm32f4xx_tim.o(.text)
    TIM_SelectCOM                            0x0800e1d9   Thumb Code    72  stm32f4xx_tim.o(.text)
    TIM_CCPreloadControl                     0x0800e221   Thumb Code    72  stm32f4xx_tim.o(.text)
    TIM_ITConfig                             0x0800e269   Thumb Code   216  stm32f4xx_tim.o(.text)
    TIM_GenerateEvent                        0x0800e341   Thumb Code   126  stm32f4xx_tim.o(.text)
    TIM_GetFlagStatus                        0x0800e3bf   Thumb Code   188  stm32f4xx_tim.o(.text)
    TIM_ClearFlag                            0x0800e47b   Thumb Code   108  stm32f4xx_tim.o(.text)
    TIM_GetITStatus                          0x0800e4e7   Thumb Code   186  stm32f4xx_tim.o(.text)
    TIM_ClearITPendingBit                    0x0800e5a1   Thumb Code   108  stm32f4xx_tim.o(.text)
    TIM_DMAConfig                            0x0800e60d   Thumb Code   328  stm32f4xx_tim.o(.text)
    TIM_DMACmd                               0x0800e755   Thumb Code   126  stm32f4xx_tim.o(.text)
    TIM_SelectCCDMA                          0x0800e7d3   Thumb Code    96  stm32f4xx_tim.o(.text)
    TIM_InternalClockConfig                  0x0800e833   Thumb Code    76  stm32f4xx_tim.o(.text)
    TIM_SelectInputTrigger                   0x0800e87f   Thumb Code   148  stm32f4xx_tim.o(.text)
    TIM_ITRxExternalClockConfig              0x0800e913   Thumb Code   110  stm32f4xx_tim.o(.text)
    TIM_TIxExternalClockConfig               0x0800e981   Thumb Code   184  stm32f4xx_tim.o(.text)
    TIM_ETRConfig                            0x0800ea39   Thumb Code   164  stm32f4xx_tim.o(.text)
    TIM_ETRClockMode1Config                  0x0800eadd   Thumb Code   228  stm32f4xx_tim.o(.text)
    TIM_ETRClockMode2Config                  0x0800ebc1   Thumb Code   152  stm32f4xx_tim.o(.text)
    TIM_SelectOutputTrigger                  0x0800ec59   Thumb Code   126  stm32f4xx_tim.o(.text)
    TIM_SelectSlaveMode                      0x0800ecd7   Thumb Code   112  stm32f4xx_tim.o(.text)
    TIM_SelectMasterSlaveMode                0x0800ed47   Thumb Code   102  stm32f4xx_tim.o(.text)
    TIM_EncoderInterfaceConfig               0x0800edad   Thumb Code   226  stm32f4xx_tim.o(.text)
    TIM_SelectHallSensor                     0x0800ee8f   Thumb Code   108  stm32f4xx_tim.o(.text)
    TIM_RemapConfig                          0x0800eefb   Thumb Code   138  stm32f4xx_tim.o(.text)
    USART_DeInit                             0x0800ef85   Thumb Code   202  stm32f4xx_usart.o(.text)
    USART_Init                               0x0800f04f   Thumb Code   456  stm32f4xx_usart.o(.text)
    USART_StructInit                         0x0800f217   Thumb Code    24  stm32f4xx_usart.o(.text)
    USART_ClockInit                          0x0800f22f   Thumb Code   166  stm32f4xx_usart.o(.text)
    USART_ClockStructInit                    0x0800f2d5   Thumb Code    12  stm32f4xx_usart.o(.text)
    USART_Cmd                                0x0800f2e1   Thumb Code    96  stm32f4xx_usart.o(.text)
    USART_SetPrescaler                       0x0800f341   Thumb Code   102  stm32f4xx_usart.o(.text)
    USART_OverSampling8Cmd                   0x0800f3a7   Thumb Code    94  stm32f4xx_usart.o(.text)
    USART_OneBitMethodCmd                    0x0800f405   Thumb Code    96  stm32f4xx_usart.o(.text)
    USART_SendData                           0x0800f465   Thumb Code    80  stm32f4xx_usart.o(.text)
    USART_ReceiveData                        0x0800f4b5   Thumb Code    60  stm32f4xx_usart.o(.text)
    USART_SetAddress                         0x0800f4f1   Thumb Code    88  stm32f4xx_usart.o(.text)
    USART_ReceiverWakeUpCmd                  0x0800f549   Thumb Code    96  stm32f4xx_usart.o(.text)
    USART_WakeUpConfig                       0x0800f5a9   Thumb Code    92  stm32f4xx_usart.o(.text)
    USART_LINBreakDetectLengthConfig         0x0800f605   Thumb Code    90  stm32f4xx_usart.o(.text)
    USART_LINCmd                             0x0800f65f   Thumb Code    96  stm32f4xx_usart.o(.text)
    USART_SendBreak                          0x0800f6bf   Thumb Code    62  stm32f4xx_usart.o(.text)
    USART_HalfDuplexCmd                      0x0800f6fd   Thumb Code    96  stm32f4xx_usart.o(.text)
    USART_SetGuardTime                       0x0800f75d   Thumb Code    86  stm32f4xx_usart.o(.text)
    USART_SmartCardCmd                       0x0800f7b3   Thumb Code    84  stm32f4xx_usart.o(.text)
    USART_SmartCardNACKCmd                   0x0800f807   Thumb Code    84  stm32f4xx_usart.o(.text)
    USART_IrDAConfig                         0x0800f85b   Thumb Code    90  stm32f4xx_usart.o(.text)
    USART_IrDACmd                            0x0800f8b5   Thumb Code    96  stm32f4xx_usart.o(.text)
    USART_DMACmd                             0x0800f915   Thumb Code   114  stm32f4xx_usart.o(.text)
    USART_ITConfig                           0x0800f987   Thumb Code   260  stm32f4xx_usart.o(.text)
    USART_GetFlagStatus                      0x0800fa8b   Thumb Code   170  stm32f4xx_usart.o(.text)
    USART_ClearFlag                          0x0800fb35   Thumb Code   158  stm32f4xx_usart.o(.text)
    USART_GetITStatus                        0x0800fbd3   Thumb Code   278  stm32f4xx_usart.o(.text)
    USART_ClearITPendingBit                  0x0800fce9   Thumb Code   164  stm32f4xx_usart.o(.text)
    __aeabi_memset                           0x0800fda9   Thumb Code    14  memseta.o(.text)
    __aeabi_memset4                          0x0800fda9   Thumb Code     0  memseta.o(.text)
    __aeabi_memset8                          0x0800fda9   Thumb Code     0  memseta.o(.text)
    __aeabi_memclr                           0x0800fdb7   Thumb Code     4  memseta.o(.text)
    __aeabi_memclr4                          0x0800fdb7   Thumb Code     0  memseta.o(.text)
    __aeabi_memclr8                          0x0800fdb7   Thumb Code     0  memseta.o(.text)
    _memset$wrapper                          0x0800fdbb   Thumb Code    18  memseta.o(.text)
    strlen                                   0x0800fdcd   Thumb Code    14  strlen.o(.text)
    __0sscanf                                0x0800fddd   Thumb Code    48  __0sscanf.o(.text)
    _scanf_string                            0x0800fe15   Thumb Code   224  _scanf_str.o(.text)
    _scanf_real                              0x0801001d   Thumb Code     0  scanf_fp.o(.text)
    _scanf_really_real                       0x0801001d   Thumb Code   556  scanf_fp.o(.text)
    __aeabi_dadd                             0x08010255   Thumb Code   322  dadd.o(.text)
    __aeabi_dsub                             0x08010397   Thumb Code     6  dadd.o(.text)
    __aeabi_drsub                            0x0801039d   Thumb Code     6  dadd.o(.text)
    __aeabi_dmul                             0x080103a3   Thumb Code   228  dmul.o(.text)
    __aeabi_ddiv                             0x08010487   Thumb Code   222  ddiv.o(.text)
    __aeabi_i2d                              0x08010565   Thumb Code    34  dflti.o(.text)
    __aeabi_d2iz                             0x08010587   Thumb Code    62  dfixi.o(.text)
    __aeabi_f2d                              0x080105c5   Thumb Code    38  f2d.o(.text)
    __aeabi_cdcmpeq                          0x080105ed   Thumb Code     0  cdcmple.o(.text)
    __aeabi_cdcmple                          0x080105ed   Thumb Code    48  cdcmple.o(.text)
    __aeabi_cdrcmple                         0x0801061d   Thumb Code    48  cdrcmple.o(.text)
    __aeabi_d2f                              0x0801064d   Thumb Code    56  d2f.o(.text)
    __aeabi_uidiv                            0x08010685   Thumb Code     0  uidiv.o(.text)
    __aeabi_uidivmod                         0x08010685   Thumb Code    44  uidiv.o(.text)
    __aeabi_llsl                             0x080106b1   Thumb Code    30  llshl.o(.text)
    _ll_shift_l                              0x080106b1   Thumb Code     0  llshl.o(.text)
    __aeabi_llsr                             0x080106cf   Thumb Code    32  llushr.o(.text)
    _ll_ushift_r                             0x080106cf   Thumb Code     0  llushr.o(.text)
    __aeabi_lasr                             0x080106ef   Thumb Code    36  llsshr.o(.text)
    _ll_sshift_r                             0x080106ef   Thumb Code     0  llsshr.o(.text)
    __vfscanf_char                           0x08010721   Thumb Code    20  scanf_char.o(.text)
    _sgetc                                   0x0801073d   Thumb Code    30  _sgetc.o(.text)
    _sbackspace                              0x0801075b   Thumb Code    34  _sgetc.o(.text)
    __I$use$fp                               0x0801077d   Thumb Code     0  iusefp.o(.text)
    _float_round                             0x0801077d   Thumb Code    18  fepilogue.o(.text)
    _float_epilogue                          0x0801078f   Thumb Code    92  fepilogue.o(.text)
    _double_round                            0x080107eb   Thumb Code    30  depilogue.o(.text)
    _double_epilogue                         0x08010809   Thumb Code   156  depilogue.o(.text)
    __aeabi_ul2d                             0x080108a5   Thumb Code    24  dfltul.o(.text)
    __scatterload                            0x080108bd   Thumb Code    28  init.o(.text)
    __scatterload_rt2                        0x080108bd   Thumb Code     0  init.o(.text)
    isspace                                  0x080108e1   Thumb Code    10  isspace_c.o(.text)
    __vfscanf                                0x080108ed   Thumb Code   810  _scanf.o(.text)
    __ctype_lookup                           0x08010c1d   Thumb Code    34  ctype_c.o(.text)
    __decompress                             0x08010c45   Thumb Code     0  __dczerorl2.o(.text)
    __decompress1                            0x08010c45   Thumb Code    86  __dczerorl2.o(.text)
    __0sprintf$1                             0x08010c9d   Thumb Code    34  printf1.o(i.__0sprintf$1)
    __1sprintf$1                             0x08010c9d   Thumb Code     0  printf1.o(i.__0sprintf$1)
    __2sprintf                               0x08010c9d   Thumb Code     0  printf1.o(i.__0sprintf$1)
    __scatterload_copy                       0x08010cc5   Thumb Code    14  handlers.o(i.__scatterload_copy)
    __scatterload_null                       0x08010cd3   Thumb Code     2  handlers.o(i.__scatterload_null)
    __scatterload_zeroinit                   0x08010cd5   Thumb Code    14  handlers.o(i.__scatterload_zeroinit)
    _is_digit                                0x08010ce3   Thumb Code    14  scanf_fp.o(i._is_digit)
    fast_atan_table                          0x08010e50   Data        1028  ano_math.o(.constdata)
    __ctype_categories                       0x08011254   Data          64  ctype_c.o(.constdata)
    Region$$Table$$Base                      0x08011528   Number         0  anon$$obj.o(Region$$Table)
    Region$$Table$$Limit                     0x08011548   Number         0  anon$$obj.o(Region$$Table)
    Send_Count                               0x20000000   Data           4  main.o(.data)
    speak_i                                  0x20000004   Data           4  main.o(.data)
    speak_len1                               0x20000008   Data           4  main.o(.data)
    speak_len                                0x2000000c   Data           4  main.o(.data)
    buf1                                     0x20000010   Data         100  main.o(.data)
    station_buf1                             0x20000074   Data          60  main.o(.data)
    m1_step                                  0x200000b0   Data           1  main.o(.data)
    m2_step                                  0x200000b1   Data           1  main.o(.data)
    m3_step                                  0x200000b2   Data           1  main.o(.data)
    m4_step                                  0x200000b3   Data           1  main.o(.data)
    dis_front_cm                             0x200000b4   Data           4  ano_scheduler.o(.data)
    dis_tail_cm                              0x200000b8   Data           4  ano_scheduler.o(.data)
    turn_front_tail                          0x200000bc   Data           1  ano_scheduler.o(.data)
    flag                                     0x20000118   Data           1  user_task.o(.data)
    start_trig_flag                          0x20000119   Data           1  user_task.o(.data)
    cont_t2_echo                             0x2000011c   Data           4  user_task.o(.data)
    cont_t2_echo_tail                        0x20000120   Data           4  user_task.o(.data)
    sow_piont                                0x20000124   Data         372  user_task.o(.data)
    sow_add                                  0x20000298   Data         108  user_task.o(.data)
    home_x                                   0x20000304   Data           4  user_task.o(.data)
    home_y                                   0x20000308   Data           4  user_task.o(.data)
    wait_flag                                0x2000030c   Data           4  user_task.o(.data)
    standard_yaw                             0x20000310   Data           4  user_task.o(.data)
    standard_yaw1                            0x20000314   Data           4  user_task.o(.data)
    target_yaw                               0x20000318   Data           4  user_task.o(.data)
    now_standard_yaw                         0x2000031c   Data           4  user_task.o(.data)
    pole_x                                   0x20000320   Data           2  user_task.o(.data)
    pole_y                                   0x20000322   Data           2  user_task.o(.data)
    pole_w                                   0x20000324   Data           2  user_task.o(.data)
    pole_w_middle                            0x20000326   Data           2  user_task.o(.data)
    line_x                                   0x20000328   Data           2  user_task.o(.data)
    line_y                                   0x2000032a   Data           2  user_task.o(.data)
    line_sita                                0x2000032c   Data           2  user_task.o(.data)
    time_dly_cnt_ms_xm                       0x20000330   Data           4  user_task.o(.data)
    time_dly_cnt_ms                          0x20000334   Data           4  user_task.o(.data)
    x_position                               0x20000338   Data           2  user_task.o(.data)
    y_position                               0x2000033a   Data           2  user_task.o(.data)
    y_position_last                          0x2000033c   Data           2  user_task.o(.data)
    c                                        0x2000033e   Data           1  user_task.o(.data)
    type                                     0x2000033f   Data           1  user_task.o(.data)
    plant_x_init                             0x20000340   Data           8  user_task.o(.data)
    plant_y_init                             0x20000348   Data           8  user_task.o(.data)
    plant_z                                  0x20000350   Data           8  user_task.o(.data)
    act_x                                    0x20000358   Data           8  user_task.o(.data)
    act_y                                    0x20000360   Data           8  user_task.o(.data)
    plant_x                                  0x20000368   Data           8  user_task.o(.data)
    plant_y                                  0x20000370   Data           8  user_task.o(.data)
    error_x                                  0x20000378   Data           4  user_task.o(.data)
    error_y                                  0x2000037c   Data           4  user_task.o(.data)
    add_n                                    0x20000380   Data           4  user_task.o(.data)
    steering_pwmval                          0x20000384   Data           4  user_task.o(.data)
    altitude_set                             0x20000388   Data           4  user_task.o(.data)
    p_altitude                               0x2000038c   Data           4  user_task.o(.data)
    speed_z_axis                             0x20000390   Data           4  user_task.o(.data)
    speed_x_axis                             0x20000394   Data           4  user_task.o(.data)
    speed_y_axis                             0x20000398   Data           4  user_task.o(.data)
    p_longitude                              0x2000039c   Data           4  user_task.o(.data)
    altitude_set_1                           0x200003a0   Data           4  user_task.o(.data)
    speed_x_axis_16                          0x200003a4   Data           2  user_task.o(.data)
    speed_y_axis_16                          0x200003a6   Data           2  user_task.o(.data)
    speed_z_axis_16                          0x200003a8   Data           2  user_task.o(.data)
    yaw_16                                   0x200003aa   Data           2  user_task.o(.data)
    p_speed_y_axis_16                        0x200003ac   Data           2  user_task.o(.data)
    d_speed_y_axis_16                        0x200003ae   Data           2  user_task.o(.data)
    speed_yaw_axis_16                        0x200003b0   Data           2  user_task.o(.data)
    mission_step                             0x200003b2   Data           1  user_task.o(.data)
    near_alarm_flag                          0x200003b3   Data           1  user_task.o(.data)
    far_alarm_flag                           0x200003b4   Data           1  user_task.o(.data)
    near_alarm_count                         0x200003b5   Data           1  user_task.o(.data)
    far_alarm_count                          0x200003b6   Data           1  user_task.o(.data)
    first_a0_voice                           0x200003b7   Data           1  user_task.o(.data)
    cnt_20ms_no_signal                       0x200003b8   Data           1  user_task.o(.data)
    flag_45                                  0x200003b9   Data           1  user_task.o(.data)
    cons_kp                                  0x200003bc   Data           4  user_task.o(.data)
    cons_kd                                  0x200003c0   Data           4  user_task.o(.data)
    i                                        0x200003c4   Data           4  user_task.o(.data)
    cnt_20                                   0x200003c8   Data           4  user_task.o(.data)
    trun_on_time                             0x200003cc   Data           4  user_task.o(.data)
    period_dis                               0x200003d0   Data           1  user_task.o(.data)
    basic_step                               0x200003d1   Data           1  user_task.o(.data)
    light_flag                               0x200003d2   Data           1  user_task.o(.data)
    s_i_xm                                   0x200003d3   Data           1  user_task.o(.data)
    Send_Count_xm                            0x200003d4   Data           1  user_task.o(.data)
    index_sow_i                              0x200003d5   Data           1  user_task.o(.data)
    tar_temp_x                               0x200003d8   Data           4  user_task.o(.data)
    dis_sonic                                0x200003dc   Data           4  user_task.o(.data)
    return_flag                              0x200003e0   Data           1  user_task.o(.data)
    done_flag                                0x200003e1   Data           1  user_task.o(.data)
    position_1_order                         0x200003e2   Data           1  user_task.o(.data)
    position_2_order                         0x200003e3   Data           1  user_task.o(.data)
    tx1_buf_xm                               0x200003e4   Data           6  user_task.o(.data)
    box_down_flag                            0x200003ec   Data           4  user_task.o(.data)
    box_count                                0x200003f0   Data           4  user_task.o(.data)
    result_target                            0x200003f4   Data           4  user_task.o(.data)
    down_count                               0x200003f8   Data           4  user_task.o(.data)
    down_flag                                0x200003fc   Data           1  user_task.o(.data)
    fire_flag                                0x200003fd   Data           1  user_task.o(.data)
    up_count                                 0x20000400   Data           4  user_task.o(.data)
    up_flag                                  0x20000404   Data           1  user_task.o(.data)
    record_cnt                               0x20000408   Data           4  user_task.o(.data)
    start_iden_flag                          0x2000040c   Data           4  user_task.o(.data)
    m2_time_cnt                              0x20000410   Data           4  user_task.o(.data)
    time                                     0x20000414   Data           4  user_task.o(.data)
    distance_x                               0x20000418   Data           4  user_task.o(.data)
    distance_y                               0x2000041c   Data           4  user_task.o(.data)
    transition                               0x20000420   Data           1  user_task.o(.data)
    old_transition                           0x20000421   Data           1  user_task.o(.data)
    fly_mode                                 0x20000422   Data           1  user_task.o(.data)
    ds_flag                                  0x20000423   Data           1  user_task.o(.data)
    num_qr_arr                               0x20000424   Data           4  user_task.o(.data)
    alt_fu_xm                                0x20000434   Data           4  ano_dt_lx.o(.data)
    alt_add_xm                               0x20000438   Data           4  ano_dt_lx.o(.data)
    station_len1                             0x2000043c   Data           4  ano_dt_lx.o(.data)
    alt_x_positon_xm                         0x20000440   Data           4  ano_dt_lx.o(.data)
    alt_y_positon_xm                         0x20000444   Data           4  ano_dt_lx.o(.data)
    three_rol_xm                             0x20000448   Data           2  ano_dt_lx.o(.data)
    three_pit_xm                             0x2000044a   Data           2  ano_dt_lx.o(.data)
    three_yaw_xm                             0x2000044c   Data           2  ano_dt_lx.o(.data)
    fc_bat                                   0x20000458   Data           4  ano_lx.o(.data)
    sti_fun                                  0x20000470   Data           2  lx_fc_state.o(.data)
    task_no                                  0x20000478   Data           1  drv_bsp.o(.data)
    pvt_receive_updata                       0x2000048e   Data           1  drv_ubloxgps.o(.data)
    fre_test_cnt                             0x20000490   Data           2  drv_ubloxgps.o(.data)
    Period_Out_H                             0x20000492   Data          14  drv_ubloxgps.o(.data)
    Period_Out_L                             0x200004a0   Data          14  drv_ubloxgps.o(.data)
    Pulse_Period                             0x200004ae   Data          28  drv_ubloxgps.o(.data)
    Baud115200                               0x200004ca   Data          28  drv_ubloxgps.o(.data)
    Save_Con                                 0x200004e6   Data          21  drv_ubloxgps.o(.data)
    POLLSH_SET                               0x200004fb   Data          11  drv_ubloxgps.o(.data)
    SOL_SET                                  0x20000506   Data          11  drv_ubloxgps.o(.data)
    VELNED_SET                               0x20000511   Data          11  drv_ubloxgps.o(.data)
    TIMEUTC_SET                              0x2000051c   Data          11  drv_ubloxgps.o(.data)
    DOP_SET                                  0x20000527   Data          11  drv_ubloxgps.o(.data)
    PVT_SET                                  0x20000532   Data          11  drv_ubloxgps.o(.data)
    pvt_recerve_ok_cnt                       0x20000542   Data           1  drv_ubloxgps.o(.data)
    led                                      0x20000550   Data           4  drv_led.o(.data)
    dis_tim2_front_cnt                       0x20000560   Data           4  drv_timer.o(.data)
    dis_tim2_tail_cnt                        0x20000564   Data           4  drv_timer.o(.data)
    end_dis_front_flag                       0x20000568   Data           1  drv_timer.o(.data)
    end_dis_tail_flag                        0x20000569   Data           1  drv_timer.o(.data)
    dis_front_flag                           0x2000056a   Data           1  drv_timer.o(.data)
    dis_tail_flag                            0x2000056b   Data           1  drv_timer.o(.data)
    rx_end_flag                              0x2000056c   Data           1  drv_uart.o(.data)
    rx_star_flag                             0x2000056d   Data           1  drv_uart.o(.data)
    rx_num                                   0x2000056e   Data           1  drv_uart.o(.data)
    tempa                                    0x2000056f   Data           1  drv_uart.o(.data)
    cnt_no_find_pole_flag                    0x20000570   Data           1  drv_uart.o(.data)
    check_sum                                0x20000571   Data           1  drv_uart.o(.data)
    cnt_find_pole_flag                       0x20000572   Data           1  drv_uart.o(.data)
    first_frame_end                          0x20000573   Data           1  drv_uart.o(.data)
    second_frame_end                         0x20000574   Data           1  drv_uart.o(.data)
    find_pole_flag                           0x20000575   Data           1  drv_uart.o(.data)
    rx_end_flag_com1                         0x20000576   Data           1  drv_uart.o(.data)
    rx_star_flag_com1                        0x20000577   Data           1  drv_uart.o(.data)
    rx_num_com1                              0x20000578   Data           1  drv_uart.o(.data)
    first_frame_end_com1                     0x20000579   Data           1  drv_uart.o(.data)
    second_frame_end_com1                    0x2000057a   Data           1  drv_uart.o(.data)
    cnt_com1                                 0x2000057c   Data           2  drv_uart.o(.data)
    b2float                                  0x20000580   Data           4  drv_uart.o(.data)
    angle_min                                0x20000584   Data           4  drv_uart.o(.data)
    dis_min                                  0x20000588   Data           4  drv_uart.o(.data)
    dis_min_kalman                           0x2000058c   Data           4  drv_uart.o(.data)
    Tx1Counter                               0x20000590   Data           1  drv_uart.o(.data)
    count1                                   0x20000591   Data           1  drv_uart.o(.data)
    U1RxInCnt                                0x20000592   Data           1  drv_uart.o(.data)
    U1RxoutCnt                               0x20000593   Data           1  drv_uart.o(.data)
    TxCounter                                0x20000594   Data           1  drv_uart.o(.data)
    count                                    0x20000595   Data           1  drv_uart.o(.data)
    U2RxInCnt                                0x20000596   Data           1  drv_uart.o(.data)
    U2RxoutCnt                               0x20000597   Data           1  drv_uart.o(.data)
    Tx3Counter                               0x20000598   Data           1  drv_uart.o(.data)
    count3                                   0x20000599   Data           1  drv_uart.o(.data)
    U3RxInCnt                                0x2000059a   Data           1  drv_uart.o(.data)
    U3RxoutCnt                               0x2000059b   Data           1  drv_uart.o(.data)
    Tx4Counter                               0x2000059c   Data           1  drv_uart.o(.data)
    count4                                   0x2000059d   Data           1  drv_uart.o(.data)
    U4RxInCnt                                0x2000059e   Data           1  drv_uart.o(.data)
    U4RxoutCnt                               0x2000059f   Data           1  drv_uart.o(.data)
    Tx5Counter                               0x200005a0   Data           1  drv_uart.o(.data)
    count5                                   0x200005a1   Data           1  drv_uart.o(.data)
    U5RxInCnt                                0x200005a2   Data           1  drv_uart.o(.data)
    U5RxoutCnt                               0x200005a3   Data           1  drv_uart.o(.data)
    state_read                               0x200005a4   Data           4  ks103.o(.data)
    sumx_aa                                  0x200005a8   Data           2  ks103.o(.data)
    sum_x_aa                                 0x200005ac   Data           4  ks103.o(.data)
    SystemCoreClock                          0x200005b8   Data           4  system_stm32f4xx.o(.data)
    AHBPrescTable                            0x200005bc   Data          16  system_stm32f4xx.o(.data)
    DataScope_OutPut_Buffer_xm               0x200005dc   Data          20  main.o(.bss)
    DataScope_OutPut_Buffer_xm11             0x200005f0   Data          10  user_task.o(.bss)
    record_arry                              0x200005fc   Data          40  user_task.o(.bss)
    qr_add_arr                               0x20000624   Data          48  user_task.o(.bss)
    send_buffer                              0x20000654   Data          50  ano_dt_lx.o(.bss)
    dt                                       0x20000688   Data        1564  ano_dt_lx.o(.bss)
    rt_tar                                   0x20000df4   Data          14  ano_lx.o(.bss)
    pwm_to_esc                               0x20000e02   Data          16  ano_lx.o(.bss)
    ext_sens                                 0x20000e22   Data          48  lx_fc_ext_sensor.o(.bss)
    fc_sta                                   0x20000e52   Data          11  lx_fc_state.o(.bss)
    rc_in                                    0x20000e5e   Data          82  drv_bsp.o(.bss)
    ano_of                                   0x20000ecc   Data          60  drv_anoof.o(.bss)
    ubx                                      0x20000f48   Data         100  drv_ubloxgps.o(.bss)
    DataScope_OutPut_Buffer                  0x20000fac   Data          42  datascope_dp.o(.bss)
    DataScope_OutPut_Buffer2                 0x20000fd6   Data          50  datascope_dp.o(.bss)
    AdcValue                                 0x20001008   Data         100  drv_adc.o(.bss)
    rx_buff                                  0x2000106c   Data          44  drv_uart.o(.bss)
    rx_buff_com1                             0x20001098   Data          20  drv_uart.o(.bss)
    Tx1Buffer                                0x200010ac   Data         256  drv_uart.o(.bss)
    U1RxDataTmp                              0x200011ac   Data         100  drv_uart.o(.bss)
    TxBuffer                                 0x20001210   Data         256  drv_uart.o(.bss)
    U2RxDataTmp                              0x20001310   Data         100  drv_uart.o(.bss)
    Tx3Buffer                                0x20001374   Data         256  drv_uart.o(.bss)
    U3RxDataTmp                              0x20001474   Data         100  drv_uart.o(.bss)
    Tx4Buffer                                0x200014d8   Data         256  drv_uart.o(.bss)
    U4RxDataTmp                              0x200015d8   Data         100  drv_uart.o(.bss)
    Tx5Buffer                                0x2000163c   Data         256  drv_uart.o(.bss)
    U5RxDataTmp                              0x2000173c   Data         100  drv_uart.o(.bss)
    __initial_sp                             0x20001fa0   Data           0  startup_stm32f4xx.o(STACK)



==============================================================================

Memory Map of the image

  Image Entry point : 0x08000189

  Load Region LR_IROM1 (Base: 0x08000000, Size: 0x00011b24, Max: 0x00080000, ABSOLUTE, COMPRESSED[0x00011754])

    Execution Region ER_IROM1 (Exec base: 0x08000000, Load base: 0x08000000, Size: 0x00011548, Max: 0x00080000, ABSOLUTE)

    Exec Addr    Load Addr    Size         Type   Attr      Idx    E Section Name        Object

    0x08000000   0x08000000   0x00000188   Data   RO          749    RESET               startup_stm32f4xx.o
    0x08000188   0x08000188   0x00000000   Code   RO          948  * .ARM.Collect$$$$00000000  mc_w.l(entry.o)
    0x08000188   0x08000188   0x00000004   Code   RO         1242    .ARM.Collect$$$$00000001  mc_w.l(entry2.o)
    0x0800018c   0x0800018c   0x00000004   Code   RO         1245    .ARM.Collect$$$$00000004  mc_w.l(entry5.o)
    0x08000190   0x08000190   0x00000000   Code   RO         1247    .ARM.Collect$$$$00000008  mc_w.l(entry7b.o)
    0x08000190   0x08000190   0x00000000   Code   RO         1249    .ARM.Collect$$$$0000000A  mc_w.l(entry8b.o)
    0x08000190   0x08000190   0x00000008   Code   RO         1250    .ARM.Collect$$$$0000000B  mc_w.l(entry9a.o)
    0x08000198   0x08000198   0x00000004   Code   RO         1257    .ARM.Collect$$$$0000000E  mc_w.l(entry12b.o)
    0x0800019c   0x0800019c   0x00000000   Code   RO         1252    .ARM.Collect$$$$0000000F  mc_w.l(entry10a.o)
    0x0800019c   0x0800019c   0x00000000   Code   RO         1254    .ARM.Collect$$$$00000011  mc_w.l(entry11a.o)
    0x0800019c   0x0800019c   0x00000004   Code   RO         1243    .ARM.Collect$$$$00002712  mc_w.l(entry2.o)
    0x080001a0   0x080001a0   0x00000130   Code   RO            2    .text               main.o
    0x080002d0   0x080002d0   0x000001ec   Code   RO          125    .text               ano_scheduler.o
    0x080004bc   0x080004bc   0x00002710   Code   RO          151    .text               user_task.o
    0x08002bcc   0x08002bcc   0x00000ac0   Code   RO          216    .text               ano_dt_lx.o
    0x0800368c   0x0800368c   0x000004e4   Code   RO          239    .text               ano_lx.o
    0x08003b70   0x08003b70   0x000000e4   Code   RO          282    .text               lx_fc_ext_sensor.o
    0x08003c54   0x08003c54   0x0000048c   Code   RO          305    .text               lx_fc_fun.o
    0x080040e0   0x080040e0   0x00000284   Code   RO          322    .text               lx_fc_state.o
    0x08004364   0x08004364   0x00000508   Code   RO          348    .text               drv_bsp.o
    0x0800486c   0x0800486c   0x0000087c   Code   RO          374    .text               ano_math.o
    0x080050e8   0x080050e8   0x00000340   Code   RO          396    .text               drv_anoof.o
    0x08005428   0x08005428   0x000003a8   Code   RO          419    .text               drv_ubloxgps.o
    0x080057d0   0x080057d0   0x00000388   Code   RO          438    .text               datascope_dp.o
    0x08005b58   0x08005b58   0x000000b0   Code   RO          457    .text               stm32f4xx_it.o
    0x08005c08   0x08005c08   0x00000108   Code   RO          473    .text               drv_sys.o
    0x08005d10   0x08005d10   0x00000194   Code   RO          501    .text               drv_adc.o
    0x08005ea4   0x08005ea4   0x00000164   Code   RO          523    .text               drv_led.o
    0x08006008   0x08006008   0x0000037c   Code   RO          545    .text               drv_pwmout.o
    0x08006384   0x08006384   0x000001e4   Code   RO          561    .text               drv_rcin.o
    0x08006568   0x08006568   0x000001ac   Code   RO          578    .text               drv_timer.o
    0x08006714   0x08006714   0x00001108   Code   RO          608    .text               drv_uart.o
    0x0800781c   0x0800781c   0x00000328   Code   RO          632    .text               i2c_init.o
    0x08007b44   0x08007b44   0x00000284   Code   RO          703    .text               ks103.o
    0x08007dc8   0x08007dc8   0x00000024   Code   RO          750    .text               startup_stm32f4xx.o
    0x08007dec   0x08007dec   0x00000210   Code   RO          755    .text               system_stm32f4xx.o
    0x08007ffc   0x08007ffc   0x000001c0   Code   RO          777    .text               misc.o
    0x080081bc   0x080081bc   0x00000fdc   Code   RO          794    .text               stm32f4xx_adc.o
    0x08009198   0x08009198   0x00001368   Code   RO          811    .text               stm32f4xx_dma.o
    0x0800a500   0x0800a500   0x000002d4   Code   RO          828    .text               stm32f4xx_exti.o
    0x0800a7d4   0x0800a7d4   0x000008c8   Code   RO          862    .text               stm32f4xx_gpio.o
    0x0800b09c   0x0800b09c   0x00000cfc   Code   RO          879    .text               stm32f4xx_rcc.o
    0x0800bd98   0x0800bd98   0x000031ec   Code   RO          915    .text               stm32f4xx_tim.o
    0x0800ef84   0x0800ef84   0x00000e24   Code   RO          932    .text               stm32f4xx_usart.o
    0x0800fda8   0x0800fda8   0x00000024   Code   RO          951    .text               mc_w.l(memseta.o)
    0x0800fdcc   0x0800fdcc   0x0000000e   Code   RO          953    .text               mc_w.l(strlen.o)
    0x0800fdda   0x0800fdda   0x00000002   PAD
    0x0800fddc   0x0800fddc   0x00000038   Code   RO         1216    .text               mc_w.l(__0sscanf.o)
    0x0800fe14   0x0800fe14   0x000000e0   Code   RO         1218    .text               mc_w.l(_scanf_str.o)
    0x0800fef4   0x0800fef4   0x00000360   Code   RO         1220    .text               mc_w.l(scanf_fp.o)
    0x08010254   0x08010254   0x0000014e   Code   RO         1224    .text               mf_w.l(dadd.o)
    0x080103a2   0x080103a2   0x000000e4   Code   RO         1226    .text               mf_w.l(dmul.o)
    0x08010486   0x08010486   0x000000de   Code   RO         1228    .text               mf_w.l(ddiv.o)
    0x08010564   0x08010564   0x00000022   Code   RO         1230    .text               mf_w.l(dflti.o)
    0x08010586   0x08010586   0x0000003e   Code   RO         1232    .text               mf_w.l(dfixi.o)
    0x080105c4   0x080105c4   0x00000026   Code   RO         1234    .text               mf_w.l(f2d.o)
    0x080105ea   0x080105ea   0x00000002   PAD
    0x080105ec   0x080105ec   0x00000030   Code   RO         1236    .text               mf_w.l(cdcmple.o)
    0x0801061c   0x0801061c   0x00000030   Code   RO         1238    .text               mf_w.l(cdrcmple.o)
    0x0801064c   0x0801064c   0x00000038   Code   RO         1240    .text               mf_w.l(d2f.o)
    0x08010684   0x08010684   0x0000002c   Code   RO         1261    .text               mc_w.l(uidiv.o)
    0x080106b0   0x080106b0   0x0000001e   Code   RO         1265    .text               mc_w.l(llshl.o)
    0x080106ce   0x080106ce   0x00000020   Code   RO         1267    .text               mc_w.l(llushr.o)
    0x080106ee   0x080106ee   0x00000024   Code   RO         1269    .text               mc_w.l(llsshr.o)
    0x08010712   0x08010712   0x00000002   PAD
    0x08010714   0x08010714   0x00000028   Code   RO         1271    .text               mc_w.l(scanf_char.o)
    0x0801073c   0x0801073c   0x00000040   Code   RO         1273    .text               mc_w.l(_sgetc.o)
    0x0801077c   0x0801077c   0x00000000   Code   RO         1275    .text               mc_w.l(iusefp.o)
    0x0801077c   0x0801077c   0x0000006e   Code   RO         1276    .text               mf_w.l(fepilogue.o)
    0x080107ea   0x080107ea   0x000000ba   Code   RO         1278    .text               mf_w.l(depilogue.o)
    0x080108a4   0x080108a4   0x00000018   Code   RO         1280    .text               mf_w.l(dfltul.o)
    0x080108bc   0x080108bc   0x00000024   Code   RO         1284    .text               mc_w.l(init.o)
    0x080108e0   0x080108e0   0x0000000a   Code   RO         1287    .text               mc_w.l(isspace_c.o)
    0x080108ea   0x080108ea   0x00000002   PAD
    0x080108ec   0x080108ec   0x00000330   Code   RO         1289    .text               mc_w.l(_scanf.o)
    0x08010c1c   0x08010c1c   0x00000028   Code   RO         1292    .text               mc_w.l(ctype_c.o)
    0x08010c44   0x08010c44   0x00000056   Code   RO         1303    .text               mc_w.l(__dczerorl2.o)
    0x08010c9a   0x08010c9a   0x00000002   PAD
    0x08010c9c   0x08010c9c   0x00000028   Code   RO         1002    i.__0sprintf$1      mc_w.l(printf1.o)
    0x08010cc4   0x08010cc4   0x0000000e   Code   RO         1297    i.__scatterload_copy  mc_w.l(handlers.o)
    0x08010cd2   0x08010cd2   0x00000002   Code   RO         1298    i.__scatterload_null  mc_w.l(handlers.o)
    0x08010cd4   0x08010cd4   0x0000000e   Code   RO         1299    i.__scatterload_zeroinit  mc_w.l(handlers.o)
    0x08010ce2   0x08010ce2   0x0000000e   Code   RO         1222    i._is_digit         mc_w.l(scanf_fp.o)
    0x08010cf0   0x08010cf0   0x00000154   Code   RO         1007    i._printf_core      mc_w.l(printf1.o)
    0x08010e44   0x08010e44   0x0000000a   Code   RO         1009    i._sputc            mc_w.l(printf1.o)
    0x08010e4e   0x08010e4e   0x00000002   PAD
    0x08010e50   0x08010e50   0x00000404   Data   RO          375    .constdata          ano_math.o
    0x08011254   0x08011254   0x00000040   Data   RO         1293    .constdata          mc_w.l(ctype_c.o)
    0x08011294   0x08011294   0x00000048   Data   RO          778    .conststring        misc.o
    0x080112dc   0x080112dc   0x00000051   Data   RO          795    .conststring        stm32f4xx_adc.o
    0x0801132d   0x0801132d   0x00000003   PAD
    0x08011330   0x08011330   0x00000051   Data   RO          812    .conststring        stm32f4xx_dma.o
    0x08011381   0x08011381   0x00000003   PAD
    0x08011384   0x08011384   0x00000052   Data   RO          829    .conststring        stm32f4xx_exti.o
    0x080113d6   0x080113d6   0x00000002   PAD
    0x080113d8   0x080113d8   0x00000052   Data   RO          863    .conststring        stm32f4xx_gpio.o
    0x0801142a   0x0801142a   0x00000002   PAD
    0x0801142c   0x0801142c   0x00000051   Data   RO          880    .conststring        stm32f4xx_rcc.o
    0x0801147d   0x0801147d   0x00000003   PAD
    0x08011480   0x08011480   0x00000051   Data   RO          916    .conststring        stm32f4xx_tim.o
    0x080114d1   0x080114d1   0x00000003   PAD
    0x080114d4   0x080114d4   0x00000053   Data   RO          933    .conststring        stm32f4xx_usart.o
    0x08011527   0x08011527   0x00000001   PAD
    0x08011528   0x08011528   0x00000020   Data   RO         1295    Region$$Table       anon$$obj.o


    Execution Region RW_IRAM1 (Exec base: 0x20000000, Load base: 0x08011548, Size: 0x00001fa0, Max: 0x00020000, ABSOLUTE, COMPRESSED[0x0000020c])

    Exec Addr    Load Addr    Size         Type   Attr      Idx    E Section Name        Object

    0x20000000   COMPRESSED   0x000000b4   Data   RW            4    .data               main.o
    0x200000b4   COMPRESSED   0x00000060   Data   RW          126    .data               ano_scheduler.o
    0x20000114   COMPRESSED   0x00000004   PAD
    0x20000118   COMPRESSED   0x0000031c   Data   RW          153    .data               user_task.o
    0x20000434   COMPRESSED   0x00000023   Data   RW          218    .data               ano_dt_lx.o
    0x20000457   COMPRESSED   0x00000001   PAD
    0x20000458   COMPRESSED   0x00000012   Data   RW          241    .data               ano_lx.o
    0x2000046a   COMPRESSED   0x00000004   Data   RW          284    .data               lx_fc_ext_sensor.o
    0x2000046e   COMPRESSED   0x00000001   Data   RW          306    .data               lx_fc_fun.o
    0x2000046f   COMPRESSED   0x00000001   PAD
    0x20000470   COMPRESSED   0x00000006   Data   RW          324    .data               lx_fc_state.o
    0x20000476   COMPRESSED   0x00000002   PAD
    0x20000478   COMPRESSED   0x00000012   Data   RW          350    .data               drv_bsp.o
    0x2000048a   COMPRESSED   0x00000003   Data   RW          398    .data               drv_anoof.o
    0x2000048d   COMPRESSED   0x00000001   PAD
    0x2000048e   COMPRESSED   0x000000b6   Data   RW          421    .data               drv_ubloxgps.o
    0x20000544   COMPRESSED   0x00000004   PAD
    0x20000548   COMPRESSED   0x00000008   Data   RW          474    .data               drv_sys.o
    0x20000550   COMPRESSED   0x0000000c   Data   RW          524    .data               drv_led.o
    0x2000055c   COMPRESSED   0x00000004   Data   RW          562    .data               drv_rcin.o
    0x20000560   COMPRESSED   0x0000000c   Data   RW          579    .data               drv_timer.o
    0x2000056c   COMPRESSED   0x00000038   Data   RW          610    .data               drv_uart.o
    0x200005a4   COMPRESSED   0x00000014   Data   RW          704    .data               ks103.o
    0x200005b8   COMPRESSED   0x00000014   Data   RW          756    .data               system_stm32f4xx.o
    0x200005cc   COMPRESSED   0x00000010   Data   RW          881    .data               stm32f4xx_rcc.o
    0x200005dc        -       0x00000014   Zero   RW            3    .bss                main.o
    0x200005f0        -       0x00000064   Zero   RW          152    .bss                user_task.o
    0x20000654        -       0x000007a0   Zero   RW          217    .bss                ano_dt_lx.o
    0x20000df4        -       0x0000002e   Zero   RW          240    .bss                ano_lx.o
    0x20000e22        -       0x00000030   Zero   RW          283    .bss                lx_fc_ext_sensor.o
    0x20000e52        -       0x0000000b   Zero   RW          323    .bss                lx_fc_state.o
    0x20000e5d   COMPRESSED   0x00000001   PAD
    0x20000e5e        -       0x0000006b   Zero   RW          349    .bss                drv_bsp.o
    0x20000ec9   COMPRESSED   0x00000003   PAD
    0x20000ecc        -       0x0000007c   Zero   RW          397    .bss                drv_anoof.o
    0x20000f48        -       0x00000064   Zero   RW          420    .bss                drv_ubloxgps.o
    0x20000fac        -       0x0000005c   Zero   RW          439    .bss                datascope_dp.o
    0x20001008        -       0x00000064   Zero   RW          502    .bss                drv_adc.o
    0x2000106c        -       0x00000734   Zero   RW          609    .bss                drv_uart.o
    0x200017a0        -       0x00000800   Zero   RW          747    STACK               startup_stm32f4xx.o


==============================================================================

Image component sizes


      Code (inc. data)   RO Data    RW Data    ZI Data      Debug   Object Name

      2752        146          0         35       1952       9251   ano_dt_lx.o
      1252        104          0         18         46       5705   ano_lx.o
      2172        142       1028          0          0       8418   ano_math.o
       492         58          0         96          0       3375   ano_scheduler.o
       904         82          0          0         92       4217   datascope_dp.o
       404         36          0          0        100       2545   drv_adc.o
       832         36          0          3        124       3966   drv_anoof.o
      1288         66          0         18        107       4486   drv_bsp.o
       356         18          0         12          0       3210   drv_led.o
       892         38          0          0          0       2263   drv_pwmout.o
       484         20          0          4          0       1668   drv_rcin.o
       264         12          0          8          0      20993   drv_sys.o
       428         38          0         12          0       2695   drv_timer.o
      4360        330          0         56       1844      12518   drv_uart.o
       936         82          0        182        100       4079   drv_ubloxgps.o
       808         20          0          0          0     225274   i2c_init.o
       644         34          0         20          0       3140   ks103.o
       228         30          0          4         48       3499   lx_fc_ext_sensor.o
      1164         18          0          1          0       4509   lx_fc_fun.o
       644         30          0          6         11       2695   lx_fc_state.o
       304         46          0        180         20     303390   main.o
       448         30         72          0          0       2725   misc.o
        36          8        392          0       2048       1112   startup_stm32f4xx.o
      4060        104         81          0          0      14042   stm32f4xx_adc.o
      4968        316         81          0          0       9653   stm32f4xx_dma.o
       724         14         82          0          0       3403   stm32f4xx_exti.o
      2248         86         82          0          0       6105   stm32f4xx_gpio.o
       176         10          0          0          0       2594   stm32f4xx_it.o
      3324        218         81         16          0      14467   stm32f4xx_rcc.o
     12780        628         81          0          0      31896   stm32f4xx_tim.o
      3620        116         83          0          0      10776   stm32f4xx_usart.o
       528         46          0         20          0       2863   system_stm32f4xx.o
     10000       1436          0        796        100      15080   user_task.o

    ----------------------------------------------------------------------
     64520       4398       2112       1500       6596     746612   Object Totals
         0          0         32          0          0          0   (incl. Generated)
         0          0         17         13          4          0   (incl. Padding)

    ----------------------------------------------------------------------

      Code (inc. data)   RO Data    RW Data    ZI Data      Debug   Library Member Name

        56          8          0          0          0         84   __0sscanf.o
        86          0          0          0          0          0   __dczerorl2.o
       816          6          0          0          0        112   _scanf.o
       224          0          0          0          0         96   _scanf_str.o
        64          0          0          0          0         84   _sgetc.o
        40          6         64          0          0         68   ctype_c.o
         0          0          0          0          0          0   entry.o
         0          0          0          0          0          0   entry10a.o
         0          0          0          0          0          0   entry11a.o
         4          0          0          0          0          0   entry12b.o
         8          4          0          0          0          0   entry2.o
         4          0          0          0          0          0   entry5.o
         0          0          0          0          0          0   entry7b.o
         0          0          0          0          0          0   entry8b.o
         8          4          0          0          0          0   entry9a.o
        30          0          0          0          0          0   handlers.o
        36          8          0          0          0         68   init.o
        10          0          0          0          0         68   isspace_c.o
         0          0          0          0          0          0   iusefp.o
        30          0          0          0          0         68   llshl.o
        36          0          0          0          0         68   llsshr.o
        32          0          0          0          0         68   llushr.o
        36          0          0          0          0        108   memseta.o
       390         10          0          0          0        252   printf1.o
        40          8          0          0          0         84   scanf_char.o
       878         12          0          0          0        216   scanf_fp.o
        14          0          0          0          0         68   strlen.o
        44          0          0          0          0         80   uidiv.o
        48          0          0          0          0         68   cdcmple.o
        48          0          0          0          0         68   cdrcmple.o
        56          0          0          0          0         88   d2f.o
       334          0          0          0          0        148   dadd.o
       222          0          0          0          0        100   ddiv.o
       186          0          0          0          0        176   depilogue.o
        62          0          0          0          0         80   dfixi.o
        34          0          0          0          0         76   dflti.o
        24          0          0          0          0         76   dfltul.o
       228          0          0          0          0         96   dmul.o
        38          0          0          0          0         68   f2d.o
       110          0          0          0          0        168   fepilogue.o

    ----------------------------------------------------------------------
      4288         66         64          0          0       2804   Library Totals
        12          0          0          0          0          0   (incl. Padding)

    ----------------------------------------------------------------------

      Code (inc. data)   RO Data    RW Data    ZI Data      Debug   Library Name

      2886         66         64          0          0       1592   mc_w.l
      1390          0          0          0          0       1212   mf_w.l

    ----------------------------------------------------------------------
      4288         66         64          0          0       2804   Library Totals

    ----------------------------------------------------------------------

==============================================================================


      Code (inc. data)   RO Data    RW Data    ZI Data      Debug   

     68808       4464       2176       1500       6596     742444   Grand Totals
     68808       4464       2176        524       6596     742444   ELF Image Totals (compressed)
     68808       4464       2176        524          0          0   ROM Totals

==============================================================================

    Total RO  Size (Code + RO Data)                70984 (  69.32kB)
    Total RW  Size (RW Data + ZI Data)              8096 (   7.91kB)
    Total ROM Size (Code + RO Data + RW Data)      71508 (  69.83kB)

==============================================================================

