Component: ARM Compiler 5.06 update 7 (build 960) Tool: armlink [4d3601]

==============================================================================

Section Cross References

    system_stm32f10x.o(.text) refers to system_stm32f10x.o(.data) for SystemCoreClock
    stm32f10x_gpio.o(.text) refers to stm32f10x_rcc.o(.text) for RCC_APB2PeriphResetCmd
    stm32f10x_rcc.o(.text) refers to stm32f10x_rcc.o(.data) for APBAHBPrescTable
    stm32f10x_tim.o(.text) refers to stm32f10x_rcc.o(.text) for RCC_APB2PeriphResetCmd
    stm32f10x_usart.o(.text) refers to stm32f10x_rcc.o(.text) for RCC_APB2PeriphResetCmd
    startup_stm32f10x_hd.o(RESET) refers to startup_stm32f10x_hd.o(STACK) for __initial_sp
    startup_stm32f10x_hd.o(RESET) refers to startup_stm32f10x_hd.o(.text) for Reset_Handler
    startup_stm32f10x_hd.o(RESET) refers to stm32f10x_it.o(.text) for NMI_Handler
    startup_stm32f10x_hd.o(RESET) refers to main.o(.text) for EXTI9_5_IRQHandler
    startup_stm32f10x_hd.o(RESET) refers to timer.o(.text) for TIM1_UP_IRQHandler
    startup_stm32f10x_hd.o(.text) refers to system_stm32f10x.o(.text) for SystemInit
    startup_stm32f10x_hd.o(.text) refers to entry.o(.ARM.Collect$$$$00000000) for __main
    main.o(.text) refers to stm32f10x_rcc.o(.text) for RCC_DeInit
    main.o(.text) refers to stm32f10x_flash.o(.text) for FLASH_PrefetchBufferCmd
    main.o(.text) refers to misc.o(.text) for NVIC_SetVectorTable
    main.o(.text) refers to stm32f10x_tim.o(.text) for TIM_DeInit
    main.o(.text) refers to stm32f10x_usart.o(.text) for USART_Init
    main.o(.text) refers to stm32f10x_gpio.o(.text) for GPIO_Init
    main.o(.text) refers to main.o(.data) for HSEStartUpStatus
    main.o(.text) refers to main.o(.bss) for TIM_TimeBaseStructure
    main.o(.text) refers to printf1.o(i.__0printf$1) for __2printf
    main.o(.text) refers to dflti.o(.text) for __aeabi_i2d
    main.o(.text) refers to ddiv.o(.text) for __aeabi_ddiv
    main.o(.text) refers to dfixi.o(.text) for __aeabi_d2iz
    main.o(.text) refers to delay.o(.text) for delay_ms
    main.o(.text) refers to tcs.o(.text) for xm_colourjudge
    main.o(.text) refers to stm32f10x_exti.o(.text) for EXTI_Init
    main.o(.text) refers to timer.o(.text) for TIM5_Int_Init
    main.o(.text) refers to tcs.o(.data) for count_tcs230
    tcs.o(.text) refers to stm32f10x_tim.o(.text) for TIM_Cmd
    tcs.o(.text) refers to printf1.o(i.__0printf$1) for __2printf
    tcs.o(.text) refers to timer.o(.text) for TIM5_Int_Init
    tcs.o(.text) refers to stm32f10x_gpio.o(.text) for GPIO_ResetBits
    tcs.o(.text) refers to printf1.o(i.__0sprintf$1) for __2sprintf
    tcs.o(.text) refers to strlen.o(.text) for strlen
    tcs.o(.text) refers to tcs.o(.data) for colour_flag
    timer.o(.text) refers to stm32f10x_rcc.o(.text) for RCC_APB1PeriphClockCmd
    timer.o(.text) refers to stm32f10x_tim.o(.text) for TIM_TimeBaseInit
    timer.o(.text) refers to misc.o(.text) for NVIC_Init
    timer.o(.text) refers to stm32f10x_gpio.o(.text) for GPIO_PinRemapConfig
    timer.o(.text) refers to main.o(.data) for times
    timer.o(.text) refers to timer.o(.data) for pwm_num
    timer.o(.text) refers to tcs.o(.data) for tim5_interruput_flag
    delay.o(.text) refers to misc.o(.text) for SysTick_CLKSourceConfig
    delay.o(.text) refers to system_stm32f10x.o(.data) for SystemCoreClock
    delay.o(.text) refers to delay.o(.data) for fac_us
    entry.o(.ARM.Collect$$$$00000000) refers (Special) to entry10a.o(.ARM.Collect$$$$0000000F) for __rt_final_cpp
    entry.o(.ARM.Collect$$$$00000000) refers (Special) to entry11a.o(.ARM.Collect$$$$00000011) for __rt_final_exit
    entry.o(.ARM.Collect$$$$00000000) refers (Special) to entry12b.o(.ARM.Collect$$$$0000000E) for __rt_lib_shutdown_fini
    entry.o(.ARM.Collect$$$$00000000) refers (Special) to entry7b.o(.ARM.Collect$$$$00000008) for _main_clock
    entry.o(.ARM.Collect$$$$00000000) refers (Special) to entry8b.o(.ARM.Collect$$$$0000000A) for _main_cpp_init
    entry.o(.ARM.Collect$$$$00000000) refers (Special) to entry9a.o(.ARM.Collect$$$$0000000B) for _main_init
    entry.o(.ARM.Collect$$$$00000000) refers (Special) to entry5.o(.ARM.Collect$$$$00000004) for _main_scatterload
    entry.o(.ARM.Collect$$$$00000000) refers (Special) to entry2.o(.ARM.Collect$$$$00000001) for _main_stk
    printfb.o(i.__0fprintf$bare) refers to printfb.o(i._printf_core) for _printf_core
    printfb.o(i.__0fprintf$bare) refers to main.o(.text) for fputc
    printfb.o(i.__0printf$bare) refers to printfb.o(i._printf_core) for _printf_core
    printfb.o(i.__0printf$bare) refers to main.o(.text) for fputc
    printfb.o(i.__0printf$bare) refers to stdout.o(.data) for __stdout
    printfb.o(i.__0snprintf$bare) refers to printfb.o(i._printf_core) for _printf_core
    printfb.o(i.__0snprintf$bare) refers to printfb.o(i._snputc) for _snputc
    printfb.o(i.__0sprintf$bare) refers to printfb.o(i._printf_core) for _printf_core
[...]
    printf3.o(i.__0snprintf$3) refers to printf3.o(i._snputc) for _snputc
    printf3.o(i.__0sprintf$3) refers to printf3.o(i._printf_core) for _printf_core
    printf3.o(i.__0sprintf$3) refers to printf3.o(i._sputc) for _sputc
    printf3.o(i.__0vfprintf$3) refers to printf3.o(i._printf_core) for _printf_core
    printf3.o(i.__0vfprintf$3) refers to main.o(.text) for fputc
    printf3.o(i.__0vprintf$3) refers to printf3.o(i._printf_core) for _printf_core
    printf3.o(i.__0vprintf$3) refers to main.o(.text) for fputc
    printf3.o(i.__0vprintf$3) refers to stdout.o(.data) for __stdout
    printf3.o(i.__0vsnprintf$3) refers to printf3.o(i._printf_core) for _printf_core
    printf3.o(i.__0vsnprintf$3) refers to printf3.o(i._snputc) for _snputc
    printf3.o(i.__0vsprintf$3) refers to printf3.o(i._printf_core) for _printf_core
    printf3.o(i.__0vsprintf$3) refers to printf3.o(i._sputc) for _sputc
    printf3.o(i._printf_core) refers to uidiv.o(.text) for __aeabi_uidivmod
    printf4.o(i.__0fprintf$4) refers to printf4.o(i._printf_core) for _printf_core
    printf4.o(i.__0fprintf$4) refers to main.o(.text) for fputc
    printf4.o(i.__0printf$4) refers to printf4.o(i._printf_core) for _printf_core
    printf4.o(i.__0printf$4) refers to main.o(.text) for fputc
    printf4.o(i.__0printf$4) refers to stdout.o(.data) for __stdout
    printf4.o(i.__0snprintf$4) refers to printf4.o(i._printf_core) for _printf_core
    printf4.o(i.__0snprintf$4) refers to printf4.o(i._snputc) for _snputc
    printf4.o(i.__0sprintf$4) refers to printf4.o(i._printf_core) for _printf_core
    printf4.o(i.__0sprintf$4) refers to printf4.o(i._sputc) for _sputc
    printf4.o(i.__0vfprintf$4) refers to printf4.o(i._printf_core) for _printf_core
    printf4.o(i.__0vfprintf$4) refers to main.o(.text) for fputc
    printf4.o(i.__0vprintf$4) refers to printf4.o(i._printf_core) for _printf_core
    printf4.o(i.__0vprintf$4) refers to main.o(.text) for fputc
    printf4.o(i.__0vprintf$4) refers to stdout.o(.data) for __stdout
    printf4.o(i.__0vsnprintf$4) refers to printf4.o(i._printf_core) for _printf_core
    printf4.o(i.__0vsnprintf$4) refers to printf4.o(i._snputc) for _snputc
    printf4.o(i.__0vsprintf$4) refers to printf4.o(i._printf_core) for _printf_core
    printf4.o(i.__0vsprintf$4) refers to printf4.o(i._sputc) for _sputc
    printf4.o(i._printf_core) refers to uldiv.o(.text) for __aeabi_uldivmod
    printf5.o(i.__0fprintf$5) refers to printf5.o(i._printf_core) for _printf_core
    printf5.o(i.__0fprintf$5) refers to main.o(.text) for fputc
    printf5.o(i.__0printf$5) refers to printf5.o(i._printf_core) for _printf_core
    printf5.o(i.__0printf$5) refers to main.o(.text) for fputc
    printf5.o(i.__0printf$5) refers to stdout.o(.data) for __stdout
    printf5.o(i.__0snprintf$5) refers to printf5.o(i._printf_core) for _printf_core
    printf5.o(i.__0snprintf$5) refers to printf5.o(i._snputc) for _snputc
    printf5.o(i.__0sprintf$5) refers to printf5.o(i._printf_core) for _printf_core
    printf5.o(i.__0sprintf$5) refers to printf5.o(i._sputc) for _sputc
    printf5.o(i.__0vfprintf$5) refers to printf5.o(i._printf_core) for _printf_core
    printf5.o(i.__0vfprintf$5) refers to main.o(.text) for fputc
    printf5.o(i.__0vprintf$5) refers to printf5.o(i._printf_core) for _printf_core
    printf5.o(i.__0vprintf$5) refers to main.o(.text) for fputc
    printf5.o(i.__0vprintf$5) refers to stdout.o(.data) for __stdout
    printf5.o(i.__0vsnprintf$5) refers to printf5.o(i._printf_core) for _printf_core
    printf5.o(i.__0vsnprintf$5) refers to printf5.o(i._snputc) for _snputc
    printf5.o(i.__0vsprintf$5) refers to printf5.o(i._printf_core) for _printf_core
    printf5.o(i.__0vsprintf$5) refers to printf5.o(i._sputc) for _sputc
    printf5.o(i._printf_core) refers to uldiv.o(.text) for __aeabi_uldivmod
    printf6.o(i.__0fprintf$6) refers to printf6.o(i._printf_core) for _printf_core
    printf6.o(i.__0fprintf$6) refers to main.o(.text) for fputc
    printf6.o(i.__0printf$6) refers to printf6.o(i._printf_core) for _printf_core
    printf6.o(i.__0printf$6) refers to main.o(.text) for fputc
    printf6.o(i.__0printf$6) refers to stdout.o(.data) for __stdout
    printf6.o(i.__0snprintf$6) refers to printf6.o(i._printf_core) for _printf_core
    printf6.o(i.__0snprintf$6) refers to printf6.o(i._snputc) for _snputc
    printf6.o(i.__0sprintf$6) refers to printf6.o(i._printf_core) for _printf_core
    printf6.o(i.__0sprintf$6) refers to printf6.o(i._sputc) for _sputc
    printf6.o(i.__0vfprintf$6) refers to printf6.o(i._printf_core) for _printf_core
    printf6.o(i.__0vfprintf$6) refers to main.o(.text) for fputc
    printf6.o(i.__0vprintf$6) refers to printf6.o(i._printf_core) for _printf_core
    printf6.o(i.__0vprintf$6) refers to main.o(.text) for fputc
    printf6.o(i.__0vprintf$6) refers to stdout.o(.data) for __stdout
    printf6.o(i.__0vsnprintf$6) refers to printf6.o(i._printf_core) for _printf_core
    printf6.o(i.__0vsnprintf$6) refers to printf6.o(i._snputc) for _snputc
    printf6.o(i.__0vsprintf$6) refers to printf6.o(i._printf_core) for _printf_core
    printf6.o(i.__0vsprintf$6) refers to printf6.o(i._sputc) for _sputc
    printf6.o(i._printf_core) refers to printf6.o(i._printf_pre_padding) for _printf_pre_padding
    printf6.o(i._printf_core) refers to uidiv.o(.text) for __aeabi_uidivmod
    printf6.o(i._printf_core) refers to printf6.o(i._printf_post_padding) for _printf_post_padding
    printf7.o(i.__0fprintf$7) refers to printf7.o(i._printf_core) for _printf_core
    printf7.o(i.__0fprintf$7) refers to main.o(.text) for fputc
    printf7.o(i.__0printf$7) refers to printf7.o(i._printf_core) for _printf_core
    printf7.o(i.__0printf$7) refers to main.o(.text) for fputc
    printf7.o(i.__0printf$7) refers to stdout.o(.data) for __stdout
    printf7.o(i.__0snprintf$7) refers to printf7.o(i._printf_core) for _printf_core
    printf7.o(i.__0snprintf$7) refers to printf7.o(i._snputc) for _snputc
    printf7.o(i.__0sprintf$7) refers to printf7.o(i._printf_core) for _printf_core
    printf7.o(i.__0sprintf$7) refers to printf7.o(i._sputc) for _sputc
    printf7.o(i.__0vfprintf$7) refers to printf7.o(i._printf_core) for _printf_core
    printf7.o(i.__0vfprintf$7) refers to main.o(.text) for fputc
    printf7.o(i.__0vprintf$7) refers to printf7.o(i._printf_core) for _printf_core
    printf7.o(i.__0vprintf$7) refers to main.o(.text) for fputc
    printf7.o(i.__0vprintf$7) refers to stdout.o(.data) for __stdout
    printf7.o(i.__0vsnprintf$7) refers to printf7.o(i._printf_core) for _printf_core
    printf7.o(i.__0vsnprintf$7) refers to printf7.o(i._snputc) for _snputc
    printf7.o(i.__0vsprintf$7) refers to printf7.o(i._printf_core) for _printf_core
    printf7.o(i.__0vsprintf$7) refers to printf7.o(i._sputc) for _sputc
    printf7.o(i._printf_core) refers to printf7.o(i._printf_pre_padding) for _printf_pre_padding
    printf7.o(i._printf_core) refers to uldiv.o(.text) for __aeabi_uldivmod
    printf7.o(i._printf_core) refers to printf7.o(i._printf_post_padding) for _printf_post_padding
    printf8.o(i.__0fprintf$8) refers to printf8.o(i._printf_core) for _printf_core
    printf8.o(i.__0fprintf$8) refers to main.o(.text) for fputc
    printf8.o(i.__0printf$8) refers to printf8.o(i._printf_core) for _printf_core
    printf8.o(i.__0printf$8) refers to main.o(.text) for fputc
    printf8.o(i.__0printf$8) refers to stdout.o(.data) for __stdout
    printf8.o(i.__0snprintf$8) refers to printf8.o(i._printf_core) for _printf_core
    printf8.o(i.__0snprintf$8) refers to printf8.o(i._snputc) for _snputc
    printf8.o(i.__0sprintf$8) refers to printf8.o(i._printf_core) for _printf_core
    printf8.o(i.__0sprintf$8) refers to printf8.o(i._sputc) for _sputc
    printf8.o(i.__0vfprintf$8) refers to printf8.o(i._printf_core) for _printf_core
    printf8.o(i.__0vfprintf$8) refers to main.o(.text) for fputc
    printf8.o(i.__0vprintf$8) refers to printf8.o(i._printf_core) for _printf_core
    printf8.o(i.__0vprintf$8) refers to main.o(.text) for fputc
    printf8.o(i.__0vprintf$8) refers to stdout.o(.data) for __stdout
    printf8.o(i.__0vsnprintf$8) refers to printf8.o(i._printf_core) for _printf_core
    printf8.o(i.__0vsnprintf$8) refers to printf8.o(i._snputc) for _snputc
    printf8.o(i.__0vsprintf$8) refers to printf8.o(i._printf_core) for _printf_core
    printf8.o(i.__0vsprintf$8) refers to printf8.o(i._sputc) for _sputc
    printf8.o(i._printf_core) refers to printf8.o(i._printf_pre_padding) for _printf_pre_padding
    printf8.o(i._printf_core) refers to uldiv.o(.text) for __aeabi_uldivmod
    printf8.o(i._printf_core) refers to printf8.o(i._printf_post_padding) for _printf_post_padding
    printfa.o(i.__0fprintf) refers (Special) to iusefp.o(.text) for __I$use$fp
    printfa.o(i.__0fprintf) refers to printfa.o(i._printf_core) for _printf_core
    printfa.o(i.__0fprintf) refers to main.o(.text) for fputc
    printfa.o(i.__0printf) refers (Special) to iusefp.o(.text) for __I$use$fp
    printfa.o(i.__0printf) refers to printfa.o(i._printf_core) for _printf_core
    printfa.o(i.__0printf) refers to main.o(.text) for fputc
    printfa.o(i.__0printf) refers to stdout.o(.data) for __stdout
    printfa.o(i.__0snprintf) refers (Special) to iusefp.o(.text) for __I$use$fp
    printfa.o(i.__0snprintf) refers to printfa.o(i._printf_core) for _printf_core
    printfa.o(i.__0snprintf) refers to printfa.o(i._snputc) for _snputc
    printfa.o(i.__0sprintf) refers (Special) to iusefp.o(.text) for __I$use$fp
    printfa.o(i.__0sprintf) refers to printfa.o(i._printf_core) for _printf_core
    printfa.o(i.__0sprintf) refers to printfa.o(i._sputc) for _sputc
    printfa.o(i.__0vfprintf) refers (Special) to iusefp.o(.text) for __I$use$fp
    printfa.o(i.__0vfprintf) refers to printfa.o(i._printf_core) for _printf_core
    printfa.o(i.__0vfprintf) refers to main.o(.text) for fputc
    printfa.o(i.__0vprintf) refers (Special) to iusefp.o(.text) for __I$use$fp
    printfa.o(i.__0vprintf) refers to printfa.o(i._printf_core) for _printf_core
    printfa.o(i.__0vprintf) refers to main.o(.text) for fputc
    printfa.o(i.__0vprintf) refers to stdout.o(.data) for __stdout
    printfa.o(i.__0vsnprintf) refers (Special) to iusefp.o(.text) for __I$use$fp
    printfa.o(i.__0vsnprintf) refers to printfa.o(i._printf_core) for _printf_core
    printfa.o(i.__0vsnprintf) refers to printfa.o(i._snputc) for _snputc
    printfa.o(i.__0vsprintf) refers (Special) to iusefp.o(.text) for __I$use$fp
    printfa.o(i.__0vsprintf) refers to printfa.o(i._printf_core) for _printf_core
    printfa.o(i.__0vsprintf) refers to printfa.o(i._sputc) for _sputc
    printfa.o(i._fp_digits) refers (Special) to iusefp.o(.text) for __I$use$fp
    printfa.o(i._fp_digits) refers to dmul.o(.text) for __aeabi_dmul
    printfa.o(i._fp_digits) refers to ddiv.o(.text) for __aeabi_ddiv
    printfa.o(i._fp_digits) refers to cdrcmple.o(.text) for __aeabi_cdrcmple
    printfa.o(i._fp_digits) refers to dadd.o(.text) for __aeabi_dadd
    printfa.o(i._fp_digits) refers to dfixul.o(.text) for __aeabi_d2ulz
    printfa.o(i._fp_digits) refers to uldiv.o(.text) for __aeabi_uldivmod
    printfa.o(i._printf_core) refers (Special) to iusefp.o(.text) for __I$use$fp
    printfa.o(i._printf_core) refers to printfa.o(i._printf_pre_padding) for _printf_pre_padding
    printfa.o(i._printf_core) refers to uldiv.o(.text) for __aeabi_uldivmod
    printfa.o(i._printf_core) refers to printfa.o(i._printf_post_padding) for _printf_post_padding
    printfa.o(i._printf_core) refers to printfa.o(i._fp_digits) for _fp_digits
    printfa.o(i._printf_core) refers to uidiv.o(.text) for __aeabi_uidivmod
    printfa.o(i._printf_post_padding) refers (Special) to iusefp.o(.text) for __I$use$fp
    printfa.o(i._printf_pre_padding) refers (Special) to iusefp.o(.text) for __I$use$fp
    printfa.o(i._snputc) refers (Special) to iusefp.o(.text) for __I$use$fp
    printfa.o(i._sputc) refers (Special) to iusefp.o(.text) for __I$use$fp
    ddiv.o(.text) refers (Special) to iusefp.o(.text) for __I$use$fp
    ddiv.o(.text) refers to depilogue.o(.text) for _double_round
    dflti.o(.text) refers (Special) to iusefp.o(.text) for __I$use$fp
    dflti.o(.text) refers to depilogue.o(.text) for _double_epilogue
    dfixi.o(.text) refers (Special) to iusefp.o(.text) for __I$use$fp
    dfixi.o(.text) refers to llushr.o(.text) for __aeabi_llsr
    entry2.o(.ARM.Collect$$$$00000001) refers to entry2.o(.ARM.Collect$$$$00002712) for __lit__00000000
    entry2.o(.ARM.Collect$$$$00002712) refers to startup_stm32f10x_hd.o(STACK) for __initial_sp
    entry2.o(__vectab_stack_and_reset_area) refers to startup_stm32f10x_hd.o(STACK) for __initial_sp
    entry2.o(__vectab_stack_and_reset_area) refers to entry.o(.ARM.Collect$$$$00000000) for __main
    entry5.o(.ARM.Collect$$$$00000004) refers to init.o(.text) for __scatterload
    entry9a.o(.ARM.Collect$$$$0000000B) refers to main.o(.text) for main
    entry9b.o(.ARM.Collect$$$$0000000C) refers to main.o(.text) for main
    uldiv.o(.text) refers to llushr.o(.text) for __aeabi_llsr
    uldiv.o(.text) refers to llshl.o(.text) for __aeabi_llsl
    depilogue.o(.text) refers to llshl.o(.text) for __aeabi_llsl
    depilogue.o(.text) refers to llushr.o(.text) for __aeabi_llsr
    dadd.o(.text) refers to llshl.o(.text) for __aeabi_llsl
    dadd.o(.text) refers to llsshr.o(.text) for __aeabi_lasr
    dadd.o(.text) refers to depilogue.o(.text) for _double_epilogue
    dmul.o(.text) refers to depilogue.o(.text) for _double_epilogue
    dfixul.o(.text) refers to llushr.o(.text) for __aeabi_llsr
    dfixul.o(.text) refers to llshl.o(.text) for __aeabi_llsl
    init.o(.text) refers to entry5.o(.ARM.Collect$$$$00000004) for __main_after_scatterload


==============================================================================

Removing Unused input sections from the image.

    Removing core_cm3.o(.emb_text), (32 bytes).
    Removing stm32f10x_fsmc.o(.text), (1548 bytes).
    Removing startup_stm32f10x_hd.o(HEAP), (512 bytes).
    Removing dadd.o(.text), (334 bytes).
    Removing dmul.o(.text), (228 bytes).
    Removing dfixul.o(.text), (48 bytes).
    Removing cdrcmple.o(.text), (48 bytes).

7 unused section(s) (total 2750 bytes) removed from the image.

==============================================================================

Image Symbol Table

    Local Symbols

    Symbol Name                              Value     Ov Type        Size  Object(Section)

    ../clib/../cmprslib/zerorunl2.c          0x00000000   Number         0  __dczerorl2.o ABSOLUTE
    ../clib/microlib/division.c              0x00000000   Number         0  uldiv.o ABSOLUTE
    ../clib/microlib/division.c              0x00000000   Number         0  uidiv.o ABSOLUTE
    ../clib/microlib/init/entry.s            0x00000000   Number         0  entry12b.o ABSOLUTE
    ../clib/microlib/init/entry.s            0x00000000   Number         0  entry12a.o ABSOLUTE
    ../clib/microlib/init/entry.s            0x00000000   Number         0  entry11b.o ABSOLUTE
    ../clib/microlib/init/entry.s            0x00000000   Number         0  entry7a.o ABSOLUTE
    ../clib/microlib/init/entry.s            0x00000000   Number         0  entry11a.o ABSOLUTE
    ../clib/microlib/init/entry.s            0x00000000   Number         0  entry7b.o ABSOLUTE
    ../clib/microlib/init/entry.s            0x00000000   Number         0  entry5.o ABSOLUTE
    ../clib/microlib/init/entry.s            0x00000000   Number         0  entry10b.o ABSOLUTE
    ../clib/microlib/init/entry.s            0x00000000   Number         0  entry8a.o ABSOLUTE
    ../clib/microlib/init/entry.s            0x00000000   Number         0  entry8b.o ABSOLUTE
    ../clib/microlib/init/entry.s            0x00000000   Number         0  entry10a.o ABSOLUTE
    ../clib/microlib/init/entry.s            0x00000000   Number         0  entry9a.o ABSOLUTE
    ../clib/microlib/init/entry.s            0x00000000   Number         0  entry9b.o ABSOLUTE
    ../clib/microlib/init/entry.s            0x00000000   Number         0  entry.o ABSOLUTE
    ../clib/microlib/init/entry.s            0x00000000   Number         0  entry2.o ABSOLUTE
    ../clib/microlib/longlong.c              0x00000000   Number         0  llsshr.o ABSOLUTE
    ../clib/microlib/longlong.c              0x00000000   Number         0  llshl.o ABSOLUTE
    ../clib/microlib/longlong.c              0x00000000   Number         0  llushr.o ABSOLUTE
    ../clib/microlib/printf/printf.c         0x00000000   Number         0  printf3.o ABSOLUTE
    ../clib/microlib/printf/printf.c         0x00000000   Number         0  printf1.o ABSOLUTE
    ../clib/microlib/printf/printf.c         0x00000000   Number         0  printf2.o ABSOLUTE
    ../clib/microlib/printf/printf.c         0x00000000   Number         0  printfa.o ABSOLUTE
    ../clib/microlib/printf/printf.c         0x00000000   Number         0  printfb.o ABSOLUTE
    ../clib/microlib/printf/printf.c         0x00000000   Number         0  printf0.o ABSOLUTE
    ../clib/microlib/printf/printf.c         0x00000000   Number         0  printf8.o ABSOLUTE
    ../clib/microlib/printf/printf.c         0x00000000   Number         0  printf7.o ABSOLUTE
    ../clib/microlib/printf/printf.c         0x00000000   Number         0  printf6.o ABSOLUTE
    ../clib/microlib/printf/printf.c         0x00000000   Number         0  printf5.o ABSOLUTE
    ../clib/microlib/printf/printf.c         0x00000000   Number         0  printf4.o ABSOLUTE
    ../clib/microlib/printf/stubs.s          0x00000000   Number         0  stubs.o ABSOLUTE
    ../clib/microlib/stdio/streams.c         0x00000000   Number         0  stdout.o ABSOLUTE
    ../clib/microlib/string/strlen.c         0x00000000   Number         0  strlen.o ABSOLUTE
    ../clib/microlib/stubs.s                 0x00000000   Number         0  iusefp.o ABSOLUTE
    ../fplib/microlib/fpadd.c                0x00000000   Number         0  dadd.o ABSOLUTE
    ../fplib/microlib/fpdiv.c                0x00000000   Number         0  ddiv.o ABSOLUTE
    ../fplib/microlib/fpepilogue.c           0x00000000   Number         0  depilogue.o ABSOLUTE
    ../fplib/microlib/fpfix.c                0x00000000   Number         0  dfixi.o ABSOLUTE
    ../fplib/microlib/fpfix.c                0x00000000   Number         0  dfixul.o ABSOLUTE
    ../fplib/microlib/fpflt.c                0x00000000   Number         0  dflti.o ABSOLUTE
    ../fplib/microlib/fpmul.c                0x00000000   Number         0  dmul.o ABSOLUTE
    ..\\cmsis\\core_cm3.c                    0x00000000   Number         0  core_cm3.o ABSOLUTE
    ..\cmsis\core_cm3.c                      0x00000000   Number         0  core_cm3.o ABSOLUTE
    ..\cmsis\system_stm32f10x.c              0x00000000   Number         0  system_stm32f10x.o ABSOLUTE
    ..\driver\src\misc.c                     0x00000000   Number         0  misc.o ABSOLUTE
    ..\driver\src\stm32f10x_exti.c           0x00000000   Number         0  stm32f10x_exti.o ABSOLUTE
    ..\driver\src\stm32f10x_flash.c          0x00000000   Number         0  stm32f10x_flash.o ABSOLUTE
    ..\driver\src\stm32f10x_fsmc.c           0x00000000   Number         0  stm32f10x_fsmc.o ABSOLUTE
    ..\driver\src\stm32f10x_gpio.c           0x00000000   Number         0  stm32f10x_gpio.o ABSOLUTE
    ..\driver\src\stm32f10x_rcc.c            0x00000000   Number         0  stm32f10x_rcc.o ABSOLUTE
    ..\driver\src\stm32f10x_tim.c            0x00000000   Number         0  stm32f10x_tim.o ABSOLUTE
    ..\driver\src\stm32f10x_usart.c          0x00000000   Number         0  stm32f10x_usart.o ABSOLUTE
    ..\startup\startup_stm32f10x_hd.s        0x00000000   Number         0  startup_stm32f10x_hd.o ABSOLUTE
    ..\user\delay.c                          0x00000000   Number         0  delay.o ABSOLUTE
    ..\user\main.c                           0x00000000   Number         0  main.o ABSOLUTE
    ..\user\stm32f10x_it.c                   0x00000000   Number         0  stm32f10x_it.o ABSOLUTE
    ..\user\tcs.c                            0x00000000   Number         0  tcs.o ABSOLUTE
    ..\user\timer.c                          0x00000000   Number         0  timer.o ABSOLUTE
    cdrcmple.s                               0x00000000   Number         0  cdrcmple.o ABSOLUTE
    dc.s                                     0x00000000   Number         0  dc.o ABSOLUTE
    handlers.s                               0x00000000   Number         0  handlers.o ABSOLUTE
    init.s                                   0x00000000   Number         0  init.o ABSOLUTE
    RESET                                    0x08000000   Section      304  startup_stm32f10x_hd.o(RESET)
    .ARM.Collect$$$$00000000                 0x08000130   Section        0  entry.o(.ARM.Collect$$$$00000000)
    .ARM.Collect$$$$00000001                 0x08000130   Section        4  entry2.o(.ARM.Collect$$$$00000001)
    .ARM.Collect$$$$00000004                 0x08000134   Section        4  entry5.o(.ARM.Collect$$$$00000004)
    .ARM.Collect$$$$00000008                 0x08000138   Section        0  entry7b.o(.ARM.Collect$$$$00000008)
    .ARM.Collect$$$$0000000A                 0x08000138   Section        0  entry8b.o(.ARM.Collect$$$$0000000A)
    .ARM.Collect$$$$0000000B                 0x08000138   Section        8  entry9a.o(.ARM.Collect$$$$0000000B)
    .ARM.Collect$$$$0000000E                 0x08000140   Section        4  entry12b.o(.ARM.Collect$$$$0000000E)
    .ARM.Collect$$$$0000000F                 0x08000144   Section        0  entry10a.o(.ARM.Collect$$$$0000000F)
    .ARM.Collect$$$$00000011                 0x08000144   Section        0  entry11a.o(.ARM.Collect$$$$00000011)
    .ARM.Collect$$$$00002712                 0x08000144   Section        4  entry2.o(.ARM.Collect$$$$00002712)
    __lit__00000000                          0x08000144   Data           4  entry2.o(.ARM.Collect$$$$00002712)
    .text                                    0x08000148   Section        0  system_stm32f10x.o(.text)
    SetSysClockTo72                          0x08000149   Thumb Code   214  system_stm32f10x.o(.text)
    SetSysClock                              0x0800021f   Thumb Code     8  system_stm32f10x.o(.text)
    .text                                    0x08000328   Section        0  misc.o(.text)
    .text                                    0x08000404   Section        0  stm32f10x_exti.o(.text)
    .text                                    0x08000520   Section        0  stm32f10x_gpio.o(.text)
    .text                                    0x0800087c   Section        0  stm32f10x_rcc.o(.text)
    .text                                    0x08000c20   Section        0  stm32f10x_tim.o(.text)
    TI4_Config                               0x080010c7   Thumb Code   130  stm32f10x_tim.o(.text)
    TI3_Config                               0x0800115b   Thumb Code   122  stm32f10x_tim.o(.text)
    TI2_Config                               0x080011ef   Thumb Code   130  stm32f10x_tim.o(.text)
    TI1_Config                               0x08001283   Thumb Code   108  stm32f10x_tim.o(.text)
    .text                                    0x08001a3c   Section        0  stm32f10x_usart.o(.text)
    .text                                    0x08001e44   Section        0  stm32f10x_flash.o(.text)
    .text                                    0x08002400   Section       36  startup_stm32f10x_hd.o(.text)
    .text                                    0x08002424   Section        0  main.o(.text)
    .text                                    0x08005554   Section        0  stm32f10x_it.o(.text)
    .text                                    0x08005574   Section        0  tcs.o(.text)
    .text                                    0x08005bc0   Section        0  timer.o(.text)
    .text                                    0x0800642c   Section        0  delay.o(.text)
    .text                                    0x08006500   Section        0  strlen.o(.text)
    .text                                    0x0800650e   Section        0  ddiv.o(.text)
    .text                                    0x080065ec   Section        0  dflti.o(.text)
    .text                                    0x0800660e   Section        0  dfixi.o(.text)
    .text                                    0x0800664c   Section        0  uidiv.o(.text)
    .text                                    0x08006678   Section        0  llushr.o(.text)
    .text                                    0x08006698   Section        0  iusefp.o(.text)
    .text                                    0x08006698   Section        0  depilogue.o(.text)
    .text                                    0x08006754   Section       36  init.o(.text)
    .text                                    0x08006778   Section        0  llshl.o(.text)
    .text                                    0x08006796   Section        0  __dczerorl2.o(.text)
    i.__0printf$1                            0x080067ec   Section        0  printf1.o(i.__0printf$1)
    i.__0sprintf$1                           0x0800680c   Section        0  printf1.o(i.__0sprintf$1)
    i.__scatterload_copy                     0x08006834   Section       14  handlers.o(i.__scatterload_copy)
    i.__scatterload_null                     0x08006842   Section        2  handlers.o(i.__scatterload_null)
    i.__scatterload_zeroinit                 0x08006844   Section       14  handlers.o(i.__scatterload_zeroinit)
    i._printf_core                           0x08006854   Section        0  printf1.o(i._printf_core)
    _printf_core                             0x08006855   Thumb Code   336  printf1.o(i._printf_core)
    i._sputc                                 0x080069a8   Section        0  printf1.o(i._sputc)
    _sputc                                   0x080069a9   Thumb Code    10  printf1.o(i._sputc)
    .data                                    0x20000000   Section       20  system_stm32f10x.o(.data)
    .data                                    0x20000014   Section       20  stm32f10x_rcc.o(.data)
    APBAHBPrescTable                         0x20000014   Data          16  stm32f10x_rcc.o(.data)
    ADCPrescTable                            0x20000024   Data           4  stm32f10x_rcc.o(.data)
    .data                                    0x20000028   Section      117  main.o(.data)
    .data                                    0x200000a0   Section       88  tcs.o(.data)
    .data                                    0x200000f8   Section      140  timer.o(.data)
    .data                                    0x20000184   Section        4  delay.o(.data)
    fac_us                                   0x20000184   Data           1  delay.o(.data)
    fac_ms                                   0x20000186   Data           2  delay.o(.data)
    .data                                    0x20000188   Section        4  stdout.o(.data)
    .bss                                     0x2000018c   Section       52  main.o(.bss)
    STACK                                    0x200001c0   Section     1024  startup_stm32f10x_hd.o(STACK)

    Global Symbols

    Symbol Name                              Value     Ov Type        Size  Object(Section)

    BuildAttributes$$THM_ISAv4$P$D$K$B$S$PE$A:L22UL41UL21$X:L11$S22US41US21$IEEE1$IW$USESV6$~STKCKD$USESV7$~SHL$OSPACE$ROPI$EBA8$MICROLIB$REQ8$PRES8$EABIv2 0x00000000   Number         0  anon$$obj.o ABSOLUTE
    __ARM_use_no_argv                        0x00000000   Number         0  main.o ABSOLUTE
    _printf_a                                0x00000000   Number         0  stubs.o ABSOLUTE
    _printf_c                                0x00000000   Number         0  stubs.o ABSOLUTE
    _printf_charcount                        0x00000000   Number         0  stubs.o ABSOLUTE
    _printf_d                                0x00000000   Number         0  stubs.o ABSOLUTE
    _printf_e                                0x00000000   Number         0  stubs.o ABSOLUTE
    _printf_f                                0x00000000   Number         0  stubs.o ABSOLUTE
    _printf_flags                            0x00000000   Number         0  stubs.o ABSOLUTE
    _printf_fp_dec                           0x00000000   Number         0  stubs.o ABSOLUTE
    _printf_fp_hex                           0x00000000   Number         0  stubs.o ABSOLUTE
    _printf_g                                0x00000000   Number         0  stubs.o ABSOLUTE
    _printf_i                                0x00000000   Number         0  stubs.o ABSOLUTE
    _printf_int_dec                          0x00000000   Number         0  stubs.o ABSOLUTE
    _printf_l                                0x00000000   Number         0  stubs.o ABSOLUTE
    _printf_lc                               0x00000000   Number         0  stubs.o ABSOLUTE
    _printf_ll                               0x00000000   Number         0  stubs.o ABSOLUTE
    _printf_lld                              0x00000000   Number         0  stubs.o ABSOLUTE
    _printf_lli                              0x00000000   Number         0  stubs.o ABSOLUTE
    _printf_llo                              0x00000000   Number         0  stubs.o ABSOLUTE
    _printf_llu                              0x00000000   Number         0  stubs.o ABSOLUTE
    _printf_llx                              0x00000000   Number         0  stubs.o ABSOLUTE
    _printf_longlong_dec                     0x00000000   Number         0  stubs.o ABSOLUTE
    _printf_longlong_hex                     0x00000000   Number         0  stubs.o ABSOLUTE
    _printf_longlong_oct                     0x00000000   Number         0  stubs.o ABSOLUTE
    _printf_ls                               0x00000000   Number         0  stubs.o ABSOLUTE
    _printf_mbtowc                           0x00000000   Number         0  stubs.o ABSOLUTE
    _printf_n                                0x00000000   Number         0  stubs.o ABSOLUTE
    _printf_o                                0x00000000   Number         0  stubs.o ABSOLUTE
    _printf_p                                0x00000000   Number         0  stubs.o ABSOLUTE
    _printf_percent                          0x00000000   Number         0  stubs.o ABSOLUTE
    _printf_pre_padding                      0x00000000   Number         0  stubs.o ABSOLUTE
    _printf_return_value                     0x00000000   Number         0  stubs.o ABSOLUTE
    _printf_s                                0x00000000   Number         0  stubs.o ABSOLUTE
    _printf_sizespec                         0x00000000   Number         0  stubs.o ABSOLUTE
    _printf_str                              0x00000000   Number         0  stubs.o ABSOLUTE
    _printf_truncate_signed                  0x00000000   Number         0  stubs.o ABSOLUTE
    _printf_truncate_unsigned                0x00000000   Number         0  stubs.o ABSOLUTE
    _printf_u                                0x00000000   Number         0  stubs.o ABSOLUTE
    _printf_wc                               0x00000000   Number         0  stubs.o ABSOLUTE
    _printf_wctomb                           0x00000000   Number         0  stubs.o ABSOLUTE
    _printf_widthprec                        0x00000000   Number         0  stubs.o ABSOLUTE
    _printf_x                                0x00000000   Number         0  stubs.o ABSOLUTE
    __arm_fini_                               - Undefined Weak Reference
    __cpp_initialize__aeabi_                  - Undefined Weak Reference
    __cxa_finalize                            - Undefined Weak Reference
    _clock_init                               - Undefined Weak Reference
    _microlib_exit                            - Undefined Weak Reference
    __Vectors_Size                           0x00000130   Number         0  startup_stm32f10x_hd.o ABSOLUTE
    __Vectors                                0x08000000   Data           4  startup_stm32f10x_hd.o(RESET)
    __Vectors_End                            0x08000130   Data           0  startup_stm32f10x_hd.o(RESET)
    __main                                   0x08000131   Thumb Code     0  entry.o(.ARM.Collect$$$$00000000)
    _main_stk                                0x08000131   Thumb Code     0  entry2.o(.ARM.Collect$$$$00000001)
    _main_scatterload                        0x08000135   Thumb Code     0  entry5.o(.ARM.Collect$$$$00000004)
    __main_after_scatterload                 0x08000139   Thumb Code     0  entry5.o(.ARM.Collect$$$$00000004)
    _main_clock                              0x08000139   Thumb Code     0  entry7b.o(.ARM.Collect$$$$00000008)
    _main_cpp_init                           0x08000139   Thumb Code     0  entry8b.o(.ARM.Collect$$$$0000000A)
    _main_init                               0x08000139   Thumb Code     0  entry9a.o(.ARM.Collect$$$$0000000B)
    __rt_lib_shutdown_fini                   0x08000141   Thumb Code     0  entry12b.o(.ARM.Collect$$$$0000000E)
    __rt_final_cpp                           0x08000145   Thumb Code     0  entry10a.o(.ARM.Collect$$$$0000000F)
    __rt_final_exit                          0x08000145   Thumb Code     0  entry11a.o(.ARM.Collect$$$$00000011)
    SystemInit                               0x08000227   Thumb Code    78  system_stm32f10x.o(.text)
    SystemCoreClockUpdate                    0x08000275   Thumb Code   142  system_stm32f10x.o(.text)
    NVIC_PriorityGroupConfig                 0x08000329   Thumb Code    10  misc.o(.text)
    NVIC_Init                                0x08000333   Thumb Code   100  misc.o(.text)
    NVIC_SetVectorTable                      0x08000397   Thumb Code    14  misc.o(.text)
    NVIC_SystemLPConfig                      0x080003a5   Thumb Code    34  misc.o(.text)
    SysTick_CLKSourceConfig                  0x080003c7   Thumb Code    40  misc.o(.text)
    EXTI_DeInit                              0x08000405   Thumb Code    28  stm32f10x_exti.o(.text)
    EXTI_Init                                0x08000421   Thumb Code   142  stm32f10x_exti.o(.text)
    EXTI_StructInit                          0x080004af   Thumb Code    16  stm32f10x_exti.o(.text)
    EXTI_GenerateSWInterrupt                 0x080004bf   Thumb Code    16  stm32f10x_exti.o(.text)
    EXTI_GetFlagStatus                       0x080004cf   Thumb Code    22  stm32f10x_exti.o(.text)
    EXTI_ClearFlag                           0x080004e5   Thumb Code     8  stm32f10x_exti.o(.text)
    EXTI_GetITStatus                         0x080004ed   Thumb Code    34  stm32f10x_exti.o(.text)
    EXTI_ClearITPendingBit                   0x0800050f   Thumb Code     8  stm32f10x_exti.o(.text)
    GPIO_DeInit                              0x08000521   Thumb Code   172  stm32f10x_gpio.o(.text)
    GPIO_AFIODeInit                          0x080005cd   Thumb Code    20  stm32f10x_gpio.o(.text)
    GPIO_Init                                0x080005e1   Thumb Code   278  stm32f10x_gpio.o(.text)
    GPIO_StructInit                          0x080006f7   Thumb Code    16  stm32f10x_gpio.o(.text)
    GPIO_ReadInputDataBit                    0x08000707   Thumb Code    18  stm32f10x_gpio.o(.text)
    GPIO_ReadInputData                       0x08000719   Thumb Code     8  stm32f10x_gpio.o(.text)
    GPIO_ReadOutputDataBit                   0x08000721   Thumb Code    18  stm32f10x_gpio.o(.text)
    GPIO_ReadOutputData                      0x08000733   Thumb Code     8  stm32f10x_gpio.o(.text)
    GPIO_SetBits                             0x0800073b   Thumb Code     4  stm32f10x_gpio.o(.text)
    GPIO_ResetBits                           0x0800073f   Thumb Code     4  stm32f10x_gpio.o(.text)
    GPIO_WriteBit                            0x08000743   Thumb Code    10  stm32f10x_gpio.o(.text)
    GPIO_Write                               0x0800074d   Thumb Code     4  stm32f10x_gpio.o(.text)
    GPIO_PinLockConfig                       0x08000751   Thumb Code    18  stm32f10x_gpio.o(.text)
    GPIO_EventOutputConfig                   0x08000763   Thumb Code    26  stm32f10x_gpio.o(.text)
    GPIO_EventOutputCmd                      0x0800077d   Thumb Code     6  stm32f10x_gpio.o(.text)
    GPIO_PinRemapConfig                      0x08000783   Thumb Code   138  stm32f10x_gpio.o(.text)
    GPIO_EXTILineConfig                      0x0800080d   Thumb Code    66  stm32f10x_gpio.o(.text)
    GPIO_ETH_MediaInterfaceConfig            0x0800084f   Thumb Code     8  stm32f10x_gpio.o(.text)
    RCC_DeInit                               0x0800087d   Thumb Code    64  stm32f10x_rcc.o(.text)
    RCC_HSEConfig                            0x080008bd   Thumb Code    70  stm32f10x_rcc.o(.text)
    RCC_GetFlagStatus                        0x08000903   Thumb Code    56  stm32f10x_rcc.o(.text)
    RCC_WaitForHSEStartUp                    0x0800093b   Thumb Code    56  stm32f10x_rcc.o(.text)
    RCC_AdjustHSICalibrationValue            0x08000973   Thumb Code    20  stm32f10x_rcc.o(.text)
    RCC_HSICmd                               0x08000987   Thumb Code     6  stm32f10x_rcc.o(.text)
    RCC_PLLConfig                            0x0800098d   Thumb Code    24  stm32f10x_rcc.o(.text)
    RCC_PLLCmd                               0x080009a5   Thumb Code     6  stm32f10x_rcc.o(.text)
    RCC_SYSCLKConfig                         0x080009ab   Thumb Code    18  stm32f10x_rcc.o(.text)
    RCC_GetSYSCLKSource                      0x080009bd   Thumb Code    10  stm32f10x_rcc.o(.text)
    RCC_HCLKConfig                           0x080009c7   Thumb Code    18  stm32f10x_rcc.o(.text)
    RCC_PCLK1Config                          0x080009d9   Thumb Code    18  stm32f10x_rcc.o(.text)
    RCC_PCLK2Config                          0x080009eb   Thumb Code    20  stm32f10x_rcc.o(.text)
    RCC_ITConfig                             0x080009ff   Thumb Code    26  stm32f10x_rcc.o(.text)
    RCC_USBCLKConfig                         0x08000a19   Thumb Code     8  stm32f10x_rcc.o(.text)
    RCC_ADCCLKConfig                         0x08000a21   Thumb Code    18  stm32f10x_rcc.o(.text)
    RCC_LSEConfig                            0x08000a33   Thumb Code    50  stm32f10x_rcc.o(.text)
    RCC_LSICmd                               0x08000a65   Thumb Code     6  stm32f10x_rcc.o(.text)
    RCC_RTCCLKConfig                         0x08000a6b   Thumb Code    12  stm32f10x_rcc.o(.text)
    RCC_RTCCLKCmd                            0x08000a77   Thumb Code     8  stm32f10x_rcc.o(.text)
    RCC_GetClocksFreq                        0x08000a7f   Thumb Code   192  stm32f10x_rcc.o(.text)
    RCC_AHBPeriphClockCmd                    0x08000b3f   Thumb Code    26  stm32f10x_rcc.o(.text)
    RCC_APB2PeriphClockCmd                   0x08000b59   Thumb Code    26  stm32f10x_rcc.o(.text)
    RCC_APB1PeriphClockCmd                   0x08000b73   Thumb Code    26  stm32f10x_rcc.o(.text)
    RCC_APB2PeriphResetCmd                   0x08000b8d   Thumb Code    26  stm32f10x_rcc.o(.text)
    RCC_APB1PeriphResetCmd                   0x08000ba7   Thumb Code    26  stm32f10x_rcc.o(.text)
    RCC_BackupResetCmd                       0x08000bc1   Thumb Code     8  stm32f10x_rcc.o(.text)
    RCC_ClockSecuritySystemCmd               0x08000bc9   Thumb Code     6  stm32f10x_rcc.o(.text)
    RCC_MCOConfig                            0x08000bcf   Thumb Code     6  stm32f10x_rcc.o(.text)
    RCC_ClearFlag                            0x08000bd5   Thumb Code    14  stm32f10x_rcc.o(.text)
    RCC_GetITStatus                          0x08000be3   Thumb Code    20  stm32f10x_rcc.o(.text)
    RCC_ClearITPendingBit                    0x08000bf7   Thumb Code     6  stm32f10x_rcc.o(.text)
    TIM_DeInit                               0x08000c21   Thumb Code   424  stm32f10x_tim.o(.text)
    TIM_TimeBaseInit                         0x08000dc9   Thumb Code   122  stm32f10x_tim.o(.text)
    TIM_OC1Init                              0x08000e43   Thumb Code   132  stm32f10x_tim.o(.text)
    TIM_OC2Init                              0x08000ec7   Thumb Code   154  stm32f10x_tim.o(.text)
    TIM_OC3Init                              0x08000f61   Thumb Code   150  stm32f10x_tim.o(.text)
    TIM_OC4Init                              0x08000ff7   Thumb Code   182  stm32f10x_tim.o(.text)
    TIM_SetIC4Prescaler                      0x080010ad   Thumb Code    26  stm32f10x_tim.o(.text)
    TIM_SetIC3Prescaler                      0x08001149   Thumb Code    18  stm32f10x_tim.o(.text)
    TIM_SetIC2Prescaler                      0x080011d5   Thumb Code    26  stm32f10x_tim.o(.text)
    TIM_SetIC1Prescaler                      0x08001271   Thumb Code    18  stm32f10x_tim.o(.text)
    TIM_ICInit                               0x080012ef   Thumb Code   150  stm32f10x_tim.o(.text)
    TIM_PWMIConfig                           0x08001385   Thumb Code   124  stm32f10x_tim.o(.text)
    TIM_BDTRConfig                           0x08001401   Thumb Code    32  stm32f10x_tim.o(.text)
    TIM_TimeBaseStructInit                   0x08001421   Thumb Code    18  stm32f10x_tim.o(.text)
    TIM_OCStructInit                         0x08001433   Thumb Code    20  stm32f10x_tim.o(.text)
    TIM_ICStructInit                         0x08001447   Thumb Code    18  stm32f10x_tim.o(.text)
    TIM_BDTRStructInit                       0x08001459   Thumb Code    40  stm32f10x_tim.o(.text)
    TIM_Cmd                                  0x08001481   Thumb Code    24  stm32f10x_tim.o(.text)
    TIM_CtrlPWMOutputs                       0x08001499   Thumb Code    30  stm32f10x_tim.o(.text)
    TIM_ITConfig                             0x080014b7   Thumb Code    18  stm32f10x_tim.o(.text)
    TIM_GenerateEvent                        0x080014c9   Thumb Code     4  stm32f10x_tim.o(.text)
    TIM_DMAConfig                            0x080014cd   Thumb Code    10  stm32f10x_tim.o(.text)
    TIM_DMACmd                               0x080014d7   Thumb Code    18  stm32f10x_tim.o(.text)
    TIM_InternalClockConfig                  0x080014e9   Thumb Code    12  stm32f10x_tim.o(.text)
    TIM_SelectInputTrigger                   0x080014f5   Thumb Code    18  stm32f10x_tim.o(.text)
    TIM_ITRxExternalClockConfig              0x08001507   Thumb Code    24  stm32f10x_tim.o(.text)
    TIM_TIxExternalClockConfig               0x0800151f   Thumb Code    62  stm32f10x_tim.o(.text)
    TIM_ETRConfig                            0x0800155d   Thumb Code    28  stm32f10x_tim.o(.text)
    TIM_ETRClockMode1Config                  0x08001579   Thumb Code    54  stm32f10x_tim.o(.text)
    TIM_ETRClockMode2Config                  0x080015af   Thumb Code    32  stm32f10x_tim.o(.text)
    TIM_PrescalerConfig                      0x080015cf   Thumb Code     6  stm32f10x_tim.o(.text)
    TIM_CounterModeConfig                    0x080015d5   Thumb Code    18  stm32f10x_tim.o(.text)
    TIM_EncoderInterfaceConfig               0x080015e7   Thumb Code    66  stm32f10x_tim.o(.text)
    TIM_ForcedOC1Config                      0x08001629   Thumb Code    18  stm32f10x_tim.o(.text)
    TIM_ForcedOC2Config                      0x0800163b   Thumb Code    26  stm32f10x_tim.o(.text)
    TIM_ForcedOC3Config                      0x08001655   Thumb Code    18  stm32f10x_tim.o(.text)
    TIM_ForcedOC4Config                      0x08001667   Thumb Code    26  stm32f10x_tim.o(.text)
    TIM_ARRPreloadConfig                     0x08001681   Thumb Code    24  stm32f10x_tim.o(.text)
    TIM_SelectCOM                            0x08001699   Thumb Code    24  stm32f10x_tim.o(.text)
    TIM_SelectCCDMA                          0x080016b1   Thumb Code    24  stm32f10x_tim.o(.text)
    TIM_CCPreloadControl                     0x080016c9   Thumb Code    24  stm32f10x_tim.o(.text)
    TIM_OC1PreloadConfig                     0x080016e1   Thumb Code    18  stm32f10x_tim.o(.text)
    TIM_OC2PreloadConfig                     0x080016f3   Thumb Code    26  stm32f10x_tim.o(.text)
    TIM_OC3PreloadConfig                     0x0800170d   Thumb Code    18  stm32f10x_tim.o(.text)
    TIM_OC4PreloadConfig                     0x0800171f   Thumb Code    26  stm32f10x_tim.o(.text)
    TIM_OC1FastConfig                        0x08001739   Thumb Code    18  stm32f10x_tim.o(.text)
    TIM_OC2FastConfig                        0x0800174b   Thumb Code    26  stm32f10x_tim.o(.text)
    TIM_OC3FastConfig                        0x08001765   Thumb Code    18  stm32f10x_tim.o(.text)
    TIM_OC4FastConfig                        0x08001777   Thumb Code    26  stm32f10x_tim.o(.text)
    TIM_ClearOC1Ref                          0x08001791   Thumb Code    18  stm32f10x_tim.o(.text)
    TIM_ClearOC2Ref                          0x080017a3   Thumb Code    24  stm32f10x_tim.o(.text)
    TIM_ClearOC3Ref                          0x080017bb   Thumb Code    18  stm32f10x_tim.o(.text)
    TIM_ClearOC4Ref                          0x080017cd   Thumb Code    24  stm32f10x_tim.o(.text)
    TIM_OC1PolarityConfig                    0x080017e5   Thumb Code    18  stm32f10x_tim.o(.text)
    TIM_OC1NPolarityConfig                   0x080017f7   Thumb Code    18  stm32f10x_tim.o(.text)
    TIM_OC2PolarityConfig                    0x08001809   Thumb Code    26  stm32f10x_tim.o(.text)
    TIM_OC2NPolarityConfig                   0x08001823   Thumb Code    26  stm32f10x_tim.o(.text)
    TIM_OC3PolarityConfig                    0x0800183d   Thumb Code    26  stm32f10x_tim.o(.text)
    TIM_OC3NPolarityConfig                   0x08001857   Thumb Code    26  stm32f10x_tim.o(.text)
    TIM_OC4PolarityConfig                    0x08001871   Thumb Code    26  stm32f10x_tim.o(.text)
    TIM_CCxCmd                               0x0800188b   Thumb Code    30  stm32f10x_tim.o(.text)
    TIM_CCxNCmd                              0x080018a9   Thumb Code    30  stm32f10x_tim.o(.text)
    TIM_SelectOCxM                           0x080018c7   Thumb Code    82  stm32f10x_tim.o(.text)
    TIM_UpdateDisableConfig                  0x08001919   Thumb Code    24  stm32f10x_tim.o(.text)
    TIM_UpdateRequestConfig                  0x08001931   Thumb Code    24  stm32f10x_tim.o(.text)
    TIM_SelectHallSensor                     0x08001949   Thumb Code    24  stm32f10x_tim.o(.text)
    TIM_SelectOnePulseMode                   0x08001961   Thumb Code    18  stm32f10x_tim.o(.text)
    TIM_SelectOutputTrigger                  0x08001973   Thumb Code    18  stm32f10x_tim.o(.text)
    TIM_SelectSlaveMode                      0x08001985   Thumb Code    18  stm32f10x_tim.o(.text)
    TIM_SelectMasterSlaveMode                0x08001997   Thumb Code    18  stm32f10x_tim.o(.text)
    TIM_SetCounter                           0x080019a9   Thumb Code     4  stm32f10x_tim.o(.text)
    TIM_SetAutoreload                        0x080019ad   Thumb Code     4  stm32f10x_tim.o(.text)
    TIM_SetCompare1                          0x080019b1   Thumb Code     4  stm32f10x_tim.o(.text)
    TIM_SetCompare2                          0x080019b5   Thumb Code     4  stm32f10x_tim.o(.text)
    TIM_SetCompare3                          0x080019b9   Thumb Code     4  stm32f10x_tim.o(.text)
    TIM_SetCompare4                          0x080019bd   Thumb Code     6  stm32f10x_tim.o(.text)
    TIM_SetClockDivision                     0x080019c3   Thumb Code    18  stm32f10x_tim.o(.text)
    TIM_GetCapture1                          0x080019d5   Thumb Code     6  stm32f10x_tim.o(.text)
    TIM_GetCapture2                          0x080019db   Thumb Code     6  stm32f10x_tim.o(.text)
    TIM_GetCapture3                          0x080019e1   Thumb Code     6  stm32f10x_tim.o(.text)
    TIM_GetCapture4                          0x080019e7   Thumb Code     8  stm32f10x_tim.o(.text)
    TIM_GetCounter                           0x080019ef   Thumb Code     6  stm32f10x_tim.o(.text)
    TIM_GetPrescaler                         0x080019f5   Thumb Code     6  stm32f10x_tim.o(.text)
    TIM_GetFlagStatus                        0x080019fb   Thumb Code    18  stm32f10x_tim.o(.text)
    TIM_ClearFlag                            0x08001a0d   Thumb Code     6  stm32f10x_tim.o(.text)
    TIM_GetITStatus                          0x08001a13   Thumb Code    34  stm32f10x_tim.o(.text)
    TIM_ClearITPendingBit                    0x08001a35   Thumb Code     6  stm32f10x_tim.o(.text)
    USART_DeInit                             0x08001a3d   Thumb Code   134  stm32f10x_usart.o(.text)
    USART_Init                               0x08001ac3   Thumb Code   210  stm32f10x_usart.o(.text)
    USART_StructInit                         0x08001b95   Thumb Code    24  stm32f10x_usart.o(.text)
    USART_ClockInit                          0x08001bad   Thumb Code    34  stm32f10x_usart.o(.text)
    USART_ClockStructInit                    0x08001bcf   Thumb Code    12  stm32f10x_usart.o(.text)
    USART_Cmd                                0x08001bdb   Thumb Code    24  stm32f10x_usart.o(.text)
    USART_ITConfig                           0x08001bf3   Thumb Code    74  stm32f10x_usart.o(.text)
    USART_DMACmd                             0x08001c3d   Thumb Code    18  stm32f10x_usart.o(.text)
    USART_SetAddress                         0x08001c4f   Thumb Code    18  stm32f10x_usart.o(.text)
    USART_WakeUpConfig                       0x08001c61   Thumb Code    18  stm32f10x_usart.o(.text)
    USART_ReceiverWakeUpCmd                  0x08001c73   Thumb Code    24  stm32f10x_usart.o(.text)
    USART_LINBreakDetectLengthConfig         0x08001c8b   Thumb Code    18  stm32f10x_usart.o(.text)
    USART_LINCmd                             0x08001c9d   Thumb Code    24  stm32f10x_usart.o(.text)
    USART_SendData                           0x08001cb5   Thumb Code     8  stm32f10x_usart.o(.text)
    USART_ReceiveData                        0x08001cbd   Thumb Code    10  stm32f10x_usart.o(.text)
    USART_SendBreak                          0x08001cc7   Thumb Code    10  stm32f10x_usart.o(.text)
    USART_SetGuardTime                       0x08001cd1   Thumb Code    16  stm32f10x_usart.o(.text)
    USART_SetPrescaler                       0x08001ce1   Thumb Code    16  stm32f10x_usart.o(.text)
    USART_SmartCardCmd                       0x08001cf1   Thumb Code    24  stm32f10x_usart.o(.text)
    USART_SmartCardNACKCmd                   0x08001d09   Thumb Code    24  stm32f10x_usart.o(.text)
    USART_HalfDuplexCmd                      0x08001d21   Thumb Code    24  stm32f10x_usart.o(.text)
    USART_OverSampling8Cmd                   0x08001d39   Thumb Code    22  stm32f10x_usart.o(.text)
    USART_OneBitMethodCmd                    0x08001d4f   Thumb Code    24  stm32f10x_usart.o(.text)
    USART_IrDAConfig                         0x08001d67   Thumb Code    18  stm32f10x_usart.o(.text)
    USART_IrDACmd                            0x08001d79   Thumb Code    24  stm32f10x_usart.o(.text)
    USART_GetFlagStatus                      0x08001d91   Thumb Code    26  stm32f10x_usart.o(.text)
    USART_ClearFlag                          0x08001dab   Thumb Code    18  stm32f10x_usart.o(.text)
    USART_GetITStatus                        0x08001dbd   Thumb Code    84  stm32f10x_usart.o(.text)
    USART_ClearITPendingBit                  0x08001e11   Thumb Code    52  stm32f10x_usart.o(.text)
    FLASH_SetLatency                         0x08001e45   Thumb Code    18  stm32f10x_flash.o(.text)
    FLASH_HalfCycleAccessCmd                 0x08001e57   Thumb Code    22  stm32f10x_flash.o(.text)
    FLASH_PrefetchBufferCmd                  0x08001e6d   Thumb Code    22  stm32f10x_flash.o(.text)
    FLASH_Unlock                             0x08001e83   Thumb Code    12  stm32f10x_flash.o(.text)
    FLASH_UnlockBank1                        0x08001e8f   Thumb Code    12  stm32f10x_flash.o(.text)
    FLASH_Lock                               0x08001e9b   Thumb Code    14  stm32f10x_flash.o(.text)
    FLASH_LockBank1                          0x08001ea9   Thumb Code    14  stm32f10x_flash.o(.text)
    FLASH_GetBank1Status                     0x08001eb7   Thumb Code    48  stm32f10x_flash.o(.text)
    FLASH_WaitForLastOperation               0x08001ee7   Thumb Code    38  stm32f10x_flash.o(.text)
    FLASH_ErasePage                          0x08001f0d   Thumb Code    72  stm32f10x_flash.o(.text)
    FLASH_EraseAllPages                      0x08001f55   Thumb Code    68  stm32f10x_flash.o(.text)
    FLASH_WaitForLastBank1Operation          0x08001f99   Thumb Code    38  stm32f10x_flash.o(.text)
    FLASH_EraseAllBank1Pages                 0x08001fbf   Thumb Code    68  stm32f10x_flash.o(.text)
    FLASH_GetReadOutProtectionStatus         0x08002003   Thumb Code    20  stm32f10x_flash.o(.text)
    FLASH_EraseOptionBytes                   0x08002017   Thumb Code   150  stm32f10x_flash.o(.text)
    FLASH_ProgramWord                        0x080020ad   Thumb Code   102  stm32f10x_flash.o(.text)
    FLASH_ProgramHalfWord                    0x08002113   Thumb Code    60  stm32f10x_flash.o(.text)
    FLASH_ProgramOptionByteData              0x0800214f   Thumb Code    72  stm32f10x_flash.o(.text)
    FLASH_EnableWriteProtection              0x08002197   Thumb Code   200  stm32f10x_flash.o(.text)
    FLASH_ReadOutProtection                  0x0800225f   Thumb Code   156  stm32f10x_flash.o(.text)
    FLASH_UserOptionByteConfig               0x080022fb   Thumb Code    88  stm32f10x_flash.o(.text)
    FLASH_GetUserOptionByte                  0x08002353   Thumb Code     8  stm32f10x_flash.o(.text)
    FLASH_GetWriteProtectionOptionByte       0x0800235b   Thumb Code     6  stm32f10x_flash.o(.text)
    FLASH_GetPrefetchBufferStatus            0x08002361   Thumb Code    20  stm32f10x_flash.o(.text)
    FLASH_ITConfig                           0x08002375   Thumb Code    26  stm32f10x_flash.o(.text)
    FLASH_GetFlagStatus                      0x0800238f   Thumb Code    42  stm32f10x_flash.o(.text)
    FLASH_ClearFlag                          0x080023b9   Thumb Code     6  stm32f10x_flash.o(.text)
    FLASH_GetStatus                          0x080023bf   Thumb Code    48  stm32f10x_flash.o(.text)
    Reset_Handler                            0x08002401   Thumb Code     8  startup_stm32f10x_hd.o(.text)
    ADC1_2_IRQHandler                        0x0800241b   Thumb Code     0  startup_stm32f10x_hd.o(.text)
    ADC3_IRQHandler                          0x0800241b   Thumb Code     0  startup_stm32f10x_hd.o(.text)
    CAN1_RX1_IRQHandler                      0x0800241b   Thumb Code     0  startup_stm32f10x_hd.o(.text)
    CAN1_SCE_IRQHandler                      0x0800241b   Thumb Code     0  startup_stm32f10x_hd.o(.text)
    DMA1_Channel1_IRQHandler                 0x0800241b   Thumb Code     0  startup_stm32f10x_hd.o(.text)
    DMA1_Channel2_IRQHandler                 0x0800241b   Thumb Code     0  startup_stm32f10x_hd.o(.text)
    DMA1_Channel3_IRQHandler                 0x0800241b   Thumb Code     0  startup_stm32f10x_hd.o(.text)
    DMA1_Channel4_IRQHandler                 0x0800241b   Thumb Code     0  startup_stm32f10x_hd.o(.text)
    DMA1_Channel5_IRQHandler                 0x0800241b   Thumb Code     0  startup_stm32f10x_hd.o(.text)
    DMA1_Channel6_IRQHandler                 0x0800241b   Thumb Code     0  startup_stm32f10x_hd.o(.text)
    DMA1_Channel7_IRQHandler                 0x0800241b   Thumb Code     0  startup_stm32f10x_hd.o(.text)
    DMA2_Channel1_IRQHandler                 0x0800241b   Thumb Code     0  startup_stm32f10x_hd.o(.text)
    DMA2_Channel2_IRQHandler                 0x0800241b   Thumb Code     0  startup_stm32f10x_hd.o(.text)
    DMA2_Channel3_IRQHandler                 0x0800241b   Thumb Code     0  startup_stm32f10x_hd.o(.text)
    DMA2_Channel4_5_IRQHandler               0x0800241b   Thumb Code     0  startup_stm32f10x_hd.o(.text)
    EXTI0_IRQHandler                         0x0800241b   Thumb Code     0  startup_stm32f10x_hd.o(.text)
    EXTI15_10_IRQHandler                     0x0800241b   Thumb Code     0  startup_stm32f10x_hd.o(.text)
    EXTI2_IRQHandler                         0x0800241b   Thumb Code     0  startup_stm32f10x_hd.o(.text)
    EXTI3_IRQHandler                         0x0800241b   Thumb Code     0  startup_stm32f10x_hd.o(.text)
    EXTI4_IRQHandler                         0x0800241b   Thumb Code     0  startup_stm32f10x_hd.o(.text)
    FLASH_IRQHandler                         0x0800241b   Thumb Code     0  startup_stm32f10x_hd.o(.text)
    FSMC_IRQHandler                          0x0800241b   Thumb Code     0  startup_stm32f10x_hd.o(.text)
    I2C1_ER_IRQHandler                       0x0800241b   Thumb Code     0  startup_stm32f10x_hd.o(.text)
    I2C1_EV_IRQHandler                       0x0800241b   Thumb Code     0  startup_stm32f10x_hd.o(.text)
    I2C2_ER_IRQHandler                       0x0800241b   Thumb Code     0  startup_stm32f10x_hd.o(.text)
    I2C2_EV_IRQHandler                       0x0800241b   Thumb Code     0  startup_stm32f10x_hd.o(.text)
    PVD_IRQHandler                           0x0800241b   Thumb Code     0  startup_stm32f10x_hd.o(.text)
    RCC_IRQHandler                           0x0800241b   Thumb Code     0  startup_stm32f10x_hd.o(.text)
    RTCAlarm_IRQHandler                      0x0800241b   Thumb Code     0  startup_stm32f10x_hd.o(.text)
    RTC_IRQHandler                           0x0800241b   Thumb Code     0  startup_stm32f10x_hd.o(.text)
    SDIO_IRQHandler                          0x0800241b   Thumb Code     0  startup_stm32f10x_hd.o(.text)
    SPI1_IRQHandler                          0x0800241b   Thumb Code     0  startup_stm32f10x_hd.o(.text)
    SPI2_IRQHandler                          0x0800241b   Thumb Code     0  startup_stm32f10x_hd.o(.text)
    SPI3_IRQHandler                          0x0800241b   Thumb Code     0  startup_stm32f10x_hd.o(.text)
    TAMPER_IRQHandler                        0x0800241b   Thumb Code     0  startup_stm32f10x_hd.o(.text)
    TIM1_BRK_IRQHandler                      0x0800241b   Thumb Code     0  startup_stm32f10x_hd.o(.text)
    TIM1_CC_IRQHandler                       0x0800241b   Thumb Code     0  startup_stm32f10x_hd.o(.text)
    TIM1_TRG_COM_IRQHandler                  0x0800241b   Thumb Code     0  startup_stm32f10x_hd.o(.text)
    TIM8_BRK_IRQHandler                      0x0800241b   Thumb Code     0  startup_stm32f10x_hd.o(.text)
    TIM8_CC_IRQHandler                       0x0800241b   Thumb Code     0  startup_stm32f10x_hd.o(.text)
    TIM8_TRG_COM_IRQHandler                  0x0800241b   Thumb Code     0  startup_stm32f10x_hd.o(.text)
    UART4_IRQHandler                         0x0800241b   Thumb Code     0  startup_stm32f10x_hd.o(.text)
    UART5_IRQHandler                         0x0800241b   Thumb Code     0  startup_stm32f10x_hd.o(.text)
    USART2_IRQHandler                        0x0800241b   Thumb Code     0  startup_stm32f10x_hd.o(.text)
    USART3_IRQHandler                        0x0800241b   Thumb Code     0  startup_stm32f10x_hd.o(.text)
    USBWakeUp_IRQHandler                     0x0800241b   Thumb Code     0  startup_stm32f10x_hd.o(.text)
    USB_HP_CAN1_TX_IRQHandler                0x0800241b   Thumb Code     0  startup_stm32f10x_hd.o(.text)
    USB_LP_CAN1_RX0_IRQHandler               0x0800241b   Thumb Code     0  startup_stm32f10x_hd.o(.text)
    WWDG_IRQHandler                          0x0800241b   Thumb Code     0  startup_stm32f10x_hd.o(.text)
    RCC_Configuration                        0x08002425   Thumb Code   158  main.o(.text)
    NVIC_Configuration                       0x080024c3   Thumb Code   134  main.o(.text)
    TIM2_Configure                           0x08002549   Thumb Code    66  main.o(.text)
    TIM3_Counter_Configure                   0x0800258b   Thumb Code    64  main.o(.text)
    TIM4_Configuration                       0x080025cb   Thumb Code    70  main.o(.text)
    TIM5_Configure                           0x08002611   Thumb Code    60  main.o(.text)
    USART1_Configuration                     0x0800264d   Thumb Code    72  main.o(.text)
    GPIO_TCS230_Configure                    0x08002695   Thumb Code    26  main.o(.text)
    GPIO_USART1_Configure                    0x080026af   Thumb Code    44  main.o(.text)
    GPIO_TIM3_Configure                      0x080026db   Thumb Code    18  main.o(.text)
    GPIO_Dist_Config                         0x080026ed   Thumb Code    44  main.o(.text)
    GPIO_Motor_Config                        0x08002719   Thumb Code    44  main.o(.text)
    GPIO_QTI_Config                          0x08002745   Thumb Code    26  main.o(.text)
    QTI_State                                0x0800275f   Thumb Code    14  main.o(.text)
    fputc                                    0x0800276d   Thumb Code    36  main.o(.text)
    delay_nus                                0x08002791   Thumb Code    24  main.o(.text)
    delay_nms                                0x080027a9   Thumb Code    24  main.o(.text)
    motor_motion1                            0x080027c1   Thumb Code    74  main.o(.text)
    TCS230_CurrentColor                      0x0800280b   Thumb Code   364  main.o(.text)
    TCS230_WhiteBalance                      0x08002977   Thumb Code   288  main.o(.text)
    Robot_checkColor                         0x08002a97   Thumb Code   426  main.o(.text)
    GetDis                                   0x08002c41   Thumb Code   248  main.o(.text)
    IsMLeftQtiBlack                          0x08002d39   Thumb Code    38  main.o(.text)
    IsMRightQtiBlack                         0x08002d5f   Thumb Code    44  main.o(.text)
    PulseOut                                 0x08002d8b   Thumb Code    30  main.o(.text)
    stop                                     0x08002da9   Thumb Code    68  main.o(.text)
    SpinLeft                                 0x08002ded   Thumb Code    30  main.o(.text)
    SpinRight                                0x08002e0b   Thumb Code    30  main.o(.text)
    TurnLeftAnyPulse                         0x08002e29   Thumb Code    26  main.o(.text)
    TurnRightAnyPulse                        0x08002e43   Thumb Code    26  main.o(.text)
    findLline                                0x08002e5d   Thumb Code    94  main.o(.text)
    findRline                                0x08002ebb   Thumb Code    90  main.o(.text)
    PE0_state                                0x08002f15   Thumb Code    12  main.o(.text)
    PE1_state                                0x08002f21   Thumb Code    12  main.o(.text)
    PE2_state                                0x08002f2d   Thumb Code    12  main.o(.text)
    PE3_state                                0x08002f39   Thumb Code    12  main.o(.text)
    motor_motion2                            0x08002f45   Thumb Code    58  main.o(.text)
    Robot_hunting1                           0x08002f7f   Thumb Code   196  main.o(.text)
    Robot_hunting2                           0x08003043   Thumb Code   202  main.o(.text)
    Robot_hunting                            0x0800310d   Thumb Code   194  main.o(.text)
    Peripheral_Init                          0x080031cf   Thumb Code    56  main.o(.text)
    TurnR_toBlackLine                        0x08003207   Thumb Code    88  main.o(.text)
    TurnL_toBlackLine                        0x0800325f   Thumb Code    94  main.o(.text)
    Turn1_180                                0x080032bd   Thumb Code    94  main.o(.text)
    Turn_180                                 0x0800331b   Thumb Code    62  main.o(.text)
    Turn_180_four                            0x08003359   Thumb Code   122  main.o(.text)
    TurnRight_nDegree                        0x080033d3   Thumb Code    18  main.o(.text)
    TurnLeft_nDegree                         0x080033e5   Thumb Code    18  main.o(.text)
    Back_toBlack                             0x080033f7   Thumb Code    56  main.o(.text)
    CCheck                                   0x0800342f   Thumb Code    34  main.o(.text)
    BCheck                                   0x08003451   Thumb Code    20  main.o(.text)
    ACheck                                   0x08003465   Thumb Code    26  main.o(.text)
    ICheck                                   0x0800347f   Thumb Code   450  main.o(.text)
    HCheck                                   0x08003641   Thumb Code   322  main.o(.text)
    GCheck                                   0x08003783   Thumb Code   330  main.o(.text)
    FCheck                                   0x080038cd   Thumb Code    46  main.o(.text)
    ECheck                                   0x080038fb   Thumb Code    70  main.o(.text)
    DCheck                                   0x08003941   Thumb Code    20  main.o(.text)
    DownFirst                                0x08003955   Thumb Code   168  main.o(.text)
    DownSecond                               0x080039fd   Thumb Code   168  main.o(.text)
    Downthird                                0x08003aa5   Thumb Code   164  main.o(.text)
    DownFourth                               0x08003b49   Thumb Code   158  main.o(.text)
    DownFiveth                               0x08003be7   Thumb Code    80  main.o(.text)
    GotoLine                                 0x08003c37   Thumb Code    62  main.o(.text)
    Gback                                    0x08003c75   Thumb Code   282  main.o(.text)
    Hback                                    0x08003d8f   Thumb Code   226  main.o(.text)
    CarryGpoint                              0x08003e71   Thumb Code   438  main.o(.text)
    CarryHpoint                              0x08004027   Thumb Code   484  main.o(.text)
    CarryCpoint                              0x0800420b   Thumb Code   150  main.o(.text)
    CarryDpoint                              0x080042a1   Thumb Code   162  main.o(.text)
    CarryEpoint                              0x08004343   Thumb Code   156  main.o(.text)
    CarryBpoint                              0x080043df   Thumb Code   176  main.o(.text)
    CarryApoint                              0x0800448f   Thumb Code   154  main.o(.text)
    goBackCenter                             0x08004529   Thumb Code   138  main.o(.text)
    moveBack                                 0x080045b3   Thumb Code   116  main.o(.text)
    gotoG                                    0x08004627   Thumb Code   330  main.o(.text)
    gotoH                                    0x08004771   Thumb Code   330  main.o(.text)
    RedCarry                                 0x080048bb   Thumb Code   350  main.o(.text)
    WhiteCarry                               0x08004a19   Thumb Code   318  main.o(.text)
    YellowCarry                              0x08004b57   Thumb Code   332  main.o(.text)
    BlackCarry                               0x08004ca3   Thumb Code   332  main.o(.text)
    BlueCarry                                0x08004def   Thumb Code   320  main.o(.text)
    StartCarryToScore                        0x08004f2f   Thumb Code   294  main.o(.text)
    CarryIpoint                              0x08005055   Thumb Code   302  main.o(.text)
    CarryFpoint                              0x08005183   Thumb Code   416  main.o(.text)
    GoStart                                  0x08005323   Thumb Code   146  main.o(.text)
    turn_back                                0x080053b5   Thumb Code    14  main.o(.text)
    EXTIX_Init                               0x080053c3   Thumb Code   100  main.o(.text)
    EXTI9_5_IRQHandler                       0x08005427   Thumb Code    28  main.o(.text)
    main                                     0x08005443   Thumb Code   234  main.o(.text)
    NMI_Handler                              0x08005555   Thumb Code     2  stm32f10x_it.o(.text)
    HardFault_Handler                        0x08005557   Thumb Code     4  stm32f10x_it.o(.text)
    MemManage_Handler                        0x0800555b   Thumb Code     4  stm32f10x_it.o(.text)
    BusFault_Handler                         0x0800555f   Thumb Code     4  stm32f10x_it.o(.text)
    UsageFault_Handler                       0x08005563   Thumb Code     4  stm32f10x_it.o(.text)
    SVC_Handler                              0x08005567   Thumb Code     2  stm32f10x_it.o(.text)
    DebugMon_Handler                         0x08005569   Thumb Code     2  stm32f10x_it.o(.text)
    PendSV_Handler                           0x0800556b   Thumb Code     2  stm32f10x_it.o(.text)
    SysTick_Handler                          0x0800556d   Thumb Code     2  stm32f10x_it.o(.text)
    USART1_IRQHandler                        0x0800556f   Thumb Code     2  stm32f10x_it.o(.text)
    EXTI1_IRQHandler                         0x08005571   Thumb Code     2  stm32f10x_it.o(.text)
    xm_TCS230_WhiteBalance                   0x08005575   Thumb Code   398  tcs.o(.text)
    xm_colourjudge                           0x08005703   Thumb Code  1060  tcs.o(.text)
    speak_context_2                          0x08005bc1   Thumb Code    96  timer.o(.text)
    TIM2_Int_Init                            0x08005c21   Thumb Code   122  timer.o(.text)
    TIM2_IRQHandler                          0x08005c9b   Thumb Code    60  timer.o(.text)
    TIM3_Int_Init                            0x08005cd7   Thumb Code   108  timer.o(.text)
    TIM3_PWM_Init                            0x08005d43   Thumb Code   240  timer.o(.text)
    TIM3_IRQHandler                          0x08005e33   Thumb Code    78  timer.o(.text)
    Tim4_Init                                0x08005e81   Thumb Code    72  timer.o(.text)
    TIM4_Cap_Init                            0x08005ec9   Thumb Code   248  timer.o(.text)
    TIM4_IRQHandler                          0x08005fc1   Thumb Code   128  timer.o(.text)
    TIM5_Int_Init                            0x08006041   Thumb Code   122  timer.o(.text)
    TIM5_IRQHandler                          0x080060bb   Thumb Code    82  timer.o(.text)
    TIM6_Int_Init                            0x0800610d   Thumb Code   116  timer.o(.text)
    TIM7_Int_Init                            0x08006181   Thumb Code   112  timer.o(.text)
    TIM6_IRQHandler                          0x080061f1   Thumb Code   106  timer.o(.text)
    TIM7_IRQHandler                          0x0800625b   Thumb Code    72  timer.o(.text)
    TIM1_Int_Init                            0x080062a3   Thumb Code   106  timer.o(.text)
    TIM1_UP_IRQHandler                       0x0800630d   Thumb Code    58  timer.o(.text)
    TIM8_Int_Init                            0x08006347   Thumb Code   110  timer.o(.text)
    TIM8_UP_IRQHandler                       0x080063b5   Thumb Code    58  timer.o(.text)
    delay_init                               0x0800642d   Thumb Code    50  delay.o(.text)
    delay_us                                 0x0800645f   Thumb Code    72  delay.o(.text)
    delay_ms                                 0x080064a7   Thumb Code    72  delay.o(.text)
    strlen                                   0x08006501   Thumb Code    14  strlen.o(.text)
    __aeabi_ddiv                             0x0800650f   Thumb Code   222  ddiv.o(.text)
    __aeabi_i2d                              0x080065ed   Thumb Code    34  dflti.o(.text)
    __aeabi_d2iz                             0x0800660f   Thumb Code    62  dfixi.o(.text)
    __aeabi_uidiv                            0x0800664d   Thumb Code     0  uidiv.o(.text)
    __aeabi_uidivmod                         0x0800664d   Thumb Code    44  uidiv.o(.text)
    __aeabi_llsr                             0x08006679   Thumb Code    32  llushr.o(.text)
    _ll_ushift_r                             0x08006679   Thumb Code     0  llushr.o(.text)
    __I$use$fp                               0x08006699   Thumb Code     0  iusefp.o(.text)
    _double_round                            0x08006699   Thumb Code    30  depilogue.o(.text)
    _double_epilogue                         0x080066b7   Thumb Code   156  depilogue.o(.text)
    __scatterload                            0x08006755   Thumb Code    28  init.o(.text)
    __scatterload_rt2                        0x08006755   Thumb Code     0  init.o(.text)
    __aeabi_llsl                             0x08006779   Thumb Code    30  llshl.o(.text)
    _ll_shift_l                              0x08006779   Thumb Code     0  llshl.o(.text)
    __decompress                             0x08006797   Thumb Code     0  __dczerorl2.o(.text)
    __decompress1                            0x08006797   Thumb Code    86  __dczerorl2.o(.text)
    __0printf$1                              0x080067ed   Thumb Code    22  printf1.o(i.__0printf$1)
    __1printf$1                              0x080067ed   Thumb Code     0  printf1.o(i.__0printf$1)
    __2printf                                0x080067ed   Thumb Code     0  printf1.o(i.__0printf$1)
    __0sprintf$1                             0x0800680d   Thumb Code    34  printf1.o(i.__0sprintf$1)
    __1sprintf$1                             0x0800680d   Thumb Code     0  printf1.o(i.__0sprintf$1)
    __2sprintf                               0x0800680d   Thumb Code     0  printf1.o(i.__0sprintf$1)
    __scatterload_copy                       0x08006835   Thumb Code    14  handlers.o(i.__scatterload_copy)
    __scatterload_null                       0x08006843   Thumb Code     2  handlers.o(i.__scatterload_null)
    __scatterload_zeroinit                   0x08006845   Thumb Code    14  handlers.o(i.__scatterload_zeroinit)
    Region$$Table$$Base                      0x080069b4   Number         0  anon$$obj.o(Region$$Table)
    Region$$Table$$Limit                     0x080069d4   Number         0  anon$$obj.o(Region$$Table)
    SystemCoreClock                          0x20000000   Data           4  system_stm32f10x.o(.data)
    AHBPrescTable                            0x20000004   Data          16  system_stm32f10x.o(.data)
    HSEStartUpStatus                         0x20000028   Data           1  main.o(.data)
    GPIO_InitStructure                       0x2000002a   Data           4  main.o(.data)
    EXTI_InitStructure                       0x20000030   Data           8  main.o(.data)
    NVIC_InitStructure                       0x20000038   Data           4  main.o(.data)
    USART_ClockInitStructure                 0x2000003c   Data           8  main.o(.data)
    times                                    0x20000044   Data           2  main.o(.data)
    time                                     0x20000048   Data           4  main.o(.data)
    process                                  0x2000004c   Data           1  main.o(.data)
    Ahavesome                                0x2000004d   Data           1  main.o(.data)
    Bhavesome                                0x2000004e   Data           1  main.o(.data)
    Chavesome                                0x2000004f   Data           1  main.o(.data)
    Dhavesome                                0x20000050   Data           1  main.o(.data)
    Ehavesome                                0x20000051   Data           1  main.o(.data)
    Fhavesome                                0x20000052   Data           1  main.o(.data)
    Ghavesome                                0x20000053   Data           1  main.o(.data)
    Hhavesome                                0x20000054   Data           1  main.o(.data)
    Ihavesome                                0x20000055   Data           1  main.o(.data)
    pointsth                                 0x20000056   Data           1  main.o(.data)
    findsekuai                               0x20000057   Data           1  main.o(.data)
    Idone                                    0x20000058   Data           1  main.o(.data)
    sekuai                                   0x20000059   Data           1  main.o(.data)
    pcolor                                   0x2000005a   Data           6  main.o(.data)
    RGB                                      0x20000060   Data           6  main.o(.data)
    hadedone                                 0x20000068   Data           4  main.o(.data)
    QTIS                                     0x2000006c   Data           1  main.o(.data)
    color                                    0x20000070   Data           4  main.o(.data)
    distance                                 0x20000074   Data           4  main.o(.data)
    speed                                    0x20000078   Data           4  main.o(.data)
    pulses                                   0x2000007c   Data           4  main.o(.data)
    colorCheck                               0x20000080   Data           1  main.o(.data)
    i                                        0x20000081   Data           1  main.o(.data)
    j                                        0x20000082   Data           1  main.o(.data)
    i1                                       0x20000084   Data           4  main.o(.data)
    goal                                     0x20000088   Data           4  main.o(.data)
    a                                        0x2000008c   Data           4  main.o(.data)
    count                                    0x20000090   Data           4  main.o(.data)
    LRp                                      0x20000094   Data           4  main.o(.data)
    aim                                      0x20000098   Data           4  main.o(.data)
    have                                     0x2000009c   Data           1  main.o(.data)
    time5_conut                              0x200000a0   Data           2  tcs.o(.data)
    count_tcs230                             0x200000a2   Data           2  tcs.o(.data)
    xm_RGB                                   0x200000a4   Data           6  tcs.o(.data)
    colour                                   0x200000ac   Data           4  tcs.o(.data)
    red_time                                 0x200000b0   Data           4  tcs.o(.data)
    blue_time                                0x200000b4   Data           4  tcs.o(.data)
    green_time                               0x200000b8   Data           4  tcs.o(.data)
    tim5_interruput_flag                     0x200000bc   Data           4  tcs.o(.data)
    tim7_interruput_flag                     0x200000c0   Data           4  tcs.o(.data)
    red_num                                  0x200000c4   Data           4  tcs.o(.data)
    blue_num                                 0x200000c8   Data           4  tcs.o(.data)
    green_num                                0x200000cc   Data           4  tcs.o(.data)
    colour_flag                              0x200000d0   Data           4  tcs.o(.data)
    buf1                                     0x200000d4   Data          30  tcs.o(.data)
    speak_len1                               0x200000f4   Data           4  tcs.o(.data)
    counter_t2                               0x200000f8   Data           4  timer.o(.data)
    counter_t3                               0x200000fc   Data           4  timer.o(.data)
    counter_t4                               0x20000100   Data           4  timer.o(.data)
    counter_t1                               0x20000104   Data           4  timer.o(.data)
    counter_t8                               0x20000108   Data           4  timer.o(.data)
    over_flow_t2                             0x2000010c   Data           4  timer.o(.data)
    over_flow_t3                             0x20000110   Data           4  timer.o(.data)
    over_flow_t4                             0x20000114   Data           4  timer.o(.data)
    over_flow_t1                             0x20000118   Data           4  timer.o(.data)
    over_flow_t8                             0x2000011c   Data           4  timer.o(.data)
    black_frequency_1                        0x20000120   Data           4  timer.o(.data)
    black_frequency_2                        0x20000124   Data           4  timer.o(.data)
    black_frequency_3                        0x20000128   Data           4  timer.o(.data)
    black_frequency_4                        0x2000012c   Data           4  timer.o(.data)
    black_frequency_5                        0x20000130   Data           4  timer.o(.data)
    display_flag                             0x20000134   Data           4  timer.o(.data)
    motor_in1                                0x20000138   Data           4  timer.o(.data)
    motor_in2                                0x2000013c   Data           4  timer.o(.data)
    motor_in3                                0x20000140   Data           4  timer.o(.data)
    pwm_num                                  0x20000144   Data           4  timer.o(.data)
    room_2_pwm_num                           0x20000148   Data           4  timer.o(.data)
    pwm_num_distance                         0x2000014c   Data           4  timer.o(.data)
    motor_in_old                             0x20000150   Data           4  timer.o(.data)
    motor_count                              0x20000154   Data           4  timer.o(.data)
    key_count                                0x20000158   Data           4  timer.o(.data)
    key_value                                0x2000015c   Data           4  timer.o(.data)
    key_last_value                           0x20000160   Data           4  timer.o(.data)
    counter_50ms                             0x20000164   Data           4  timer.o(.data)
    time_1s_flag                             0x20000168   Data           4  timer.o(.data)
    new_key_flag                             0x2000016c   Data           1  timer.o(.data)
    temp_1                                   0x2000016d   Data           1  timer.o(.data)
    temp_2                                   0x2000016e   Data           1  timer.o(.data)
    temp_3                                   0x2000016f   Data           1  timer.o(.data)
    temp_4                                   0x20000170   Data           1  timer.o(.data)
    temp_5                                   0x20000171   Data           1  timer.o(.data)
    temp_6                                   0x20000172   Data           1  timer.o(.data)
    temp_7                                   0x20000173   Data           1  timer.o(.data)
    temp_8                                   0x20000174   Data           1  timer.o(.data)
    temp_9                                   0x20000175   Data           1  timer.o(.data)
    temp_10                                  0x20000176   Data           1  timer.o(.data)
    temp_11                                  0x20000177   Data           1  timer.o(.data)
    tim5_over_count                          0x20000178   Data           4  timer.o(.data)
    tim7_over_count                          0x2000017c   Data           4  timer.o(.data)
    yaw_0                                    0x20000180   Data           4  timer.o(.data)
    __stdout                                 0x20000188   Data           4  stdout.o(.data)
    TIM_TimeBaseStructure                    0x2000018c   Data          10  main.o(.bss)
    TIM_OCInitStructure                      0x20000196   Data          16  main.o(.bss)
    TIM_ICInitStructure                      0x200001a6   Data          10  main.o(.bss)
    USART_InitStructure                      0x200001b0   Data          16  main.o(.bss)
    __initial_sp                             0x200005c0   Data           0  startup_stm32f10x_hd.o(STACK)



==============================================================================

Memory Map of the image

  Image Entry point : 0x08002401

  Load Region LR_1 (Base: 0x08000000, Size: 0x00006b60, Max: 0xffffffff, ABSOLUTE, COMPRESSED[0x00006a10])

    Execution Region ER_RO (Exec base: 0x08000000, Load base: 0x08000000, Size: 0x000069d4, Max: 0xffffffff, ABSOLUTE)

    Exec Addr    Load Addr    Size         Type   Attr      Idx    E Section Name        Object

    0x08000000   0x08000000   0x00000130   Data   RO          218    RESET               startup_stm32f10x_hd.o
    0x08000130   0x08000130   0x00000000   Code   RO          422  * .ARM.Collect$$$$00000000  mc_w.l(entry.o)
    0x08000130   0x08000130   0x00000004   Code   RO          694    .ARM.Collect$$$$00000001  mc_w.l(entry2.o)
    0x08000134   0x08000134   0x00000004   Code   RO          697    .ARM.Collect$$$$00000004  mc_w.l(entry5.o)
    0x08000138   0x08000138   0x00000000   Code   RO          699    .ARM.Collect$$$$00000008  mc_w.l(entry7b.o)
    0x08000138   0x08000138   0x00000000   Code   RO          701    .ARM.Collect$$$$0000000A  mc_w.l(entry8b.o)
    0x08000138   0x08000138   0x00000008   Code   RO          702    .ARM.Collect$$$$0000000B  mc_w.l(entry9a.o)
    0x08000140   0x08000140   0x00000004   Code   RO          709    .ARM.Collect$$$$0000000E  mc_w.l(entry12b.o)
    0x08000144   0x08000144   0x00000000   Code   RO          704    .ARM.Collect$$$$0000000F  mc_w.l(entry10a.o)
    0x08000144   0x08000144   0x00000000   Code   RO          706    .ARM.Collect$$$$00000011  mc_w.l(entry11a.o)
    0x08000144   0x08000144   0x00000004   Code   RO          695    .ARM.Collect$$$$00002712  mc_w.l(entry2.o)
    0x08000148   0x08000148   0x000001e0   Code   RO           17    .text               system_stm32f10x.o
    0x08000328   0x08000328   0x000000dc   Code   RO          114    .text               misc.o
    0x08000404   0x08000404   0x0000011c   Code   RO          130    .text               stm32f10x_exti.o
    0x08000520   0x08000520   0x0000035c   Code   RO          142    .text               stm32f10x_gpio.o
    0x0800087c   0x0800087c   0x000003a4   Code   RO          154    .text               stm32f10x_rcc.o
    0x08000c20   0x08000c20   0x00000e1a   Code   RO          168    .text               stm32f10x_tim.o
    0x08001a3a   0x08001a3a   0x00000002   PAD
    0x08001a3c   0x08001a3c   0x00000408   Code   RO          180    .text               stm32f10x_usart.o
    0x08001e44   0x08001e44   0x000005bc   Code   RO          192    .text               stm32f10x_flash.o
    0x08002400   0x08002400   0x00000024   Code   RO          219  * .text               startup_stm32f10x_hd.o
    0x08002424   0x08002424   0x00003130   Code   RO          223    .text               main.o
    0x08005554   0x08005554   0x0000001e   Code   RO          345    .text               stm32f10x_it.o
    0x08005572   0x08005572   0x00000002   PAD
    0x08005574   0x08005574   0x0000064c   Code   RO          361    .text               tcs.o
    0x08005bc0   0x08005bc0   0x0000086c   Code   RO          389    .text               timer.o
    0x0800642c   0x0800642c   0x000000d4   Code   RO          405    .text               delay.o
    0x08006500   0x08006500   0x0000000e   Code   RO          425    .text               mc_w.l(strlen.o)
    0x0800650e   0x0800650e   0x000000de   Code   RO          688    .text               mf_w.l(ddiv.o)
    0x080065ec   0x080065ec   0x00000022   Code   RO          690    .text               mf_w.l(dflti.o)
    0x0800660e   0x0800660e   0x0000003e   Code   RO          692    .text               mf_w.l(dfixi.o)
    0x0800664c   0x0800664c   0x0000002c   Code   RO          711    .text               mc_w.l(uidiv.o)
    0x08006678   0x08006678   0x00000020   Code   RO          715    .text               mc_w.l(llushr.o)
    0x08006698   0x08006698   0x00000000   Code   RO          717    .text               mc_w.l(iusefp.o)
    0x08006698   0x08006698   0x000000ba   Code   RO          718    .text               mf_w.l(depilogue.o)
    0x08006752   0x08006752   0x00000002   PAD
    0x08006754   0x08006754   0x00000024   Code   RO          728    .text               mc_w.l(init.o)
    0x08006778   0x08006778   0x0000001e   Code   RO          730    .text               mc_w.l(llshl.o)
    0x08006796   0x08006796   0x00000056   Code   RO          742    .text               mc_w.l(__dczerorl2.o)
    0x080067ec   0x080067ec   0x00000020   Code   RO          472    i.__0printf$1       mc_w.l(printf1.o)
    0x0800680c   0x0800680c   0x00000028   Code   RO          474    i.__0sprintf$1      mc_w.l(printf1.o)
    0x08006834   0x08006834   0x0000000e   Code   RO          736    i.__scatterload_copy  mc_w.l(handlers.o)
    0x08006842   0x08006842   0x00000002   Code   RO          737    i.__scatterload_null  mc_w.l(handlers.o)
    0x08006844   0x08006844   0x0000000e   Code   RO          738    i.__scatterload_zeroinit  mc_w.l(handlers.o)
    0x08006852   0x08006852   0x00000002   PAD
    0x08006854   0x08006854   0x00000154   Code   RO          479    i._printf_core      mc_w.l(printf1.o)
    0x080069a8   0x080069a8   0x0000000a   Code   RO          481    i._sputc            mc_w.l(printf1.o)
    0x080069b2   0x080069b2   0x00000002   PAD
    0x080069b4   0x080069b4   0x00000020   Data   RO          734    Region$$Table       anon$$obj.o


    Execution Region ER_RW (Exec base: 0x20000000, Load base: 0x080069d4, Size: 0x0000018c, Max: 0xffffffff, ABSOLUTE, COMPRESSED[0x0000003c])

    Exec Addr    Load Addr    Size         Type   Attr      Idx    E Section Name        Object

    0x20000000   COMPRESSED   0x00000014   Data   RW           18    .data               system_stm32f10x.o
    0x20000014   COMPRESSED   0x00000014   Data   RW          155    .data               stm32f10x_rcc.o
    0x20000028   COMPRESSED   0x00000075   Data   RW          225    .data               main.o
    0x2000009d   COMPRESSED   0x00000003   PAD
    0x200000a0   COMPRESSED   0x00000058   Data   RW          362    .data               tcs.o
    0x200000f8   COMPRESSED   0x0000008c   Data   RW          390    .data               timer.o
    0x20000184   COMPRESSED   0x00000004   Data   RW          406    .data               delay.o
    0x20000188   COMPRESSED   0x00000004   Data   RW          710    .data               mc_w.l(stdout.o)


    Execution Region ER_ZI (Exec base: 0x2000018c, Load base: 0x08006a10, Size: 0x00000434, Max: 0xffffffff, ABSOLUTE)

    Exec Addr    Load Addr    Size         Type   Attr      Idx    E Section Name        Object

    0x2000018c        -       0x00000034   Zero   RW          224    .bss                main.o
    0x200001c0        -       0x00000400   Zero   RW          216    STACK               startup_stm32f10x_hd.o


==============================================================================

Image component sizes


      Code (inc. data)   RO Data    RW Data    ZI Data      Debug   Object Name

         0          0          0          0          0       4548   core_cm3.o
       212         18          0          4          0        995   delay.o
     12592        634          0        117         52     266201   main.o
       220         22          0          0          0       1737   misc.o
        36          8        304          0       1024        784   startup_stm32f10x_hd.o
       284         10          0          0          0       2191   stm32f10x_exti.o
      1468         34          0          0          0       8138   stm32f10x_flash.o
       860         38          0          0          0       5665   stm32f10x_gpio.o
        30          0          0          0          0       1393   stm32f10x_it.o
       932         36          0         20          0       8820   stm32f10x_rcc.o
      3610         88          0          0          0      22776   stm32f10x_tim.o
      1032         22          0          0          0       8392   stm32f10x_usart.o
       480         38          0         20          0     258355   system_stm32f10x.o
      1612        286          0         88          0       3400   tcs.o
      2156        106          0        140          0       8118   timer.o

    ----------------------------------------------------------------------
     25528       1340        336        392       1076     601513   Object Totals
         0          0         32          0          0          0   (incl. Generated)
         4          0          0          3          0          0   (incl. Padding)

    ----------------------------------------------------------------------

      Code (inc. data)   RO Data    RW Data    ZI Data      Debug   Library Member Name

        86          0          0          0          0          0   __dczerorl2.o
         0          0          0          0          0          0   entry.o
         0          0          0          0          0          0   entry10a.o
         0          0          0          0          0          0   entry11a.o
         4          0          0          0          0          0   entry12b.o
         8          4          0          0          0          0   entry2.o
         4          0          0          0          0          0   entry5.o
         0          0          0          0          0          0   entry7b.o
         0          0          0          0          0          0   entry8b.o
         8          4          0          0          0          0   entry9a.o
        30          0          0          0          0          0   handlers.o
        36          8          0          0          0         68   init.o
         0          0          0          0          0          0   iusefp.o
        30          0          0          0          0         68   llshl.o
        32          0          0          0          0         68   llushr.o
       422         20          0          0          0        336   printf1.o
         0          0          0          4          0          0   stdout.o
        14          0          0          0          0         68   strlen.o
        44          0          0          0          0         80   uidiv.o
       222          0          0          0          0        100   ddiv.o
       186          0          0          0          0        176   depilogue.o
        62          0          0          0          0         80   dfixi.o
        34          0          0          0          0         76   dflti.o

    ----------------------------------------------------------------------
      1228         36          0          4          0       1120   Library Totals
         6          0          0          0          0          0   (incl. Padding)

    ----------------------------------------------------------------------

      Code (inc. data)   RO Data    RW Data    ZI Data      Debug   Library Name

       718         36          0          4          0        688   mc_w.l
       504          0          0          0          0        432   mf_w.l

    ----------------------------------------------------------------------
      1228         36          0          4          0       1120   Library Totals

    ----------------------------------------------------------------------

==============================================================================


      Code (inc. data)   RO Data    RW Data    ZI Data      Debug   

     26756       1376        336        396       1076     601097   Grand Totals
     26756       1376        336         60       1076     601097   ELF Image Totals (compressed)
     26756       1376        336         60          0          0   ROM Totals

==============================================================================

    Total RO  Size (Code + RO Data)                27092 (  26.46kB)
    Total RW  Size (RW Data + ZI Data)              1472 (   1.44kB)
    Total ROM Size (Code + RO Data + RW Data)      27152 (  26.52kB)

==============================================================================

