Component: ARM Compiler 5.05 update 1 (build 106) Tool: armlink [4d0efa]

==============================================================================

Section Cross References

    system_stm32f10x.o(.text) refers to system_stm32f10x.o(.data) for SystemCoreClock
    stm32f10x_gpio.o(.text) refers to stm32f10x_rcc.o(.text) for RCC_APB2PeriphResetCmd
    stm32f10x_rcc.o(.text) refers to stm32f10x_rcc.o(.data) for APBAHBPrescTable
    stm32f10x_tim.o(.text) refers to stm32f10x_rcc.o(.text) for RCC_APB2PeriphResetCmd
    stm32f10x_usart.o(.text) refers to stm32f10x_rcc.o(.text) for RCC_APB2PeriphResetCmd
    startup_stm32f10x_hd.o(RESET) refers to startup_stm32f10x_hd.o(STACK) for __initial_sp
    startup_stm32f10x_hd.o(RESET) refers to startup_stm32f10x_hd.o(.text) for Reset_Handler
    startup_stm32f10x_hd.o(RESET) refers to stm32f10x_it.o(.text) for NMI_Handler
    startup_stm32f10x_hd.o(.text) refers to system_stm32f10x.o(.text) for SystemInit
    startup_stm32f10x_hd.o(.text) refers to entry.o(.ARM.Collect$$$$00000000) for __main
    main.o(.text) refers to stm32f10x_rcc.o(.text) for RCC_DeInit
    main.o(.text) refers to stm32f10x_flash.o(.text) for FLASH_PrefetchBufferCmd
    main.o(.text) refers to misc.o(.text) for NVIC_SetVectorTable
    main.o(.text) refers to stm32f10x_tim.o(.text) for TIM_DeInit
    main.o(.text) refers to stm32f10x_usart.o(.text) for USART_Init
    main.o(.text) refers to stm32f10x_gpio.o(.text) for GPIO_Init
    main.o(.text) refers to main.o(.data) for HSEStartUpStatus
    main.o(.text) refers to main.o(.bss) for TIM_TimeBaseStructure
    main.o(.text) refers to printf1.o(i.__0printf$1) for __2printf
    main.o(.text) refers to dflti.o(.text) for __aeabi_i2d
    main.o(.text) refers to ddiv.o(.text) for __aeabi_ddiv
    main.o(.text) refers to dfixi.o(.text) for __aeabi_d2iz
    stm32f10x_it.o(.text) refers to stm32f10x_tim.o(.text) for TIM_GetITStatus
    stm32f10x_it.o(.text) refers to main.o(.data) for times
    entry.o(.ARM.Collect$$$$00000000) refers (Special) to entry10a.o(.ARM.Collect$$$$0000000D) for __rt_final_cpp
    entry.o(.ARM.Collect$$$$00000000) refers (Special) to entry11a.o(.ARM.Collect$$$$0000000F) for __rt_final_exit
    entry.o(.ARM.Collect$$$$00000000) refers (Special) to entry7b.o(.ARM.Collect$$$$00000008) for _main_clock
    entry.o(.ARM.Collect$$$$00000000) refers (Special) to entry8b.o(.ARM.Collect$$$$0000000A) for _main_cpp_init
    entry.o(.ARM.Collect$$$$00000000) refers (Special) to entry9a.o(.ARM.Collect$$$$0000000B) for _main_init
    entry.o(.ARM.Collect$$$$00000000) refers (Special) to entry5.o(.ARM.Collect$$$$00000004) for _main_scatterload
    entry.o(.ARM.Collect$$$$00000000) refers (Special) to entry2.o(.ARM.Collect$$$$00000001) for _main_stk
    printfb.o(i.__0fprintf$bare) refers to printfb.o(i._printf_core) for _printf_core
    printfb.o(i.__0fprintf$bare) refers to main.o(.text) for fputc
    printfb.o(i.__0printf$bare) refers to printfb.o(i._printf_core) for _printf_core
    printfb.o(i.__0printf$bare) refers to main.o(.text) for fputc
    printfb.o(i.__0printf$bare) refers to stdout.o(.data) for __stdout
    printfb.o(i.__0snprintf$bare) refers to printfb.o(i._printf_core) for _printf_core
    printfb.o(i.__0snprintf$bare) refers to printfb.o(i._snputc) for _snputc
    printfb.o(i.__0sprintf$bare) refers to printfb.o(i._printf_core) for _printf_core
    printfb.o(i.__0sprintf$bare) refers to printfb.o(i._sputc) for _sputc
    printfb.o(i.__0vfprintf$bare) refers to printfb.o(i._printf_core) for _printf_core
    printfb.o(i.__0vfprintf$bare) refers to main.o(.text) for fputc
    printfb.o(i.__0vprintf$bare) refers to printfb.o(i._printf_core) for _printf_core
    printfb.o(i.__0vprintf$bare) refers to main.o(.text) for fputc
    printfb.o(i.__0vprintf$bare) refers to stdout.o(.data) for __stdout
    printfb.o(i.__0vsnprintf$bare) refers to printfb.o(i._printf_core) for _printf_core
    printfb.o(i.__0vsnprintf$bare) refers to printfb.o(i._snputc) for _snputc
    printfb.o(i.__0vsprintf$bare) refers to printfb.o(i._printf_core) for _printf_core
    printfb.o(i.__0vsprintf$bare) refers to printfb.o(i._sputc) for _sputc
    printf0.o(i.__0fprintf$0) refers to printf0.o(i._printf_core) for _printf_core
    printf0.o(i.__0fprintf$0) refers to main.o(.text) for fputc
    printf0.o(i.__0printf$0) refers to printf0.o(i._printf_core) for _printf_core
    printf0.o(i.__0printf$0) refers to main.o(.text) for fputc
    printf0.o(i.__0printf$0) refers to stdout.o(.data) for __stdout
    printf0.o(i.__0snprintf$0) refers to printf0.o(i._printf_core) for _printf_core
    printf0.o(i.__0snprintf$0) refers to printf0.o(i._snputc) for _snputc
    printf0.o(i.__0sprintf$0) refers to printf0.o(i._printf_core) for _printf_core
    printf0.o(i.__0sprintf$0) refers to printf0.o(i._sputc) for _sputc
    printf0.o(i.__0vfprintf$0) refers to printf0.o(i._printf_core) for _printf_core
    printf0.o(i.__0vfprintf$0) refers to main.o(.text) for fputc
    printf0.o(i.__0vprintf$0) refers to printf0.o(i._printf_core) for _printf_core
    printf0.o(i.__0vprintf$0) refers to main.o(.text) for fputc
    printf0.o(i.__0vprintf$0) refers to stdout.o(.data) for __stdout
    printf0.o(i.__0vsnprintf$0) refers to printf0.o(i._printf_core) for _printf_core
    printf0.o(i.__0vsnprintf$0) refers to printf0.o(i._snputc) for _snputc
    printf0.o(i.__0vsprintf$0) refers to printf0.o(i._printf_core) for _printf_core
    printf0.o(i.__0vsprintf$0) refers to printf0.o(i._sputc) for _sputc
    printf1.o(i.__0fprintf$1) refers to printf1.o(i._printf_core) for _printf_core
    printf1.o(i.__0fprintf$1) refers to main.o(.text) for fputc
    printf1.o(i.__0printf$1) refers to printf1.o(i._printf_core) for _printf_core
    printf1.o(i.__0printf$1) refers to main.o(.text) for fputc
    printf1.o(i.__0printf$1) refers to stdout.o(.data) for __stdout
    printf1.o(i.__0snprintf$1) refers to printf1.o(i._printf_core) for _printf_core
    printf1.o(i.__0snprintf$1) refers to printf1.o(i._snputc) for _snputc
    printf1.o(i.__0sprintf$1) refers to printf1.o(i._printf_core) for _printf_core
    printf1.o(i.__0sprintf$1) refers to printf1.o(i._sputc) for _sputc
    printf1.o(i.__0vfprintf$1) refers to printf1.o(i._printf_core) for _printf_core
    printf1.o(i.__0vfprintf$1) refers to main.o(.text) for fputc
    printf1.o(i.__0vprintf$1) refers to printf1.o(i._printf_core) for _printf_core
    printf1.o(i.__0vprintf$1) refers to main.o(.text) for fputc
    printf1.o(i.__0vprintf$1) refers to stdout.o(.data) for __stdout
    printf1.o(i.__0vsnprintf$1) refers to printf1.o(i._printf_core) for _printf_core
    printf1.o(i.__0vsnprintf$1) refers to printf1.o(i._snputc) for _snputc
    printf1.o(i.__0vsprintf$1) refers to printf1.o(i._printf_core) for _printf_core
    printf1.o(i.__0vsprintf$1) refers to printf1.o(i._sputc) for _sputc
    printf1.o(i._printf_core) refers to uidiv.o(.text) for __aeabi_uidivmod
    printf2.o(i.__0fprintf$2) refers to printf2.o(i._printf_core) for _printf_core
    printf2.o(i.__0fprintf$2) refers to main.o(.text) for fputc
    printf2.o(i.__0printf$2) refers to printf2.o(i._printf_core) for _printf_core
    printf2.o(i.__0printf$2) refers to main.o(.text) for fputc
    printf2.o(i.__0printf$2) refers to stdout.o(.data) for __stdout
    printf2.o(i.__0snprintf$2) refers to printf2.o(i._printf_core) for _printf_core
    printf2.o(i.__0snprintf$2) refers to printf2.o(i._snputc) for _snputc
    printf2.o(i.__0sprintf$2) refers to printf2.o(i._printf_core) for _printf_core
    printf2.o(i.__0sprintf$2) refers to printf2.o(i._sputc) for _sputc
    printf2.o(i.__0vfprintf$2) refers to printf2.o(i._printf_core) for _printf_core
    printf2.o(i.__0vfprintf$2) refers to main.o(.text) for fputc
    printf2.o(i.__0vprintf$2) refers to printf2.o(i._printf_core) for _printf_core
    printf2.o(i.__0vprintf$2) refers to main.o(.text) for fputc
    printf2.o(i.__0vprintf$2) refers to stdout.o(.data) for __stdout
    printf2.o(i.__0vsnprintf$2) refers to printf2.o(i._printf_core) for _printf_core
    printf2.o(i.__0vsnprintf$2) refers to printf2.o(i._snputc) for _snputc
    printf2.o(i.__0vsprintf$2) refers to printf2.o(i._printf_core) for _printf_core
    printf2.o(i.__0vsprintf$2) refers to printf2.o(i._sputc) for _sputc
    printf3.o(i.__0fprintf$3) refers to printf3.o(i._printf_core) for _printf_core
    printf3.o(i.__0fprintf$3) refers to main.o(.text) for fputc
    printf3.o(i.__0printf$3) refers to printf3.o(i._printf_core) for _printf_core
    printf3.o(i.__0printf$3) refers to main.o(.text) for fputc
    printf3.o(i.__0printf$3) refers to stdout.o(.data) for __stdout
    printf3.o(i.__0snprintf$3) refers to printf3.o(i._printf_core) for _printf_core
    printf3.o(i.__0snprintf$3) refers to printf3.o(i._snputc) for _snputc
    printf3.o(i.__0sprintf$3) refers to printf3.o(i._printf_core) for _printf_core
    printf3.o(i.__0sprintf$3) refers to printf3.o(i._sputc) for _sputc
    printf3.o(i.__0vfprintf$3) refers to printf3.o(i._printf_core) for _printf_core
    printf3.o(i.__0vfprintf$3) refers to main.o(.text) for fputc
    printf3.o(i.__0vprintf$3) refers to printf3.o(i._printf_core) for _printf_core
    printf3.o(i.__0vprintf$3) refers to main.o(.text) for fputc
    printf3.o(i.__0vprintf$3) refers to stdout.o(.data) for __stdout
    printf3.o(i.__0vsnprintf$3) refers to printf3.o(i._printf_core) for _printf_core
    printf3.o(i.__0vsnprintf$3) refers to printf3.o(i._snputc) for _snputc
    printf3.o(i.__0vsprintf$3) refers to printf3.o(i._printf_core) for _printf_core
    printf3.o(i.__0vsprintf$3) refers to printf3.o(i._sputc) for _sputc
    printf3.o(i._printf_core) refers to uidiv.o(.text) for __aeabi_uidivmod
    printf4.o(i.__0fprintf$4) refers to printf4.o(i._printf_core) for _printf_core
    printf4.o(i.__0fprintf$4) refers to main.o(.text) for fputc
    printf4.o(i.__0printf$4) refers to printf4.o(i._printf_core) for _printf_core
    printf4.o(i.__0printf$4) refers to main.o(.text) for fputc
    printf4.o(i.__0printf$4) refers to stdout.o(.data) for __stdout
    printf4.o(i.__0snprintf$4) refers to printf4.o(i._printf_core) for _printf_core
    printf4.o(i.__0snprintf$4) refers to printf4.o(i._snputc) for _snputc
    printf4.o(i.__0sprintf$4) refers to printf4.o(i._printf_core) for _printf_core
    printf4.o(i.__0sprintf$4) refers to printf4.o(i._sputc) for _sputc
    printf4.o(i.__0vfprintf$4) refers to printf4.o(i._printf_core) for _printf_core
    printf4.o(i.__0vfprintf$4) refers to main.o(.text) for fputc
    printf4.o(i.__0vprintf$4) refers to printf4.o(i._printf_core) for _printf_core
    printf4.o(i.__0vprintf$4) refers to main.o(.text) for fputc
    printf4.o(i.__0vprintf$4) refers to stdout.o(.data) for __stdout
    printf4.o(i.__0vsnprintf$4) refers to printf4.o(i._printf_core) for _printf_core
    printf4.o(i.__0vsnprintf$4) refers to printf4.o(i._snputc) for _snputc
    printf4.o(i.__0vsprintf$4) refers to printf4.o(i._printf_core) for _printf_core
    printf4.o(i.__0vsprintf$4) refers to printf4.o(i._sputc) for _sputc
    printf4.o(i._printf_core) refers to uldiv.o(.text) for __aeabi_uldivmod
    printf5.o(i.__0fprintf$5) refers to printf5.o(i._printf_core) for _printf_core
    printf5.o(i.__0fprintf$5) refers to main.o(.text) for fputc
    printf5.o(i.__0printf$5) refers to printf5.o(i._printf_core) for _printf_core
    printf5.o(i.__0printf$5) refers to main.o(.text) for fputc
    printf5.o(i.__0printf$5) refers to stdout.o(.data) for __stdout
    printf5.o(i.__0snprintf$5) refers to printf5.o(i._printf_core) for _printf_core
    printf5.o(i.__0snprintf$5) refers to printf5.o(i._snputc) for _snputc
    printf5.o(i.__0sprintf$5) refers to printf5.o(i._printf_core) for _printf_core
    printf5.o(i.__0sprintf$5) refers to printf5.o(i._sputc) for _sputc
    printf5.o(i.__0vfprintf$5) refers to printf5.o(i._printf_core) for _printf_core
    printf5.o(i.__0vfprintf$5) refers to main.o(.text) for fputc
    printf5.o(i.__0vprintf$5) refers to printf5.o(i._printf_core) for _printf_core
    printf5.o(i.__0vprintf$5) refers to main.o(.text) for fputc
    printf5.o(i.__0vprintf$5) refers to stdout.o(.data) for __stdout
    printf5.o(i.__0vsnprintf$5) refers to printf5.o(i._printf_core) for _printf_core
    printf5.o(i.__0vsnprintf$5) refers to printf5.o(i._snputc) for _snputc
    printf5.o(i.__0vsprintf$5) refers to printf5.o(i._printf_core) for _printf_core
    printf5.o(i.__0vsprintf$5) refers to printf5.o(i._sputc) for _sputc
    printf5.o(i._printf_core) refers to uldiv.o(.text) for __aeabi_uldivmod
    printf6.o(i.__0fprintf$6) refers to printf6.o(i._printf_core) for _printf_core
    printf6.o(i.__0fprintf$6) refers to main.o(.text) for fputc
    printf6.o(i.__0printf$6) refers to printf6.o(i._printf_core) for _printf_core
    printf6.o(i.__0printf$6) refers to main.o(.text) for fputc
    printf6.o(i.__0printf$6) refers to stdout.o(.data) for __stdout
    printf6.o(i.__0snprintf$6) refers to printf6.o(i._printf_core) for _printf_core
    printf6.o(i.__0snprintf$6) refers to printf6.o(i._snputc) for _snputc
    printf6.o(i.__0sprintf$6) refers to printf6.o(i._printf_core) for _printf_core
    printf6.o(i.__0sprintf$6) refers to printf6.o(i._sputc) for _sputc
    printf6.o(i.__0vfprintf$6) refers to printf6.o(i._printf_core) for _printf_core
    printf6.o(i.__0vfprintf$6) refers to main.o(.text) for fputc
    printf6.o(i.__0vprintf$6) refers to printf6.o(i._printf_core) for _printf_core
    printf6.o(i.__0vprintf$6) refers to main.o(.text) for fputc
    printf6.o(i.__0vprintf$6) refers to stdout.o(.data) for __stdout
    printf6.o(i.__0vsnprintf$6) refers to printf6.o(i._printf_core) for _printf_core
    printf6.o(i.__0vsnprintf$6) refers to printf6.o(i._snputc) for _snputc
    printf6.o(i.__0vsprintf$6) refers to printf6.o(i._printf_core) for _printf_core
    printf6.o(i.__0vsprintf$6) refers to printf6.o(i._sputc) for _sputc
    printf6.o(i._printf_core) refers to printf6.o(i._printf_pre_padding) for _printf_pre_padding
    printf6.o(i._printf_core) refers to uidiv.o(.text) for __aeabi_uidivmod
    printf6.o(i._printf_core) refers to printf6.o(i._printf_post_padding) for _printf_post_padding
    printf7.o(i.__0fprintf$7) refers to printf7.o(i._printf_core) for _printf_core
    printf7.o(i.__0fprintf$7) refers to main.o(.text) for fputc
    printf7.o(i.__0printf$7) refers to printf7.o(i._printf_core) for _printf_core
    printf7.o(i.__0printf$7) refers to main.o(.text) for fputc
    printf7.o(i.__0printf$7) refers to stdout.o(.data) for __stdout
    printf7.o(i.__0snprintf$7) refers to printf7.o(i._printf_core) for _printf_core
    printf7.o(i.__0snprintf$7) refers to printf7.o(i._snputc) for _snputc
    printf7.o(i.__0sprintf$7) refers to printf7.o(i._printf_core) for _printf_core
    printf7.o(i.__0sprintf$7) refers to printf7.o(i._sputc) for _sputc
    printf7.o(i.__0vfprintf$7) refers to printf7.o(i._printf_core) for _printf_core
    printf7.o(i.__0vfprintf$7) refers to main.o(.text) for fputc
    printf7.o(i.__0vprintf$7) refers to printf7.o(i._printf_core) for _printf_core
    printf7.o(i.__0vprintf$7) refers to main.o(.text) for fputc
    printf7.o(i.__0vprintf$7) refers to stdout.o(.data) for __stdout
    printf7.o(i.__0vsnprintf$7) refers to printf7.o(i._printf_core) for _printf_core
    printf7.o(i.__0vsnprintf$7) refers to printf7.o(i._snputc) for _snputc
    printf7.o(i.__0vsprintf$7) refers to printf7.o(i._printf_core) for _printf_core
    printf7.o(i.__0vsprintf$7) refers to printf7.o(i._sputc) for _sputc
    printf7.o(i._printf_core) refers to printf7.o(i._printf_pre_padding) for _printf_pre_padding
    printf7.o(i._printf_core) refers to uldiv.o(.text) for __aeabi_uldivmod
    printf7.o(i._printf_core) refers to printf7.o(i._printf_post_padding) for _printf_post_padding
    printf8.o(i.__0fprintf$8) refers to printf8.o(i._printf_core) for _printf_core
    printf8.o(i.__0fprintf$8) refers to main.o(.text) for fputc
    printf8.o(i.__0printf$8) refers to printf8.o(i._printf_core) for _printf_core
    printf8.o(i.__0printf$8) refers to main.o(.text) for fputc
    printf8.o(i.__0printf$8) refers to stdout.o(.data) for __stdout
    printf8.o(i.__0snprintf$8) refers to printf8.o(i._printf_core) for _printf_core
    printf8.o(i.__0snprintf$8) refers to printf8.o(i._snputc) for _snputc
    printf8.o(i.__0sprintf$8) refers to printf8.o(i._printf_core) for _printf_core
    printf8.o(i.__0sprintf$8) refers to printf8.o(i._sputc) for _sputc
    printf8.o(i.__0vfprintf$8) refers to printf8.o(i._printf_core) for _printf_core
    printf8.o(i.__0vfprintf$8) refers to main.o(.text) for fputc
    printf8.o(i.__0vprintf$8) refers to printf8.o(i._printf_core) for _printf_core
    printf8.o(i.__0vprintf$8) refers to main.o(.text) for fputc
    printf8.o(i.__0vprintf$8) refers to stdout.o(.data) for __stdout
    printf8.o(i.__0vsnprintf$8) refers to printf8.o(i._printf_core) for _printf_core
    printf8.o(i.__0vsnprintf$8) refers to printf8.o(i._snputc) for _snputc
    printf8.o(i.__0vsprintf$8) refers to printf8.o(i._printf_core) for _printf_core
    printf8.o(i.__0vsprintf$8) refers to printf8.o(i._sputc) for _sputc
    printf8.o(i._printf_core) refers to printf8.o(i._printf_pre_padding) for _printf_pre_padding
    printf8.o(i._printf_core) refers to uldiv.o(.text) for __aeabi_uldivmod
    printf8.o(i._printf_core) refers to printf8.o(i._printf_post_padding) for _printf_post_padding
    printfa.o(i.__0fprintf) refers (Special) to iusefp.o(.text) for __I$use$fp
    printfa.o(i.__0fprintf) refers to printfa.o(i._printf_core) for _printf_core
    printfa.o(i.__0fprintf) refers to main.o(.text) for fputc
    printfa.o(i.__0printf) refers (Special) to iusefp.o(.text) for __I$use$fp
    printfa.o(i.__0printf) refers to printfa.o(i._printf_core) for _printf_core
    printfa.o(i.__0printf) refers to main.o(.text) for fputc
    printfa.o(i.__0printf) refers to stdout.o(.data) for __stdout
    printfa.o(i.__0snprintf) refers (Special) to iusefp.o(.text) for __I$use$fp
    printfa.o(i.__0snprintf) refers to printfa.o(i._printf_core) for _printf_core
    printfa.o(i.__0snprintf) refers to printfa.o(i._snputc) for _snputc
    printfa.o(i.__0sprintf) refers (Special) to iusefp.o(.text) for __I$use$fp
    printfa.o(i.__0sprintf) refers to printfa.o(i._printf_core) for _printf_core
    printfa.o(i.__0sprintf) refers to printfa.o(i._sputc) for _sputc
    printfa.o(i.__0vfprintf) refers (Special) to iusefp.o(.text) for __I$use$fp
    printfa.o(i.__0vfprintf) refers to printfa.o(i._printf_core) for _printf_core
    printfa.o(i.__0vfprintf) refers to main.o(.text) for fputc
    printfa.o(i.__0vprintf) refers (Special) to iusefp.o(.text) for __I$use$fp
    printfa.o(i.__0vprintf) refers to printfa.o(i._printf_core) for _printf_core
    printfa.o(i.__0vprintf) refers to main.o(.text) for fputc
    printfa.o(i.__0vprintf) refers to stdout.o(.data) for __stdout
    printfa.o(i.__0vsnprintf) refers (Special) to iusefp.o(.text) for __I$use$fp
    printfa.o(i.__0vsnprintf) refers to printfa.o(i._printf_core) for _printf_core
    printfa.o(i.__0vsnprintf) refers to printfa.o(i._snputc) for _snputc
    printfa.o(i.__0vsprintf) refers (Special) to iusefp.o(.text) for __I$use$fp
    printfa.o(i.__0vsprintf) refers to printfa.o(i._printf_core) for _printf_core
    printfa.o(i.__0vsprintf) refers to printfa.o(i._sputc) for _sputc
    printfa.o(i._fp_digits) refers (Special) to iusefp.o(.text) for __I$use$fp
    printfa.o(i._fp_digits) refers to dmul.o(.text) for __aeabi_dmul
    printfa.o(i._fp_digits) refers to ddiv.o(.text) for __aeabi_ddiv
    printfa.o(i._fp_digits) refers to cdrcmple.o(.text) for __aeabi_cdrcmple
    printfa.o(i._fp_digits) refers to dadd.o(.text) for __aeabi_dadd
    printfa.o(i._fp_digits) refers to dfixul.o(.text) for __aeabi_d2ulz
    printfa.o(i._fp_digits) refers to uldiv.o(.text) for __aeabi_uldivmod
    printfa.o(i._printf_core) refers (Special) to iusefp.o(.text) for __I$use$fp
    printfa.o(i._printf_core) refers to printfa.o(i._printf_pre_padding) for _printf_pre_padding
    printfa.o(i._printf_core) refers to uldiv.o(.text) for __aeabi_uldivmod
    printfa.o(i._printf_core) refers to printfa.o(i._printf_post_padding) for _printf_post_padding
    printfa.o(i._printf_core) refers to printfa.o(i._fp_digits) for _fp_digits
    printfa.o(i._printf_core) refers to uidiv.o(.text) for __aeabi_uidivmod
    printfa.o(i._printf_post_padding) refers (Special) to iusefp.o(.text) for __I$use$fp
    printfa.o(i._printf_pre_padding) refers (Special) to iusefp.o(.text) for __I$use$fp
    printfa.o(i._snputc) refers (Special) to iusefp.o(.text) for __I$use$fp
    printfa.o(i._sputc) refers (Special) to iusefp.o(.text) for __I$use$fp
    ddiv.o(.text) refers (Special) to iusefp.o(.text) for __I$use$fp
    ddiv.o(.text) refers to depilogue.o(.text) for _double_round
    dflti.o(.text) refers (Special) to iusefp.o(.text) for __I$use$fp
    dflti.o(.text) refers to depilogue.o(.text) for _double_epilogue
    dfixi.o(.text) refers (Special) to iusefp.o(.text) for __I$use$fp
    dfixi.o(.text) refers to llushr.o(.text) for __aeabi_llsr
    entry2.o(.ARM.Collect$$$$00000001) refers to entry2.o(.ARM.Collect$$$$00002712) for __lit__00000000
    entry2.o(.ARM.Collect$$$$00002712) refers to startup_stm32f10x_hd.o(STACK) for __initial_sp
    entry2.o(__vectab_stack_and_reset_area) refers to startup_stm32f10x_hd.o(STACK) for __initial_sp
    entry2.o(__vectab_stack_and_reset_area) refers to entry.o(.ARM.Collect$$$$00000000) for __main
    entry5.o(.ARM.Collect$$$$00000004) refers to init.o(.text) for __scatterload
    entry9a.o(.ARM.Collect$$$$0000000B) refers to main.o(.text) for main
    entry9b.o(.ARM.Collect$$$$0000000C) refers to main.o(.text) for main
    uldiv.o(.text) refers to llushr.o(.text) for __aeabi_llsr
    uldiv.o(.text) refers to llshl.o(.text) for __aeabi_llsl
    depilogue.o(.text) refers to llshl.o(.text) for __aeabi_llsl
    depilogue.o(.text) refers to llushr.o(.text) for __aeabi_llsr
    dadd.o(.text) refers to llshl.o(.text) for __aeabi_llsl
    dadd.o(.text) refers to llsshr.o(.text) for __aeabi_lasr
    dadd.o(.text) refers to depilogue.o(.text) for _double_epilogue
    dmul.o(.text) refers to depilogue.o(.text) for _double_epilogue
    dfixul.o(.text) refers to llushr.o(.text) for __aeabi_llsr
    dfixul.o(.text) refers to llshl.o(.text) for __aeabi_llsl
    init.o(.text) refers to entry5.o(.ARM.Collect$$$$00000004) for __main_after_scatterload


==============================================================================

Removing Unused input sections from the image.

    Removing core_cm3.o(.emb_text), (32 bytes).
    Removing stm32f10x_exti.o(.text), (284 bytes).
    Removing stm32f10x_fsmc.o(.text), (1548 bytes).
    Removing startup_stm32f10x_hd.o(HEAP), (512 bytes).
    Removing dadd.o(.text), (334 bytes).
    Removing dmul.o(.text), (228 bytes).
    Removing dfixul.o(.text), (48 bytes).
    Removing cdrcmple.o(.text), (48 bytes).

8 unused section(s) (total 3034 bytes) removed from the image.

==============================================================================

Image Symbol Table

    Local Symbols

    Symbol Name                              Value     Ov Type        Size  Object(Section)

    ../clib/microlib/division.c              0x00000000   Number         0  uldiv.o ABSOLUTE
    ../clib/microlib/division.c              0x00000000   Number         0  uidiv.o ABSOLUTE
    ../clib/microlib/init/entry.s            0x00000000   Number         0  entry8b.o ABSOLUTE
    ../clib/microlib/init/entry.s            0x00000000   Number         0  entry9a.o ABSOLUTE
    ../clib/microlib/init/entry.s            0x00000000   Number         0  entry2.o ABSOLUTE
    ../clib/microlib/init/entry.s            0x00000000   Number         0  entry7a.o ABSOLUTE
    ../clib/microlib/init/entry.s            0x00000000   Number         0  entry11b.o ABSOLUTE
    ../clib/microlib/init/entry.s            0x00000000   Number         0  entry11a.o ABSOLUTE
    ../clib/microlib/init/entry.s            0x00000000   Number         0  entry9b.o ABSOLUTE
    ../clib/microlib/init/entry.s            0x00000000   Number         0  entry.o ABSOLUTE
    ../clib/microlib/init/entry.s            0x00000000   Number         0  entry10b.o ABSOLUTE
    ../clib/microlib/init/entry.s            0x00000000   Number         0  entry8a.o ABSOLUTE
    ../clib/microlib/init/entry.s            0x00000000   Number         0  entry5.o ABSOLUTE
    ../clib/microlib/init/entry.s            0x00000000   Number         0  entry10a.o ABSOLUTE
    ../clib/microlib/init/entry.s            0x00000000   Number         0  entry7b.o ABSOLUTE
    ../clib/microlib/longlong.c              0x00000000   Number         0  llshl.o ABSOLUTE
    ../clib/microlib/longlong.c              0x00000000   Number         0  llsshr.o ABSOLUTE
    ../clib/microlib/longlong.c              0x00000000   Number         0  llushr.o ABSOLUTE
    ../clib/microlib/printf/printf.c         0x00000000   Number         0  printf7.o ABSOLUTE
    ../clib/microlib/printf/printf.c         0x00000000   Number         0  printf1.o ABSOLUTE
    ../clib/microlib/printf/printf.c         0x00000000   Number         0  printf0.o ABSOLUTE
    ../clib/microlib/printf/printf.c         0x00000000   Number         0  printfb.o ABSOLUTE
    ../clib/microlib/printf/printf.c         0x00000000   Number         0  printf3.o ABSOLUTE
    ../clib/microlib/printf/printf.c         0x00000000   Number         0  printf5.o ABSOLUTE
    ../clib/microlib/printf/printf.c         0x00000000   Number         0  printf6.o ABSOLUTE
    ../clib/microlib/printf/printf.c         0x00000000   Number         0  printf8.o ABSOLUTE
    ../clib/microlib/printf/printf.c         0x00000000   Number         0  printf2.o ABSOLUTE
    ../clib/microlib/printf/printf.c         0x00000000   Number         0  printf4.o ABSOLUTE
    ../clib/microlib/printf/printf.c         0x00000000   Number         0  printfa.o ABSOLUTE
    ../clib/microlib/printf/stubs.s          0x00000000   Number         0  stubs.o ABSOLUTE
    ../clib/microlib/stdio/streams.c         0x00000000   Number         0  stdout.o ABSOLUTE
    ../clib/microlib/stubs.s                 0x00000000   Number         0  iusefp.o ABSOLUTE
    ../fplib/microlib/fpadd.c                0x00000000   Number         0  dadd.o ABSOLUTE
    ../fplib/microlib/fpdiv.c                0x00000000   Number         0  ddiv.o ABSOLUTE
    ../fplib/microlib/fpepilogue.c           0x00000000   Number         0  depilogue.o ABSOLUTE
    ../fplib/microlib/fpfix.c                0x00000000   Number         0  dfixi.o ABSOLUTE
    ../fplib/microlib/fpfix.c                0x00000000   Number         0  dfixul.o ABSOLUTE
    ../fplib/microlib/fpflt.c                0x00000000   Number         0  dflti.o ABSOLUTE
    ../fplib/microlib/fpmul.c                0x00000000   Number         0  dmul.o ABSOLUTE
    ..\\cmsis\\core_cm3.c                    0x00000000   Number         0  core_cm3.o ABSOLUTE
    ..\cmsis\core_cm3.c                      0x00000000   Number         0  core_cm3.o ABSOLUTE
    ..\cmsis\system_stm32f10x.c              0x00000000   Number         0  system_stm32f10x.o ABSOLUTE
    ..\driver\src\misc.c                     0x00000000   Number         0  misc.o ABSOLUTE
    ..\driver\src\stm32f10x_exti.c           0x00000000   Number         0  stm32f10x_exti.o ABSOLUTE
    ..\driver\src\stm32f10x_flash.c          0x00000000   Number         0  stm32f10x_flash.o ABSOLUTE
    ..\driver\src\stm32f10x_fsmc.c           0x00000000   Number         0  stm32f10x_fsmc.o ABSOLUTE
    ..\driver\src\stm32f10x_gpio.c           0x00000000   Number         0  stm32f10x_gpio.o ABSOLUTE
    ..\driver\src\stm32f10x_rcc.c            0x00000000   Number         0  stm32f10x_rcc.o ABSOLUTE
    ..\driver\src\stm32f10x_tim.c            0x00000000   Number         0  stm32f10x_tim.o ABSOLUTE
    ..\driver\src\stm32f10x_usart.c          0x00000000   Number         0  stm32f10x_usart.o ABSOLUTE
    ..\startup\startup_stm32f10x_hd.s        0x00000000   Number         0  startup_stm32f10x_hd.o ABSOLUTE
    ..\user\main.c                           0x00000000   Number         0  main.o ABSOLUTE
    ..\user\stm32f10x_it.c                   0x00000000   Number         0  stm32f10x_it.o ABSOLUTE
    cdrcmple.s                               0x00000000   Number         0  cdrcmple.o ABSOLUTE
    dc.s                                     0x00000000   Number         0  dc.o ABSOLUTE
    handlers.s                               0x00000000   Number         0  handlers.o ABSOLUTE
    init.s                                   0x00000000   Number         0  init.o ABSOLUTE
    RESET                                    0x08000000   Section      304  startup_stm32f10x_hd.o(RESET)
    .ARM.Collect$$$$00000000                 0x08000130   Section        0  entry.o(.ARM.Collect$$$$00000000)
    .ARM.Collect$$$$00000001                 0x08000130   Section        4  entry2.o(.ARM.Collect$$$$00000001)
    .ARM.Collect$$$$00000004                 0x08000134   Section        4  entry5.o(.ARM.Collect$$$$00000004)
    .ARM.Collect$$$$00000008                 0x08000138   Section        0  entry7b.o(.ARM.Collect$$$$00000008)
    .ARM.Collect$$$$0000000A                 0x08000138   Section        0  entry8b.o(.ARM.Collect$$$$0000000A)
    .ARM.Collect$$$$0000000B                 0x08000138   Section        8  entry9a.o(.ARM.Collect$$$$0000000B)
    .ARM.Collect$$$$0000000D                 0x08000140   Section        0  entry10a.o(.ARM.Collect$$$$0000000D)
    .ARM.Collect$$$$0000000F                 0x08000140   Section        0  entry11a.o(.ARM.Collect$$$$0000000F)
    .ARM.Collect$$$$00002712                 0x08000140   Section        4  entry2.o(.ARM.Collect$$$$00002712)
    __lit__00000000                          0x08000140   Data           4  entry2.o(.ARM.Collect$$$$00002712)
    .text                                    0x08000144   Section        0  system_stm32f10x.o(.text)
    SetSysClockTo72                          0x08000145   Thumb Code   214  system_stm32f10x.o(.text)
    SetSysClock                              0x0800021b   Thumb Code     8  system_stm32f10x.o(.text)
    .text                                    0x08000324   Section        0  misc.o(.text)
    .text                                    0x08000400   Section        0  stm32f10x_gpio.o(.text)
    .text                                    0x0800075c   Section        0  stm32f10x_rcc.o(.text)
    .text                                    0x08000b00   Section        0  stm32f10x_tim.o(.text)
    TI4_Config                               0x08000fa7   Thumb Code   130  stm32f10x_tim.o(.text)
    TI3_Config                               0x0800103b   Thumb Code   122  stm32f10x_tim.o(.text)
    TI2_Config                               0x080010cf   Thumb Code   130  stm32f10x_tim.o(.text)
    TI1_Config                               0x08001163   Thumb Code   108  stm32f10x_tim.o(.text)
    .text                                    0x0800191c   Section        0  stm32f10x_usart.o(.text)
    .text                                    0x08001d24   Section        0  stm32f10x_flash.o(.text)
    .text                                    0x080022e0   Section       36  startup_stm32f10x_hd.o(.text)
    .text                                    0x08002304   Section        0  main.o(.text)
    .text                                    0x080052b4   Section        0  stm32f10x_it.o(.text)
    .text                                    0x08005338   Section        0  ddiv.o(.text)
    .text                                    0x08005416   Section        0  dflti.o(.text)
    .text                                    0x08005438   Section        0  dfixi.o(.text)
    .text                                    0x08005476   Section        0  uidiv.o(.text)
    .text                                    0x080054a2   Section        0  llushr.o(.text)
    .text                                    0x080054c2   Section        0  depilogue.o(.text)
    .text                                    0x080054c2   Section        0  iusefp.o(.text)
    .text                                    0x0800557c   Section       36  init.o(.text)
    .text                                    0x080055a0   Section        0  llshl.o(.text)
    i.__0printf$1                            0x080055c0   Section        0  printf1.o(i.__0printf$1)
    i.__scatterload_copy                     0x080055e0   Section       14  handlers.o(i.__scatterload_copy)
    i.__scatterload_null                     0x080055ee   Section        2  handlers.o(i.__scatterload_null)
    i.__scatterload_zeroinit                 0x080055f0   Section       14  handlers.o(i.__scatterload_zeroinit)
    i._printf_core                           0x08005600   Section        0  printf1.o(i._printf_core)
    _printf_core                             0x08005601   Thumb Code   336  printf1.o(i._printf_core)
    .data                                    0x20000000   Section       20  system_stm32f10x.o(.data)
    .data                                    0x20000014   Section       20  stm32f10x_rcc.o(.data)
    APBAHBPrescTable                         0x20000014   Data          16  stm32f10x_rcc.o(.data)
    ADCPrescTable                            0x20000024   Data           4  stm32f10x_rcc.o(.data)
    .data                                    0x20000028   Section      109  main.o(.data)
    .data                                    0x20000098   Section        4  stdout.o(.data)
    .bss                                     0x2000009c   Section       52  main.o(.bss)
    STACK                                    0x200000d0   Section     1024  startup_stm32f10x_hd.o(STACK)

    Global Symbols

    Symbol Name                              Value     Ov Type        Size  Object(Section)

    BuildAttributes$$THM_ISAv4$P$D$K$B$S$PE$A:L22UL41UL21$X:L11$S22US41US21$IEEE1$IW$USESV6$~STKCKD$USESV7$~SHL$OSPACE$ROPI$EBA8$MICROLIB$REQ8$PRES8$EABIv2 0x00000000   Number         0  anon$$obj.o ABSOLUTE
    __ARM_use_no_argv                        0x00000000   Number         0  main.o ABSOLUTE
    _printf_a                                0x00000000   Number         0  stubs.o ABSOLUTE
    _printf_c                                0x00000000   Number         0  stubs.o ABSOLUTE
    _printf_charcount                        0x00000000   Number         0  stubs.o ABSOLUTE
    _printf_d                                0x00000000   Number         0  stubs.o ABSOLUTE
    _printf_e                                0x00000000   Number         0  stubs.o ABSOLUTE
    _printf_f                                0x00000000   Number         0  stubs.o ABSOLUTE
    _printf_flags                            0x00000000   Number         0  stubs.o ABSOLUTE
    _printf_fp_dec                           0x00000000   Number         0  stubs.o ABSOLUTE
    _printf_fp_hex                           0x00000000   Number         0  stubs.o ABSOLUTE
    _printf_g                                0x00000000   Number         0  stubs.o ABSOLUTE
    _printf_i                                0x00000000   Number         0  stubs.o ABSOLUTE
    _printf_int_dec                          0x00000000   Number         0  stubs.o ABSOLUTE
    _printf_l                                0x00000000   Number         0  stubs.o ABSOLUTE
    _printf_lc                               0x00000000   Number         0  stubs.o ABSOLUTE
    _printf_ll                               0x00000000   Number         0  stubs.o ABSOLUTE
    _printf_lld                              0x00000000   Number         0  stubs.o ABSOLUTE
    _printf_lli                              0x00000000   Number         0  stubs.o ABSOLUTE
    _printf_llo                              0x00000000   Number         0  stubs.o ABSOLUTE
    _printf_llu                              0x00000000   Number         0  stubs.o ABSOLUTE
    _printf_llx                              0x00000000   Number         0  stubs.o ABSOLUTE
    _printf_longlong_dec                     0x00000000   Number         0  stubs.o ABSOLUTE
    _printf_longlong_hex                     0x00000000   Number         0  stubs.o ABSOLUTE
    _printf_longlong_oct                     0x00000000   Number         0  stubs.o ABSOLUTE
    _printf_ls                               0x00000000   Number         0  stubs.o ABSOLUTE
    _printf_mbtowc                           0x00000000   Number         0  stubs.o ABSOLUTE
    _printf_n                                0x00000000   Number         0  stubs.o ABSOLUTE
    _printf_o                                0x00000000   Number         0  stubs.o ABSOLUTE
    _printf_p                                0x00000000   Number         0  stubs.o ABSOLUTE
    _printf_percent                          0x00000000   Number         0  stubs.o ABSOLUTE
    _printf_pre_padding                      0x00000000   Number         0  stubs.o ABSOLUTE
    _printf_return_value                     0x00000000   Number         0  stubs.o ABSOLUTE
    _printf_s                                0x00000000   Number         0  stubs.o ABSOLUTE
    _printf_sizespec                         0x00000000   Number         0  stubs.o ABSOLUTE
    _printf_str                              0x00000000   Number         0  stubs.o ABSOLUTE
    _printf_truncate_signed                  0x00000000   Number         0  stubs.o ABSOLUTE
    _printf_truncate_unsigned                0x00000000   Number         0  stubs.o ABSOLUTE
    _printf_u                                0x00000000   Number         0  stubs.o ABSOLUTE
    _printf_wc                               0x00000000   Number         0  stubs.o ABSOLUTE
    _printf_wctomb                           0x00000000   Number         0  stubs.o ABSOLUTE
    _printf_widthprec                        0x00000000   Number         0  stubs.o ABSOLUTE
    _printf_x                                0x00000000   Number         0  stubs.o ABSOLUTE
    __cpp_initialize__aeabi_                  - Undefined Weak Reference
    __cxa_finalize                            - Undefined Weak Reference
    __decompress                              - Undefined Weak Reference
    _clock_init                               - Undefined Weak Reference
    _microlib_exit                            - Undefined Weak Reference
    __Vectors_Size                           0x00000130   Number         0  startup_stm32f10x_hd.o ABSOLUTE
    __Vectors                                0x08000000   Data           4  startup_stm32f10x_hd.o(RESET)
    __Vectors_End                            0x08000130   Data           0  startup_stm32f10x_hd.o(RESET)
    __main                                   0x08000131   Thumb Code     0  entry.o(.ARM.Collect$$$$00000000)
    _main_stk                                0x08000131   Thumb Code     0  entry2.o(.ARM.Collect$$$$00000001)
    _main_scatterload                        0x08000135   Thumb Code     0  entry5.o(.ARM.Collect$$$$00000004)
    __main_after_scatterload                 0x08000139   Thumb Code     0  entry5.o(.ARM.Collect$$$$00000004)
    _main_clock                              0x08000139   Thumb Code     0  entry7b.o(.ARM.Collect$$$$00000008)
    _main_cpp_init                           0x08000139   Thumb Code     0  entry8b.o(.ARM.Collect$$$$0000000A)
    _main_init                               0x08000139   Thumb Code     0  entry9a.o(.ARM.Collect$$$$0000000B)
    __rt_final_cpp                           0x08000141   Thumb Code     0  entry10a.o(.ARM.Collect$$$$0000000D)
    __rt_final_exit                          0x08000141   Thumb Code     0  entry11a.o(.ARM.Collect$$$$0000000F)
    SystemInit                               0x08000223   Thumb Code    78  system_stm32f10x.o(.text)
    SystemCoreClockUpdate                    0x08000271   Thumb Code   142  system_stm32f10x.o(.text)
    NVIC_PriorityGroupConfig                 0x08000325   Thumb Code    10  misc.o(.text)
    NVIC_Init                                0x0800032f   Thumb Code   100  misc.o(.text)
    NVIC_SetVectorTable                      0x08000393   Thumb Code    14  misc.o(.text)
    NVIC_SystemLPConfig                      0x080003a1   Thumb Code    34  misc.o(.text)
    SysTick_CLKSourceConfig                  0x080003c3   Thumb Code    40  misc.o(.text)
    GPIO_DeInit                              0x08000401   Thumb Code   172  stm32f10x_gpio.o(.text)
    GPIO_AFIODeInit                          0x080004ad   Thumb Code    20  stm32f10x_gpio.o(.text)
    GPIO_Init                                0x080004c1   Thumb Code   278  stm32f10x_gpio.o(.text)
    GPIO_StructInit                          0x080005d7   Thumb Code    16  stm32f10x_gpio.o(.text)
    GPIO_ReadInputDataBit                    0x080005e7   Thumb Code    18  stm32f10x_gpio.o(.text)
    GPIO_ReadInputData                       0x080005f9   Thumb Code     8  stm32f10x_gpio.o(.text)
    GPIO_ReadOutputDataBit                   0x08000601   Thumb Code    18  stm32f10x_gpio.o(.text)
    GPIO_ReadOutputData                      0x08000613   Thumb Code     8  stm32f10x_gpio.o(.text)
    GPIO_SetBits                             0x0800061b   Thumb Code     4  stm32f10x_gpio.o(.text)
    GPIO_ResetBits                           0x0800061f   Thumb Code     4  stm32f10x_gpio.o(.text)
    GPIO_WriteBit                            0x08000623   Thumb Code    10  stm32f10x_gpio.o(.text)
    GPIO_Write                               0x0800062d   Thumb Code     4  stm32f10x_gpio.o(.text)
    GPIO_PinLockConfig                       0x08000631   Thumb Code    18  stm32f10x_gpio.o(.text)
    GPIO_EventOutputConfig                   0x08000643   Thumb Code    26  stm32f10x_gpio.o(.text)
    GPIO_EventOutputCmd                      0x0800065d   Thumb Code     6  stm32f10x_gpio.o(.text)
    GPIO_PinRemapConfig                      0x08000663   Thumb Code   138  stm32f10x_gpio.o(.text)
    GPIO_EXTILineConfig                      0x080006ed   Thumb Code    66  stm32f10x_gpio.o(.text)
    GPIO_ETH_MediaInterfaceConfig            0x0800072f   Thumb Code     8  stm32f10x_gpio.o(.text)
    RCC_DeInit                               0x0800075d   Thumb Code    64  stm32f10x_rcc.o(.text)
    RCC_HSEConfig                            0x0800079d   Thumb Code    70  stm32f10x_rcc.o(.text)
    RCC_GetFlagStatus                        0x080007e3   Thumb Code    56  stm32f10x_rcc.o(.text)
    RCC_WaitForHSEStartUp                    0x0800081b   Thumb Code    56  stm32f10x_rcc.o(.text)
    RCC_AdjustHSICalibrationValue            0x08000853   Thumb Code    20  stm32f10x_rcc.o(.text)
    RCC_HSICmd                               0x08000867   Thumb Code     6  stm32f10x_rcc.o(.text)
    RCC_PLLConfig                            0x0800086d   Thumb Code    24  stm32f10x_rcc.o(.text)
    RCC_PLLCmd                               0x08000885   Thumb Code     6  stm32f10x_rcc.o(.text)
    RCC_SYSCLKConfig                         0x0800088b   Thumb Code    18  stm32f10x_rcc.o(.text)
    RCC_GetSYSCLKSource                      0x0800089d   Thumb Code    10  stm32f10x_rcc.o(.text)
    RCC_HCLKConfig                           0x080008a7   Thumb Code    18  stm32f10x_rcc.o(.text)
    RCC_PCLK1Config                          0x080008b9   Thumb Code    18  stm32f10x_rcc.o(.text)
    RCC_PCLK2Config                          0x080008cb   Thumb Code    20  stm32f10x_rcc.o(.text)
    RCC_ITConfig                             0x080008df   Thumb Code    26  stm32f10x_rcc.o(.text)
    RCC_USBCLKConfig                         0x080008f9   Thumb Code     8  stm32f10x_rcc.o(.text)
    RCC_ADCCLKConfig                         0x08000901   Thumb Code    18  stm32f10x_rcc.o(.text)
    RCC_LSEConfig                            0x08000913   Thumb Code    50  stm32f10x_rcc.o(.text)
    RCC_LSICmd                               0x08000945   Thumb Code     6  stm32f10x_rcc.o(.text)
    RCC_RTCCLKConfig                         0x0800094b   Thumb Code    12  stm32f10x_rcc.o(.text)
    RCC_RTCCLKCmd                            0x08000957   Thumb Code     8  stm32f10x_rcc.o(.text)
    RCC_GetClocksFreq                        0x0800095f   Thumb Code   192  stm32f10x_rcc.o(.text)
    RCC_AHBPeriphClockCmd                    0x08000a1f   Thumb Code    26  stm32f10x_rcc.o(.text)
    RCC_APB2PeriphClockCmd                   0x08000a39   Thumb Code    26  stm32f10x_rcc.o(.text)
    RCC_APB1PeriphClockCmd                   0x08000a53   Thumb Code    26  stm32f10x_rcc.o(.text)
    RCC_APB2PeriphResetCmd                   0x08000a6d   Thumb Code    26  stm32f10x_rcc.o(.text)
    RCC_APB1PeriphResetCmd                   0x08000a87   Thumb Code    26  stm32f10x_rcc.o(.text)
    RCC_BackupResetCmd                       0x08000aa1   Thumb Code     8  stm32f10x_rcc.o(.text)
    RCC_ClockSecuritySystemCmd               0x08000aa9   Thumb Code     6  stm32f10x_rcc.o(.text)
    RCC_MCOConfig                            0x08000aaf   Thumb Code     6  stm32f10x_rcc.o(.text)
    RCC_ClearFlag                            0x08000ab5   Thumb Code    14  stm32f10x_rcc.o(.text)
    RCC_GetITStatus                          0x08000ac3   Thumb Code    20  stm32f10x_rcc.o(.text)
    RCC_ClearITPendingBit                    0x08000ad7   Thumb Code     6  stm32f10x_rcc.o(.text)
    TIM_DeInit                               0x08000b01   Thumb Code   424  stm32f10x_tim.o(.text)
    TIM_TimeBaseInit                         0x08000ca9   Thumb Code   122  stm32f10x_tim.o(.text)
    TIM_OC1Init                              0x08000d23   Thumb Code   132  stm32f10x_tim.o(.text)
    TIM_OC2Init                              0x08000da7   Thumb Code   154  stm32f10x_tim.o(.text)
    TIM_OC3Init                              0x08000e41   Thumb Code   150  stm32f10x_tim.o(.text)
    TIM_OC4Init                              0x08000ed7   Thumb Code   182  stm32f10x_tim.o(.text)
    TIM_SetIC4Prescaler                      0x08000f8d   Thumb Code    26  stm32f10x_tim.o(.text)
    TIM_SetIC3Prescaler                      0x08001029   Thumb Code    18  stm32f10x_tim.o(.text)
    TIM_SetIC2Prescaler                      0x080010b5   Thumb Code    26  stm32f10x_tim.o(.text)
    TIM_SetIC1Prescaler                      0x08001151   Thumb Code    18  stm32f10x_tim.o(.text)
    TIM_ICInit                               0x080011cf   Thumb Code   150  stm32f10x_tim.o(.text)
    TIM_PWMIConfig                           0x08001265   Thumb Code   124  stm32f10x_tim.o(.text)
    TIM_BDTRConfig                           0x080012e1   Thumb Code    32  stm32f10x_tim.o(.text)
    TIM_TimeBaseStructInit                   0x08001301   Thumb Code    18  stm32f10x_tim.o(.text)
    TIM_OCStructInit                         0x08001313   Thumb Code    20  stm32f10x_tim.o(.text)
    TIM_ICStructInit                         0x08001327   Thumb Code    18  stm32f10x_tim.o(.text)
    TIM_BDTRStructInit                       0x08001339   Thumb Code    40  stm32f10x_tim.o(.text)
    TIM_Cmd                                  0x08001361   Thumb Code    24  stm32f10x_tim.o(.text)
    TIM_CtrlPWMOutputs                       0x08001379   Thumb Code    30  stm32f10x_tim.o(.text)
    TIM_ITConfig                             0x08001397   Thumb Code    18  stm32f10x_tim.o(.text)
    TIM_GenerateEvent                        0x080013a9   Thumb Code     4  stm32f10x_tim.o(.text)
    TIM_DMAConfig                            0x080013ad   Thumb Code    10  stm32f10x_tim.o(.text)
    TIM_DMACmd                               0x080013b7   Thumb Code    18  stm32f10x_tim.o(.text)
    TIM_InternalClockConfig                  0x080013c9   Thumb Code    12  stm32f10x_tim.o(.text)
    TIM_SelectInputTrigger                   0x080013d5   Thumb Code    18  stm32f10x_tim.o(.text)
    TIM_ITRxExternalClockConfig              0x080013e7   Thumb Code    24  stm32f10x_tim.o(.text)
    TIM_TIxExternalClockConfig               0x080013ff   Thumb Code    62  stm32f10x_tim.o(.text)
    TIM_ETRConfig                            0x0800143d   Thumb Code    28  stm32f10x_tim.o(.text)
    TIM_ETRClockMode1Config                  0x08001459   Thumb Code    54  stm32f10x_tim.o(.text)
    TIM_ETRClockMode2Config                  0x0800148f   Thumb Code    32  stm32f10x_tim.o(.text)
    TIM_PrescalerConfig                      0x080014af   Thumb Code     6  stm32f10x_tim.o(.text)
    TIM_CounterModeConfig                    0x080014b5   Thumb Code    18  stm32f10x_tim.o(.text)
    TIM_EncoderInterfaceConfig               0x080014c7   Thumb Code    66  stm32f10x_tim.o(.text)
    TIM_ForcedOC1Config                      0x08001509   Thumb Code    18  stm32f10x_tim.o(.text)
    TIM_ForcedOC2Config                      0x0800151b   Thumb Code    26  stm32f10x_tim.o(.text)
    TIM_ForcedOC3Config                      0x08001535   Thumb Code    18  stm32f10x_tim.o(.text)
    TIM_ForcedOC4Config                      0x08001547   Thumb Code    26  stm32f10x_tim.o(.text)
    TIM_ARRPreloadConfig                     0x08001561   Thumb Code    24  stm32f10x_tim.o(.text)
    TIM_SelectCOM                            0x08001579   Thumb Code    24  stm32f10x_tim.o(.text)
    TIM_SelectCCDMA                          0x08001591   Thumb Code    24  stm32f10x_tim.o(.text)
    TIM_CCPreloadControl                     0x080015a9   Thumb Code    24  stm32f10x_tim.o(.text)
    TIM_OC1PreloadConfig                     0x080015c1   Thumb Code    18  stm32f10x_tim.o(.text)
    TIM_OC2PreloadConfig                     0x080015d3   Thumb Code    26  stm32f10x_tim.o(.text)
    TIM_OC3PreloadConfig                     0x080015ed   Thumb Code    18  stm32f10x_tim.o(.text)
    TIM_OC4PreloadConfig                     0x080015ff   Thumb Code    26  stm32f10x_tim.o(.text)
    TIM_OC1FastConfig                        0x08001619   Thumb Code    18  stm32f10x_tim.o(.text)
    TIM_OC2FastConfig                        0x0800162b   Thumb Code    26  stm32f10x_tim.o(.text)
    TIM_OC3FastConfig                        0x08001645   Thumb Code    18  stm32f10x_tim.o(.text)
    TIM_OC4FastConfig                        0x08001657   Thumb Code    26  stm32f10x_tim.o(.text)
    TIM_ClearOC1Ref                          0x08001671   Thumb Code    18  stm32f10x_tim.o(.text)
    TIM_ClearOC2Ref                          0x08001683   Thumb Code    24  stm32f10x_tim.o(.text)
    TIM_ClearOC3Ref                          0x0800169b   Thumb Code    18  stm32f10x_tim.o(.text)
    TIM_ClearOC4Ref                          0x080016ad   Thumb Code    24  stm32f10x_tim.o(.text)
    TIM_OC1PolarityConfig                    0x080016c5   Thumb Code    18  stm32f10x_tim.o(.text)
    TIM_OC1NPolarityConfig                   0x080016d7   Thumb Code    18  stm32f10x_tim.o(.text)
    TIM_OC2PolarityConfig                    0x080016e9   Thumb Code    26  stm32f10x_tim.o(.text)
    TIM_OC2NPolarityConfig                   0x08001703   Thumb Code    26  stm32f10x_tim.o(.text)
    TIM_OC3PolarityConfig                    0x0800171d   Thumb Code    26  stm32f10x_tim.o(.text)
    TIM_OC3NPolarityConfig                   0x08001737   Thumb Code    26  stm32f10x_tim.o(.text)
    TIM_OC4PolarityConfig                    0x08001751   Thumb Code    26  stm32f10x_tim.o(.text)
    TIM_CCxCmd                               0x0800176b   Thumb Code    30  stm32f10x_tim.o(.text)
    TIM_CCxNCmd                              0x08001789   Thumb Code    30  stm32f10x_tim.o(.text)
    TIM_SelectOCxM                           0x080017a7   Thumb Code    82  stm32f10x_tim.o(.text)
    TIM_UpdateDisableConfig                  0x080017f9   Thumb Code    24  stm32f10x_tim.o(.text)
    TIM_UpdateRequestConfig                  0x08001811   Thumb Code    24  stm32f10x_tim.o(.text)
    TIM_SelectHallSensor                     0x08001829   Thumb Code    24  stm32f10x_tim.o(.text)
    TIM_SelectOnePulseMode                   0x08001841   Thumb Code    18  stm32f10x_tim.o(.text)
    TIM_SelectOutputTrigger                  0x08001853   Thumb Code    18  stm32f10x_tim.o(.text)
    TIM_SelectSlaveMode                      0x08001865   Thumb Code    18  stm32f10x_tim.o(.text)
    TIM_SelectMasterSlaveMode                0x08001877   Thumb Code    18  stm32f10x_tim.o(.text)
    TIM_SetCounter                           0x08001889   Thumb Code     4  stm32f10x_tim.o(.text)
    TIM_SetAutoreload                        0x0800188d   Thumb Code     4  stm32f10x_tim.o(.text)
    TIM_SetCompare1                          0x08001891   Thumb Code     4  stm32f10x_tim.o(.text)
    TIM_SetCompare2                          0x08001895   Thumb Code     4  stm32f10x_tim.o(.text)
    TIM_SetCompare3                          0x08001899   Thumb Code     4  stm32f10x_tim.o(.text)
    TIM_SetCompare4                          0x0800189d   Thumb Code     6  stm32f10x_tim.o(.text)
    TIM_SetClockDivision                     0x080018a3   Thumb Code    18  stm32f10x_tim.o(.text)
    TIM_GetCapture1                          0x080018b5   Thumb Code     6  stm32f10x_tim.o(.text)
    TIM_GetCapture2                          0x080018bb   Thumb Code     6  stm32f10x_tim.o(.text)
    TIM_GetCapture3                          0x080018c1   Thumb Code     6  stm32f10x_tim.o(.text)
    TIM_GetCapture4                          0x080018c7   Thumb Code     8  stm32f10x_tim.o(.text)
    TIM_GetCounter                           0x080018cf   Thumb Code     6  stm32f10x_tim.o(.text)
    TIM_GetPrescaler                         0x080018d5   Thumb Code     6  stm32f10x_tim.o(.text)
    TIM_GetFlagStatus                        0x080018db   Thumb Code    18  stm32f10x_tim.o(.text)
    TIM_ClearFlag                            0x080018ed   Thumb Code     6  stm32f10x_tim.o(.text)
    TIM_GetITStatus                          0x080018f3   Thumb Code    34  stm32f10x_tim.o(.text)
    TIM_ClearITPendingBit                    0x08001915   Thumb Code     6  stm32f10x_tim.o(.text)
    USART_DeInit                             0x0800191d   Thumb Code   134  stm32f10x_usart.o(.text)
    USART_Init                               0x080019a3   Thumb Code   210  stm32f10x_usart.o(.text)
    USART_StructInit                         0x08001a75   Thumb Code    24  stm32f10x_usart.o(.text)
    USART_ClockInit                          0x08001a8d   Thumb Code    34  stm32f10x_usart.o(.text)
    USART_ClockStructInit                    0x08001aaf   Thumb Code    12  stm32f10x_usart.o(.text)
    USART_Cmd                                0x08001abb   Thumb Code    24  stm32f10x_usart.o(.text)
    USART_ITConfig                           0x08001ad3   Thumb Code    74  stm32f10x_usart.o(.text)
    USART_DMACmd                             0x08001b1d   Thumb Code    18  stm32f10x_usart.o(.text)
    USART_SetAddress                         0x08001b2f   Thumb Code    18  stm32f10x_usart.o(.text)
    USART_WakeUpConfig                       0x08001b41   Thumb Code    18  stm32f10x_usart.o(.text)
    USART_ReceiverWakeUpCmd                  0x08001b53   Thumb Code    24  stm32f10x_usart.o(.text)
    USART_LINBreakDetectLengthConfig         0x08001b6b   Thumb Code    18  stm32f10x_usart.o(.text)
    USART_LINCmd                             0x08001b7d   Thumb Code    24  stm32f10x_usart.o(.text)
    USART_SendData                           0x08001b95   Thumb Code     8  stm32f10x_usart.o(.text)
    USART_ReceiveData                        0x08001b9d   Thumb Code    10  stm32f10x_usart.o(.text)
    USART_SendBreak                          0x08001ba7   Thumb Code    10  stm32f10x_usart.o(.text)
    USART_SetGuardTime                       0x08001bb1   Thumb Code    16  stm32f10x_usart.o(.text)
    USART_SetPrescaler                       0x08001bc1   Thumb Code    16  stm32f10x_usart.o(.text)
    USART_SmartCardCmd                       0x08001bd1   Thumb Code    24  stm32f10x_usart.o(.text)
    USART_SmartCardNACKCmd                   0x08001be9   Thumb Code    24  stm32f10x_usart.o(.text)
    USART_HalfDuplexCmd                      0x08001c01   Thumb Code    24  stm32f10x_usart.o(.text)
    USART_OverSampling8Cmd                   0x08001c19   Thumb Code    22  stm32f10x_usart.o(.text)
    USART_OneBitMethodCmd                    0x08001c2f   Thumb Code    24  stm32f10x_usart.o(.text)
    USART_IrDAConfig                         0x08001c47   Thumb Code    18  stm32f10x_usart.o(.text)
    USART_IrDACmd                            0x08001c59   Thumb Code    24  stm32f10x_usart.o(.text)
    USART_GetFlagStatus                      0x08001c71   Thumb Code    26  stm32f10x_usart.o(.text)
    USART_ClearFlag                          0x08001c8b   Thumb Code    18  stm32f10x_usart.o(.text)
    USART_GetITStatus                        0x08001c9d   Thumb Code    84  stm32f10x_usart.o(.text)
    USART_ClearITPendingBit                  0x08001cf1   Thumb Code    52  stm32f10x_usart.o(.text)
    FLASH_SetLatency                         0x08001d25   Thumb Code    18  stm32f10x_flash.o(.text)
    FLASH_HalfCycleAccessCmd                 0x08001d37   Thumb Code    22  stm32f10x_flash.o(.text)
    FLASH_PrefetchBufferCmd                  0x08001d4d   Thumb Code    22  stm32f10x_flash.o(.text)
    FLASH_Unlock                             0x08001d63   Thumb Code    12  stm32f10x_flash.o(.text)
    FLASH_UnlockBank1                        0x08001d6f   Thumb Code    12  stm32f10x_flash.o(.text)
    FLASH_Lock                               0x08001d7b   Thumb Code    14  stm32f10x_flash.o(.text)
    FLASH_LockBank1                          0x08001d89   Thumb Code    14  stm32f10x_flash.o(.text)
    FLASH_GetBank1Status                     0x08001d97   Thumb Code    48  stm32f10x_flash.o(.text)
    FLASH_WaitForLastOperation               0x08001dc7   Thumb Code    38  stm32f10x_flash.o(.text)
    FLASH_ErasePage                          0x08001ded   Thumb Code    72  stm32f10x_flash.o(.text)
    FLASH_EraseAllPages                      0x08001e35   Thumb Code    68  stm32f10x_flash.o(.text)
    FLASH_WaitForLastBank1Operation          0x08001e79   Thumb Code    38  stm32f10x_flash.o(.text)
    FLASH_EraseAllBank1Pages                 0x08001e9f   Thumb Code    68  stm32f10x_flash.o(.text)
    FLASH_GetReadOutProtectionStatus         0x08001ee3   Thumb Code    20  stm32f10x_flash.o(.text)
    FLASH_EraseOptionBytes                   0x08001ef7   Thumb Code   150  stm32f10x_flash.o(.text)
    FLASH_ProgramWord                        0x08001f8d   Thumb Code   102  stm32f10x_flash.o(.text)
    FLASH_ProgramHalfWord                    0x08001ff3   Thumb Code    60  stm32f10x_flash.o(.text)
    FLASH_ProgramOptionByteData              0x0800202f   Thumb Code    72  stm32f10x_flash.o(.text)
    FLASH_EnableWriteProtection              0x08002077   Thumb Code   200  stm32f10x_flash.o(.text)
    FLASH_ReadOutProtection                  0x0800213f   Thumb Code   156  stm32f10x_flash.o(.text)
    FLASH_UserOptionByteConfig               0x080021db   Thumb Code    88  stm32f10x_flash.o(.text)
    FLASH_GetUserOptionByte                  0x08002233   Thumb Code     8  stm32f10x_flash.o(.text)
    FLASH_GetWriteProtectionOptionByte       0x0800223b   Thumb Code     6  stm32f10x_flash.o(.text)
    FLASH_GetPrefetchBufferStatus            0x08002241   Thumb Code    20  stm32f10x_flash.o(.text)
    FLASH_ITConfig                           0x08002255   Thumb Code    26  stm32f10x_flash.o(.text)
    FLASH_GetFlagStatus                      0x0800226f   Thumb Code    42  stm32f10x_flash.o(.text)
    FLASH_ClearFlag                          0x08002299   Thumb Code     6  stm32f10x_flash.o(.text)
    FLASH_GetStatus                          0x0800229f   Thumb Code    48  stm32f10x_flash.o(.text)
    Reset_Handler                            0x080022e1   Thumb Code     8  startup_stm32f10x_hd.o(.text)
    ADC1_2_IRQHandler                        0x080022fb   Thumb Code     0  startup_stm32f10x_hd.o(.text)
    ADC3_IRQHandler                          0x080022fb   Thumb Code     0  startup_stm32f10x_hd.o(.text)
    CAN1_RX1_IRQHandler                      0x080022fb   Thumb Code     0  startup_stm32f10x_hd.o(.text)
    CAN1_SCE_IRQHandler                      0x080022fb   Thumb Code     0  startup_stm32f10x_hd.o(.text)
    DMA1_Channel1_IRQHandler                 0x080022fb   Thumb Code     0  startup_stm32f10x_hd.o(.text)
    DMA1_Channel2_IRQHandler                 0x080022fb   Thumb Code     0  startup_stm32f10x_hd.o(.text)
    DMA1_Channel3_IRQHandler                 0x080022fb   Thumb Code     0  startup_stm32f10x_hd.o(.text)
    DMA1_Channel4_IRQHandler                 0x080022fb   Thumb Code     0  startup_stm32f10x_hd.o(.text)
    DMA1_Channel5_IRQHandler                 0x080022fb   Thumb Code     0  startup_stm32f10x_hd.o(.text)
    DMA1_Channel6_IRQHandler                 0x080022fb   Thumb Code     0  startup_stm32f10x_hd.o(.text)
    DMA1_Channel7_IRQHandler                 0x080022fb   Thumb Code     0  startup_stm32f10x_hd.o(.text)
    DMA2_Channel1_IRQHandler                 0x080022fb   Thumb Code     0  startup_stm32f10x_hd.o(.text)
    DMA2_Channel2_IRQHandler                 0x080022fb   Thumb Code     0  startup_stm32f10x_hd.o(.text)
    DMA2_Channel3_IRQHandler                 0x080022fb   Thumb Code     0  startup_stm32f10x_hd.o(.text)
    DMA2_Channel4_5_IRQHandler               0x080022fb   Thumb Code     0  startup_stm32f10x_hd.o(.text)
    EXTI0_IRQHandler                         0x080022fb   Thumb Code     0  startup_stm32f10x_hd.o(.text)
    EXTI15_10_IRQHandler                     0x080022fb   Thumb Code     0  startup_stm32f10x_hd.o(.text)
    EXTI2_IRQHandler                         0x080022fb   Thumb Code     0  startup_stm32f10x_hd.o(.text)
    EXTI3_IRQHandler                         0x080022fb   Thumb Code     0  startup_stm32f10x_hd.o(.text)
    EXTI4_IRQHandler                         0x080022fb   Thumb Code     0  startup_stm32f10x_hd.o(.text)
    EXTI9_5_IRQHandler                       0x080022fb   Thumb Code     0  startup_stm32f10x_hd.o(.text)
    FLASH_IRQHandler                         0x080022fb   Thumb Code     0  startup_stm32f10x_hd.o(.text)
    FSMC_IRQHandler                          0x080022fb   Thumb Code     0  startup_stm32f10x_hd.o(.text)
    I2C1_ER_IRQHandler                       0x080022fb   Thumb Code     0  startup_stm32f10x_hd.o(.text)
    I2C1_EV_IRQHandler                       0x080022fb   Thumb Code     0  startup_stm32f10x_hd.o(.text)
    I2C2_ER_IRQHandler                       0x080022fb   Thumb Code     0  startup_stm32f10x_hd.o(.text)
    I2C2_EV_IRQHandler                       0x080022fb   Thumb Code     0  startup_stm32f10x_hd.o(.text)
    PVD_IRQHandler                           0x080022fb   Thumb Code     0  startup_stm32f10x_hd.o(.text)
    RCC_IRQHandler                           0x080022fb   Thumb Code     0  startup_stm32f10x_hd.o(.text)
    RTCAlarm_IRQHandler                      0x080022fb   Thumb Code     0  startup_stm32f10x_hd.o(.text)
    RTC_IRQHandler                           0x080022fb   Thumb Code     0  startup_stm32f10x_hd.o(.text)
    SDIO_IRQHandler                          0x080022fb   Thumb Code     0  startup_stm32f10x_hd.o(.text)
    SPI1_IRQHandler                          0x080022fb   Thumb Code     0  startup_stm32f10x_hd.o(.text)
    SPI2_IRQHandler                          0x080022fb   Thumb Code     0  startup_stm32f10x_hd.o(.text)
    SPI3_IRQHandler                          0x080022fb   Thumb Code     0  startup_stm32f10x_hd.o(.text)
    TAMPER_IRQHandler                        0x080022fb   Thumb Code     0  startup_stm32f10x_hd.o(.text)
    TIM1_BRK_IRQHandler                      0x080022fb   Thumb Code     0  startup_stm32f10x_hd.o(.text)
    TIM1_CC_IRQHandler                       0x080022fb   Thumb Code     0  startup_stm32f10x_hd.o(.text)
    TIM1_TRG_COM_IRQHandler                  0x080022fb   Thumb Code     0  startup_stm32f10x_hd.o(.text)
    TIM1_UP_IRQHandler                       0x080022fb   Thumb Code     0  startup_stm32f10x_hd.o(.text)
    TIM4_IRQHandler                          0x080022fb   Thumb Code     0  startup_stm32f10x_hd.o(.text)
    TIM6_IRQHandler                          0x080022fb   Thumb Code     0  startup_stm32f10x_hd.o(.text)
    TIM7_IRQHandler                          0x080022fb   Thumb Code     0  startup_stm32f10x_hd.o(.text)
    TIM8_BRK_IRQHandler                      0x080022fb   Thumb Code     0  startup_stm32f10x_hd.o(.text)
    TIM8_CC_IRQHandler                       0x080022fb   Thumb Code     0  startup_stm32f10x_hd.o(.text)
    TIM8_TRG_COM_IRQHandler                  0x080022fb   Thumb Code     0  startup_stm32f10x_hd.o(.text)
    TIM8_UP_IRQHandler                       0x080022fb   Thumb Code     0  startup_stm32f10x_hd.o(.text)
    UART4_IRQHandler                         0x080022fb   Thumb Code     0  startup_stm32f10x_hd.o(.text)
    UART5_IRQHandler                         0x080022fb   Thumb Code     0  startup_stm32f10x_hd.o(.text)
    USART2_IRQHandler                        0x080022fb   Thumb Code     0  startup_stm32f10x_hd.o(.text)
    USART3_IRQHandler                        0x080022fb   Thumb Code     0  startup_stm32f10x_hd.o(.text)
    USBWakeUp_IRQHandler                     0x080022fb   Thumb Code     0  startup_stm32f10x_hd.o(.text)
    USB_HP_CAN1_TX_IRQHandler                0x080022fb   Thumb Code     0  startup_stm32f10x_hd.o(.text)
    USB_LP_CAN1_RX0_IRQHandler               0x080022fb   Thumb Code     0  startup_stm32f10x_hd.o(.text)
    WWDG_IRQHandler                          0x080022fb   Thumb Code     0  startup_stm32f10x_hd.o(.text)
    RCC_Configuration                        0x08002305   Thumb Code   158  main.o(.text)
    NVIC_Configuration                       0x080023a3   Thumb Code   134  main.o(.text)
    TIM2_Configure                           0x08002429   Thumb Code    66  main.o(.text)
    TIM3_Counter_Configure                   0x0800246b   Thumb Code    64  main.o(.text)
    TIM4_Configuration                       0x080024ab   Thumb Code    70  main.o(.text)
    TIM5_Configure                           0x080024f1   Thumb Code    60  main.o(.text)
    USART1_Configuration                     0x0800252d   Thumb Code    72  main.o(.text)
    GPIO_TCS230_Configure                    0x08002575   Thumb Code    26  main.o(.text)
    GPIO_USART1_Configure                    0x0800258f   Thumb Code    44  main.o(.text)
    GPIO_TIM3_Configure                      0x080025bb   Thumb Code    18  main.o(.text)
    GPIO_Dist_Config                         0x080025cd   Thumb Code    44  main.o(.text)
    GPIO_Motor_Config                        0x080025f9   Thumb Code    44  main.o(.text)
    GPIO_QTI_Config                          0x08002625   Thumb Code    24  main.o(.text)
    QTI_State                                0x0800263d   Thumb Code    14  main.o(.text)
    fputc                                    0x0800264b   Thumb Code    36  main.o(.text)
    delay_nus                                0x0800266f   Thumb Code    24  main.o(.text)
    delay_nms                                0x08002687   Thumb Code    24  main.o(.text)
    motor_motion1                            0x0800269f   Thumb Code    74  main.o(.text)
    TCS230_CurrentColor                      0x080026e9   Thumb Code   366  main.o(.text)
    TCS230_WhiteBalance                      0x08002857   Thumb Code   288  main.o(.text)
    Robot_checkColor                         0x08002977   Thumb Code   372  main.o(.text)
    GetDis                                   0x08002aeb   Thumb Code   248  main.o(.text)
    IsMLeftQtiBlack                          0x08002be3   Thumb Code    38  main.o(.text)
    IsMRightQtiBlack                         0x08002c09   Thumb Code    44  main.o(.text)
    PulseOut                                 0x08002c35   Thumb Code    30  main.o(.text)
    stop                                     0x08002c53   Thumb Code    68  main.o(.text)
    SpinLeft                                 0x08002c97   Thumb Code    30  main.o(.text)
    SpinRight                                0x08002cb5   Thumb Code    30  main.o(.text)
    TurnLeftAnyPulse                         0x08002cd3   Thumb Code    26  main.o(.text)
    TurnRightAnyPulse                        0x08002ced   Thumb Code    26  main.o(.text)
    findLline                                0x08002d07   Thumb Code    94  main.o(.text)
    findRline                                0x08002d65   Thumb Code    94  main.o(.text)
    PE0_state                                0x08002dc3   Thumb Code    12  main.o(.text)
    PE1_state                                0x08002dcf   Thumb Code    12  main.o(.text)
    PE2_state                                0x08002ddb   Thumb Code    12  main.o(.text)
    PE3_state                                0x08002de7   Thumb Code    12  main.o(.text)
    motor_motion2                            0x08002df3   Thumb Code    58  main.o(.text)
    Robot_hunting1                           0x08002e2d   Thumb Code   196  main.o(.text)
    Robot_hunting2                           0x08002ef1   Thumb Code   200  main.o(.text)
    Robot_hunting                            0x08002fb9   Thumb Code   194  main.o(.text)
    Peripheral_Init                          0x0800307b   Thumb Code    56  main.o(.text)
    TurnR_toBlackLine                        0x080030b3   Thumb Code    88  main.o(.text)
    TurnL_toBlackLine                        0x0800310b   Thumb Code    94  main.o(.text)
    Turn1_180                                0x08003169   Thumb Code    94  main.o(.text)
    Turn_180                                 0x080031c7   Thumb Code   106  main.o(.text)
    TurnRight_nDegree                        0x08003231   Thumb Code    18  main.o(.text)
    TurnLeft_nDegree                         0x08003243   Thumb Code    18  main.o(.text)
    Back_toBlack                             0x08003255   Thumb Code    56  main.o(.text)
    CCheck                                   0x0800328d   Thumb Code    34  main.o(.text)
    BCheck                                   0x080032af   Thumb Code    20  main.o(.text)
    ACheck                                   0x080032c3   Thumb Code    26  main.o(.text)
    ICheck                                   0x080032dd   Thumb Code   442  main.o(.text)
    HCheck                                   0x08003497   Thumb Code   314  main.o(.text)
    GCheck                                   0x080035d1   Thumb Code   322  main.o(.text)
    FCheck                                   0x08003713   Thumb Code   462  main.o(.text)
    ECheck                                   0x080038e1   Thumb Code    32  main.o(.text)
    DCheck                                   0x08003901   Thumb Code    20  main.o(.text)
    DownFirst                                0x08003915   Thumb Code   164  main.o(.text)
    DownSecond                               0x080039b9   Thumb Code   164  main.o(.text)
    Downthird                                0x08003a5d   Thumb Code   158  main.o(.text)
    DownFourth                               0x08003afb   Thumb Code    52  main.o(.text)
    DownFiveth                               0x08003b2f   Thumb Code    58  main.o(.text)
    GotoLine                                 0x08003b69   Thumb Code    56  main.o(.text)
    Gback                                    0x08003ba1   Thumb Code   302  main.o(.text)
    Hback                                    0x08003ccf   Thumb Code   226  main.o(.text)
    CarryGpoint                              0x08003db1   Thumb Code   402  main.o(.text)
    CarryHpoint                              0x08003f43   Thumb Code   448  main.o(.text)
    CarryCpoint                              0x08004103   Thumb Code   150  main.o(.text)
    CarryDpoint                              0x08004199   Thumb Code   162  main.o(.text)
    CarryEpoint                              0x0800423b   Thumb Code   156  main.o(.text)
    CarryBpoint                              0x080042d7   Thumb Code   150  main.o(.text)
    CarryApoint                              0x0800436d   Thumb Code   154  main.o(.text)
    goBackCenter                             0x08004407   Thumb Code   140  main.o(.text)
    moveBack                                 0x08004493   Thumb Code   116  main.o(.text)
    gotoG                                    0x08004507   Thumb Code   294  main.o(.text)
    gotoH                                    0x0800462d   Thumb Code   294  main.o(.text)
    RedCarry                                 0x08004753   Thumb Code   338  main.o(.text)
    WhiteCarry                               0x080048a5   Thumb Code   306  main.o(.text)
    YellowCarry                              0x080049d7   Thumb Code   302  main.o(.text)
    BlackCarry                               0x08004b05   Thumb Code   294  main.o(.text)
    BlueCarry                                0x08004c2b   Thumb Code   324  main.o(.text)
    StartCarryToScore                        0x08004d6f   Thumb Code   288  main.o(.text)
    CarryIpoint                              0x08004e8f   Thumb Code   302  main.o(.text)
    CarryFpoint                              0x08004fbd   Thumb Code   412  main.o(.text)
    GoStart                                  0x08005159   Thumb Code   130  main.o(.text)
    turn_back                                0x080051db   Thumb Code    14  main.o(.text)
    main                                     0x080051e9   Thumb Code   166  main.o(.text)
    NMI_Handler                              0x080052b5   Thumb Code     2  stm32f10x_it.o(.text)
    HardFault_Handler                        0x080052b7   Thumb Code     4  stm32f10x_it.o(.text)
    MemManage_Handler                        0x080052bb   Thumb Code     4  stm32f10x_it.o(.text)
    BusFault_Handler                         0x080052bf   Thumb Code     4  stm32f10x_it.o(.text)
    UsageFault_Handler                       0x080052c3   Thumb Code     4  stm32f10x_it.o(.text)
    SVC_Handler                              0x080052c7   Thumb Code     2  stm32f10x_it.o(.text)
    DebugMon_Handler                         0x080052c9   Thumb Code     2  stm32f10x_it.o(.text)
    PendSV_Handler                           0x080052cb   Thumb Code     2  stm32f10x_it.o(.text)
    SysTick_Handler                          0x080052cd   Thumb Code     2  stm32f10x_it.o(.text)
    USART1_IRQHandler                        0x080052cf   Thumb Code     2  stm32f10x_it.o(.text)
    EXTI1_IRQHandler                         0x080052d1   Thumb Code     2  stm32f10x_it.o(.text)
    TIM3_IRQHandler                          0x080052d3   Thumb Code    22  stm32f10x_it.o(.text)
    TIM2_IRQHandler                          0x080052e9   Thumb Code    32  stm32f10x_it.o(.text)
    TIM5_IRQHandler                          0x08005309   Thumb Code    32  stm32f10x_it.o(.text)
    __aeabi_ddiv                             0x08005339   Thumb Code   222  ddiv.o(.text)
    __aeabi_i2d                              0x08005417   Thumb Code    34  dflti.o(.text)
    __aeabi_d2iz                             0x08005439   Thumb Code    62  dfixi.o(.text)
    __aeabi_uidiv                            0x08005477   Thumb Code     0  uidiv.o(.text)
    __aeabi_uidivmod                         0x08005477   Thumb Code    44  uidiv.o(.text)
    __aeabi_llsr                             0x080054a3   Thumb Code    32  llushr.o(.text)
    _ll_ushift_r                             0x080054a3   Thumb Code     0  llushr.o(.text)
    __I$use$fp                               0x080054c3   Thumb Code     0  iusefp.o(.text)
    _double_round                            0x080054c3   Thumb Code    30  depilogue.o(.text)
    _double_epilogue                         0x080054e1   Thumb Code   156  depilogue.o(.text)
    __scatterload                            0x0800557d   Thumb Code    28  init.o(.text)
    __scatterload_rt2                        0x0800557d   Thumb Code     0  init.o(.text)
    __aeabi_llsl                             0x080055a1   Thumb Code    30  llshl.o(.text)
    _ll_shift_l                              0x080055a1   Thumb Code     0  llshl.o(.text)
    __0printf$1                              0x080055c1   Thumb Code    22  printf1.o(i.__0printf$1)
    __1printf$1                              0x080055c1   Thumb Code     0  printf1.o(i.__0printf$1)
    __2printf                                0x080055c1   Thumb Code     0  printf1.o(i.__0printf$1)
    __scatterload_copy                       0x080055e1   Thumb Code    14  handlers.o(i.__scatterload_copy)
    __scatterload_null                       0x080055ef   Thumb Code     2  handlers.o(i.__scatterload_null)
    __scatterload_zeroinit                   0x080055f1   Thumb Code    14  handlers.o(i.__scatterload_zeroinit)
    Region$$Table$$Base                      0x08005754   Number         0  anon$$obj.o(Region$$Table)
    Region$$Table$$Limit                     0x08005774   Number         0  anon$$obj.o(Region$$Table)
    SystemCoreClock                          0x20000000   Data           4  system_stm32f10x.o(.data)
    AHBPrescTable                            0x20000004   Data          16  system_stm32f10x.o(.data)
    HSEStartUpStatus                         0x20000028   Data           1  main.o(.data)
    GPIO_InitStructure                       0x2000002a   Data           4  main.o(.data)
    EXTI_InitStructure                       0x20000030   Data           8  main.o(.data)
    NVIC_InitStructure                       0x20000038   Data           4  main.o(.data)
    USART_ClockInitStructure                 0x2000003c   Data           8  main.o(.data)
    times                                    0x20000044   Data           2  main.o(.data)
    time                                     0x20000048   Data           4  main.o(.data)
    process                                  0x2000004c   Data           1  main.o(.data)
    Ahavesome                                0x2000004d   Data           1  main.o(.data)
    Bhavesome                                0x2000004e   Data           1  main.o(.data)
    Chavesome                                0x2000004f   Data           1  main.o(.data)
    Dhavesome                                0x20000050   Data           1  main.o(.data)
    Ehavesome                                0x20000051   Data           1  main.o(.data)
    Fhavesome                                0x20000052   Data           1  main.o(.data)
    Ghavesome                                0x20000053   Data           1  main.o(.data)
    Hhavesome                                0x20000054   Data           1  main.o(.data)
    Ihavesome                                0x20000055   Data           1  main.o(.data)
    pointsth                                 0x20000056   Data           1  main.o(.data)
    findsekuai                               0x20000057   Data           1  main.o(.data)
    Idone                                    0x20000058   Data           1  main.o(.data)
    sekuai                                   0x20000059   Data           1  main.o(.data)
    pcolor                                   0x2000005a   Data           3  main.o(.data)
    RGB                                      0x2000005d   Data           3  main.o(.data)
    hadedone                                 0x20000060   Data           4  main.o(.data)
    QTIS                                     0x20000064   Data           1  main.o(.data)
    color                                    0x20000068   Data           4  main.o(.data)
    distance                                 0x2000006c   Data           4  main.o(.data)
    speed                                    0x20000070   Data           4  main.o(.data)
    pulses                                   0x20000074   Data           4  main.o(.data)
    colorCheck                               0x20000078   Data           1  main.o(.data)
    i                                        0x20000079   Data           1  main.o(.data)
    j                                        0x2000007a   Data           1  main.o(.data)
    i1                                       0x2000007c   Data           4  main.o(.data)
    goal                                     0x20000080   Data           4  main.o(.data)
    a                                        0x20000084   Data           4  main.o(.data)
    count                                    0x20000088   Data           4  main.o(.data)
    LRp                                      0x2000008c   Data           4  main.o(.data)
    aim                                      0x20000090   Data           4  main.o(.data)
    have                                     0x20000094   Data           1  main.o(.data)
    __stdout                                 0x20000098   Data           4  stdout.o(.data)
    TIM_TimeBaseStructure                    0x2000009c   Data          10  main.o(.bss)
    TIM_OCInitStructure                      0x200000a6   Data          16  main.o(.bss)
    TIM_ICInitStructure                      0x200000b6   Data          10  main.o(.bss)
    USART_InitStructure                      0x200000c0   Data          16  main.o(.bss)
    __initial_sp                             0x200004d0   Data           0  startup_stm32f10x_hd.o(STACK)



==============================================================================

Memory Map of the image

  Image Entry point : 0x080022e1

  Load Region LR_1 (Base: 0x08000000, Size: 0x00005810, Max: 0xffffffff, ABSOLUTE)

    Execution Region ER_RO (Base: 0x08000000, Size: 0x00005774, Max: 0xffffffff, ABSOLUTE)

    Base Addr    Size         Type   Attr      Idx    E Section Name        Object

    0x08000000   0x00000130   Data   RO          218    RESET               startup_stm32f10x_hd.o
    0x08000130   0x00000000   Code   RO          265  * .ARM.Collect$$$$00000000  mc_w.l(entry.o)
    0x08000130   0x00000004   Code   RO          535    .ARM.Collect$$$$00000001  mc_w.l(entry2.o)
    0x08000134   0x00000004   Code   RO          538    .ARM.Collect$$$$00000004  mc_w.l(entry5.o)
    0x08000138   0x00000000   Code   RO          540    .ARM.Collect$$$$00000008  mc_w.l(entry7b.o)
    0x08000138   0x00000000   Code   RO          542    .ARM.Collect$$$$0000000A  mc_w.l(entry8b.o)
    0x08000138   0x00000008   Code   RO          543    .ARM.Collect$$$$0000000B  mc_w.l(entry9a.o)
    0x08000140   0x00000000   Code   RO          545    .ARM.Collect$$$$0000000D  mc_w.l(entry10a.o)
    0x08000140   0x00000000   Code   RO          547    .ARM.Collect$$$$0000000F  mc_w.l(entry11a.o)
    0x08000140   0x00000004   Code   RO          536    .ARM.Collect$$$$00002712  mc_w.l(entry2.o)
    0x08000144   0x000001e0   Code   RO           17    .text               system_stm32f10x.o
    0x08000324   0x000000dc   Code   RO          114    .text               misc.o
    0x08000400   0x0000035c   Code   RO          142    .text               stm32f10x_gpio.o
    0x0800075c   0x000003a4   Code   RO          154    .text               stm32f10x_rcc.o
    0x08000b00   0x00000e1a   Code   RO          168    .text               stm32f10x_tim.o
    0x0800191a   0x00000002   PAD
    0x0800191c   0x00000408   Code   RO          180    .text               stm32f10x_usart.o
    0x08001d24   0x000005bc   Code   RO          192    .text               stm32f10x_flash.o
    0x080022e0   0x00000024   Code   RO          219  * .text               startup_stm32f10x_hd.o
    0x08002304   0x00002fb0   Code   RO          223    .text               main.o
    0x080052b4   0x00000084   Code   RO          249    .text               stm32f10x_it.o
    0x08005338   0x000000de   Code   RO          529    .text               mf_w.l(ddiv.o)
    0x08005416   0x00000022   Code   RO          531    .text               mf_w.l(dflti.o)
    0x08005438   0x0000003e   Code   RO          533    .text               mf_w.l(dfixi.o)
    0x08005476   0x0000002c   Code   RO          550    .text               mc_w.l(uidiv.o)
    0x080054a2   0x00000020   Code   RO          554    .text               mc_w.l(llushr.o)
    0x080054c2   0x00000000   Code   RO          556    .text               mc_w.l(iusefp.o)
    0x080054c2   0x000000ba   Code   RO          557    .text               mf_w.l(depilogue.o)
    0x0800557c   0x00000024   Code   RO          567    .text               mc_w.l(init.o)
    0x080055a0   0x0000001e   Code   RO          569    .text               mc_w.l(llshl.o)
    0x080055be   0x00000002   PAD
    0x080055c0   0x00000020   Code   RO          313    i.__0printf$1       mc_w.l(printf1.o)
    0x080055e0   0x0000000e   Code   RO          575    i.__scatterload_copy  mc_w.l(handlers.o)
    0x080055ee   0x00000002   Code   RO          576    i.__scatterload_null  mc_w.l(handlers.o)
    0x080055f0   0x0000000e   Code   RO          577    i.__scatterload_zeroinit  mc_w.l(handlers.o)
    0x080055fe   0x00000002   PAD
    0x08005600   0x00000154   Code   RO          320    i._printf_core      mc_w.l(printf1.o)
    0x08005754   0x00000020   Data   RO          573    Region$$Table       anon$$obj.o


    Execution Region ER_RW (Base: 0x20000000, Size: 0x0000009c, Max: 0xffffffff, ABSOLUTE)

    Base Addr    Size         Type   Attr      Idx    E Section Name        Object

    0x20000000   0x00000014   Data   RW           18    .data               system_stm32f10x.o
    0x20000014   0x00000014   Data   RW          155    .data               stm32f10x_rcc.o
    0x20000028   0x0000006d   Data   RW          225    .data               main.o
    0x20000095   0x00000003   PAD
    0x20000098   0x00000004   Data   RW          549    .data               mc_w.l(stdout.o)


    Execution Region ER_ZI (Base: 0x2000009c, Size: 0x00000434, Max: 0xffffffff, ABSOLUTE)

    Base Addr    Size         Type   Attr      Idx    E Section Name        Object

    0x2000009c   0x00000034   Zero   RW          224    .bss                main.o
    0x200000d0   0x00000400   Zero   RW          216    STACK               startup_stm32f10x_hd.o


==============================================================================

Image component sizes


      Code (inc. data)   RO Data    RW Data    ZI Data      Debug   Object Name

         0          0          0          0          0       4528   core_cm3.o
     12208        640          0        109         52      23266   main.o
       220         22          0          0          0       1689   misc.o
        36          8        304          0       1024        760   startup_stm32f10x_hd.o
      1468         34          0          0          0       7918   stm32f10x_flash.o
       860         38          0          0          0       5533   stm32f10x_gpio.o
       132         16          0          0          0       1829   stm32f10x_it.o
       932         36          0         20          0       8664   stm32f10x_rcc.o
      3610         88          0          0          0      22020   stm32f10x_tim.o
      1032         22          0          0          0       8260   stm32f10x_usart.o
       480         38          0         20          0     258103   system_stm32f10x.o

    ----------------------------------------------------------------------
     20980        942        336        152       1076     342570   Object Totals
         0          0         32          0          0          0   (incl. Generated)
         2          0          0          3          0          0   (incl. Padding)

    ----------------------------------------------------------------------

      Code (inc. data)   RO Data    RW Data    ZI Data      Debug   Library Member Name

         0          0          0          0          0          0   entry.o
         0          0          0          0          0          0   entry10a.o
         0          0          0          0          0          0   entry11a.o
         8          4          0          0          0          0   entry2.o
         4          0          0          0          0          0   entry5.o
         0          0          0          0          0          0   entry7b.o
         0          0          0          0          0          0   entry8b.o
         8          4          0          0          0          0   entry9a.o
        30          0          0          0          0          0   handlers.o
        36          8          0          0          0         68   init.o
         0          0          0          0          0          0   iusefp.o
        30          0          0          0          0         68   llshl.o
        32          0          0          0          0         68   llushr.o
       372         14          0          0          0        184   printf1.o
         0          0          0          4          0          0   stdout.o
        44          0          0          0          0         80   uidiv.o
       222          0          0          0          0        100   ddiv.o
       186          0          0          0          0        176   depilogue.o
        62          0          0          0          0         80   dfixi.o
        34          0          0          0          0         76   dflti.o

    ----------------------------------------------------------------------
      1072         30          0          4          0        900   Library Totals
         4          0          0          0          0          0   (incl. Padding)

    ----------------------------------------------------------------------

      Code (inc. data)   RO Data    RW Data    ZI Data      Debug   Library Name

       564         30          0          4          0        468   mc_w.l
       504          0          0          0          0        432   mf_w.l

    ----------------------------------------------------------------------
      1072         30          0          4          0        900   Library Totals

    ----------------------------------------------------------------------

==============================================================================


      Code (inc. data)   RO Data    RW Data    ZI Data      Debug   

     22052        972        336        156       1076     342218   Grand Totals
     22052        972        336        156       1076     342218   ELF Image Totals
     22052        972        336        156          0          0   ROM Totals

==============================================================================

    Total RO  Size (Code + RO Data)                22388 (  21.86kB)
    Total RW  Size (RW Data + ZI Data)              1232 (   1.20kB)
    Total ROM Size (Code + RO Data + RW Data)      22544 (  22.02kB)

==============================================================================

